Archive member included to satisfy reference by file (symbol)

c:/program files (x86)/embitz/1.11/share/em_armgcc/bin/../lib/gcc/arm-none-eabi/5.4.1/armv7-m\libgcc.a(_aeabi_uldivmod.o)
                              obj\release\spl\src\delay.o (__aeabi_uldivmod)
c:/program files (x86)/embitz/1.11/share/em_armgcc/bin/../lib/gcc/arm-none-eabi/5.4.1/armv7-m\libgcc.a(_udivmoddi4.o)
                              c:/program files (x86)/embitz/1.11/share/em_armgcc/bin/../lib/gcc/arm-none-eabi/5.4.1/armv7-m\libgcc.a(_aeabi_uldivmod.o) (__udivmoddi4)
c:/program files (x86)/embitz/1.11/share/em_armgcc/bin/../lib/gcc/arm-none-eabi/5.4.1/armv7-m\libgcc.a(_dvmd_tls.o)
                              c:/program files (x86)/embitz/1.11/share/em_armgcc/bin/../lib/gcc/arm-none-eabi/5.4.1/armv7-m\libgcc.a(_aeabi_uldivmod.o) (__aeabi_ldiv0)
c:/program files (x86)/embitz/1.11/share/em_armgcc/bin/../lib/gcc/arm-none-eabi/5.4.1/../../../../arm-none-eabi/lib/armv7-m\libg_n.a(lib_a-exit.o)
                              c:/program files (x86)/embitz/1.11/share/em_armgcc/bin/../lib/gcc/arm-none-eabi/5.4.1/../../../../arm-none-eabi/lib/armv7-m/crt0.o (exit)
c:/program files (x86)/embitz/1.11/share/em_armgcc/bin/../lib/gcc/arm-none-eabi/5.4.1/../../../../arm-none-eabi/lib/armv7-m\libg_n.a(lib_a-impure.o)
                              c:/program files (x86)/embitz/1.11/share/em_armgcc/bin/../lib/gcc/arm-none-eabi/5.4.1/../../../../arm-none-eabi/lib/armv7-m\libg_n.a(lib_a-exit.o) (_global_impure_ptr)
c:/program files (x86)/embitz/1.11/share/em_armgcc/bin/../lib/gcc/arm-none-eabi/5.4.1/../../../../arm-none-eabi/lib/armv7-m\libg_n.a(lib_a-init.o)
                              c:/program files (x86)/embitz/1.11/share/em_armgcc/bin/../lib/gcc/arm-none-eabi/5.4.1/../../../../arm-none-eabi/lib/armv7-m/crt0.o (__libc_init_array)
c:/program files (x86)/embitz/1.11/share/em_armgcc/bin/../lib/gcc/arm-none-eabi/5.4.1/../../../../arm-none-eabi/lib/armv7-m\libg_n.a(lib_a-memset.o)
                              c:/program files (x86)/embitz/1.11/share/em_armgcc/bin/../lib/gcc/arm-none-eabi/5.4.1/../../../../arm-none-eabi/lib/armv7-m/crt0.o (memset)
c:/program files (x86)/embitz/1.11/share/em_armgcc/bin/../lib/gcc/arm-none-eabi/5.4.1/../../../../arm-none-eabi/lib/armv7-m\libg_n.a(lib_a-printf.o)
                              obj\release\src\main.o (printf)
c:/program files (x86)/embitz/1.11/share/em_armgcc/bin/../lib/gcc/arm-none-eabi/5.4.1/../../../../arm-none-eabi/lib/armv7-m\libg_n.a(lib_a-strchr.o)
                              obj\release\src\main.o (strchr)
c:/program files (x86)/embitz/1.11/share/em_armgcc/bin/../lib/gcc/arm-none-eabi/5.4.1/../../../../arm-none-eabi/lib/armv7-m\libg_n.a(lib_a-strcpy.o)
                              obj\release\src\main.o (strcpy)
c:/program files (x86)/embitz/1.11/share/em_armgcc/bin/../lib/gcc/arm-none-eabi/5.4.1/../../../../arm-none-eabi/lib/armv7-m\libg_n.a(lib_a-strlen.o)
                              obj\release\spl\src\flash.o (strlen)
c:/program files (x86)/embitz/1.11/share/em_armgcc/bin/../lib/gcc/arm-none-eabi/5.4.1/../../../../arm-none-eabi/lib/armv7-m\libg_n.a(lib_a-strstr.o)
                              obj\release\src\main.o (strstr)
c:/program files (x86)/embitz/1.11/share/em_armgcc/bin/../lib/gcc/arm-none-eabi/5.4.1/../../../../arm-none-eabi/lib/armv7-m\libg_n.a(lib_a-findfp.o)
                              c:/program files (x86)/embitz/1.11/share/em_armgcc/bin/../lib/gcc/arm-none-eabi/5.4.1/../../../../arm-none-eabi/lib/armv7-m\libg_n.a(lib_a-printf.o) (__sinit)
c:/program files (x86)/embitz/1.11/share/em_armgcc/bin/../lib/gcc/arm-none-eabi/5.4.1/../../../../arm-none-eabi/lib/armv7-m\libg_n.a(lib_a-fwalk.o)
                              c:/program files (x86)/embitz/1.11/share/em_armgcc/bin/../lib/gcc/arm-none-eabi/5.4.1/../../../../arm-none-eabi/lib/armv7-m\libg_n.a(lib_a-findfp.o) (_fwalk)
c:/program files (x86)/embitz/1.11/share/em_armgcc/bin/../lib/gcc/arm-none-eabi/5.4.1/../../../../arm-none-eabi/lib/armv7-m\libg_n.a(lib_a-nano-mallocr.o)
                              c:/program files (x86)/embitz/1.11/share/em_armgcc/bin/../lib/gcc/arm-none-eabi/5.4.1/../../../../arm-none-eabi/lib/armv7-m\libg_n.a(lib_a-findfp.o) (_malloc_r)
c:/program files (x86)/embitz/1.11/share/em_armgcc/bin/../lib/gcc/arm-none-eabi/5.4.1/../../../../arm-none-eabi/lib/armv7-m\libg_n.a(lib_a-nano-vfprintf.o)
                              c:/program files (x86)/embitz/1.11/share/em_armgcc/bin/../lib/gcc/arm-none-eabi/5.4.1/../../../../arm-none-eabi/lib/armv7-m\libg_n.a(lib_a-printf.o) (_vfprintf_r)
c:/program files (x86)/embitz/1.11/share/em_armgcc/bin/../lib/gcc/arm-none-eabi/5.4.1/../../../../arm-none-eabi/lib/armv7-m\libg_n.a(lib_a-nano-vfprintf_i.o)
                              c:/program files (x86)/embitz/1.11/share/em_armgcc/bin/../lib/gcc/arm-none-eabi/5.4.1/../../../../arm-none-eabi/lib/armv7-m\libg_n.a(lib_a-nano-vfprintf.o) (_printf_i)
[...]
Memory Configuration

Name             Origin             Length             Attributes
ROM              0x08000000         0x00010000         xr
RAM              0x20000000         0x00005000         xrw
*default*        0x00000000         0xffffffff

Linker script and memory map

LOAD c:/program files (x86)/embitz/1.11/share/em_armgcc/bin/../lib/gcc/arm-none-eabi/5.4.1/armv7-m/crti.o
LOAD c:/program files (x86)/embitz/1.11/share/em_armgcc/bin/../lib/gcc/arm-none-eabi/5.4.1/armv7-m/crtbegin.o
LOAD c:/program files (x86)/embitz/1.11/share/em_armgcc/bin/../lib/gcc/arm-none-eabi/5.4.1/../../../../arm-none-eabi/lib/armv7-m/crt0.o
                0x00000000                __HEAP_SIZE = 0x0
                0x00000100                __STACK_SIZE = 0x100

.text           0x08000000     0x22ac
 *(.isr_vector)
 .isr_vector    0x08000000       0xec obj\release\src\startup_stm32f10x_md.o
                0x08000000                __isr_vector
 *(.text*)
 .text          0x080000ec       0x5c c:/program files (x86)/embitz/1.11/share/em_armgcc/bin/../lib/gcc/arm-none-eabi/5.4.1/armv7-m/crtbegin.o
 .text          0x08000148       0x74 c:/program files (x86)/embitz/1.11/share/em_armgcc/bin/../lib/gcc/arm-none-eabi/5.4.1/../../../../arm-none-eabi/lib/armv7-m/crt0.o
                0x08000148                _start
                0x08000148                _mainCRTStartup
 .text.SysTick_Init
                0x080001bc       0x14 obj\release\spl\src\delay.o
                0x080001bc                SysTick_Init
 .text.SysTick_Handler
                0x080001d0       0x10 obj\release\spl\src\delay.o
                0x080001d0                SysTick_Handler
 .text.delay_ms
                0x080001e0       0x38 obj\release\spl\src\delay.o
                0x080001e0                delay_ms
 .text.UART1_Init_A9A10
                0x08000218       0x98 obj\release\spl\src\driver_uart.o
                0x08000218                UART1_Init_A9A10
 .text._write   0x080002b0       0x28 obj\release\spl\src\driver_uart.o
                0x080002b0                _write
 .text.UART3_Config
                0x080002d8       0x9c obj\release\spl\src\driver_uart.o
                0x080002d8                UART3_Config
 .text.UART_SendChar
                0x08000374       0x1c obj\release\spl\src\driver_uart.o
                0x08000374                UART_SendChar
 .text.UART_PutStr
                0x08000390       0x1c obj\release\spl\src\driver_uart.o
                0x08000390                UART_PutStr
 .text.USART_GetChar
                0x080003ac       0x1c obj\release\spl\src\driver_uart.o
                0x080003ac                USART_GetChar
 .text.USART3_IRQHandler
                0x080003c8       0x34 obj\release\spl\src\driver_uart.o
                0x080003c8                USART3_IRQHandler
 .text.USART1_IRQHandler
                0x080003fc       0x34 obj\release\spl\src\driver_uart.o
                0x080003fc                USART1_IRQHandler
 .text.Flash_Erase
                0x08000430       0x3c obj\release\spl\src\flash.o
                0x08000430                Flash_Erase
 .text.Flash_Write_Char
                0x0800046c       0x68 obj\release\spl\src\flash.o
                0x0800046c                Flash_Write_Char
 .text.Flash_ReadChar
                0x080004d4       0x3c obj\release\spl\src\flash.o
                0x080004d4                Flash_ReadChar
 .text.Flash_ProgramPage
                0x08000510       0x28 obj\release\spl\src\flash.o
                0x08000510                Flash_ProgramPage
 .text.NVIC_Init
                0x08000538       0x6c obj\release\spl\src\misc.o
                0x08000538                NVIC_Init
 .text.FLASH_UnlockBank1
                0x080005a4       0x18 obj\release\spl\src\stm32f10x_flash.o
                0x080005a4                FLASH_UnlockBank1
 .text.FLASH_Unlock
                0x080005bc        0x4 obj\release\spl\src\stm32f10x_flash.o
                0x080005bc                FLASH_Unlock
 .text.FLASH_LockBank1
                0x080005c0       0x10 obj\release\spl\src\stm32f10x_flash.o
                0x080005c0                FLASH_LockBank1
 .text.FLASH_Lock
                0x080005d0        0x4 obj\release\spl\src\stm32f10x_flash.o
                0x080005d0                FLASH_Lock
 .text.GPIO_Init
                0x080005d4       0xcc obj\release\spl\src\stm32f10x_gpio.o
                0x080005d4                GPIO_Init
 .text.GPIO_ReadInputDataBit
                0x080006a0        0xc obj\release\spl\src\stm32f10x_gpio.o
                0x080006a0                GPIO_ReadInputDataBit
 .text.GPIO_SetBits
                0x080006ac        0x4 obj\release\spl\src\stm32f10x_gpio.o
                0x080006ac                GPIO_SetBits
 .text.GPIO_ResetBits
                0x080006b0        0x4 obj\release\spl\src\stm32f10x_gpio.o
                0x080006b0                GPIO_ResetBits
 .text.RCC_GetClocksFreq
                0x080006b4       0x9c obj\release\spl\src\stm32f10x_rcc.o
                0x080006b4                RCC_GetClocksFreq
 .text.RCC_APB2PeriphClockCmd
                0x08000750       0x1c obj\release\spl\src\stm32f10x_rcc.o
                0x08000750                RCC_APB2PeriphClockCmd
 .text.RCC_APB1PeriphClockCmd
                0x0800076c       0x1c obj\release\spl\src\stm32f10x_rcc.o
                0x0800076c                RCC_APB1PeriphClockCmd
 .text.TIM_TimeBaseInit
                0x08000788       0xa4 obj\release\spl\src\stm32f10x_tim.o
                0x08000788                TIM_TimeBaseInit
 .text.TIM_Cmd  0x0800082c       0x1c obj\release\spl\src\stm32f10x_tim.o
                0x0800082c                TIM_Cmd
 .text.TIM_DMACmd
                0x08000848       0x14 obj\release\spl\src\stm32f10x_tim.o
                0x08000848                TIM_DMACmd
 .text.TIM_ITConfig
                0x0800085c        0x4 obj\release\spl\src\stm32f10x_tim.o
                0x0800085c                TIM_ITConfig
 .text.TIM_GetFlagStatus
                0x08000860        0xc obj\release\spl\src\stm32f10x_tim.o
                0x08000860                TIM_GetFlagStatus
 .text.TIM_ClearFlag
                0x0800086c        0x8 obj\release\spl\src\stm32f10x_tim.o
                0x0800086c                TIM_ClearFlag
 .text.USART_Init
                0x08000874       0xbc obj\release\spl\src\stm32f10x_usart.o
                0x08000874                USART_Init
 .text.USART_Cmd
                0x08000930       0x1c obj\release\spl\src\stm32f10x_usart.o
                0x08000930                USART_Cmd
 .text.USART_ITConfig
                0x0800094c       0x38 obj\release\spl\src\stm32f10x_usart.o
                0x0800094c                USART_ITConfig
 .text.USART_SendData
                0x08000984        0x8 obj\release\spl\src\stm32f10x_usart.o
                0x08000984                USART_SendData
 .text.USART_ReceiveData
                0x0800098c        0x8 obj\release\spl\src\stm32f10x_usart.o
                0x0800098c                USART_ReceiveData
 .text.USART_GetFlagStatus
                0x08000994        0xc obj\release\spl\src\stm32f10x_usart.o
                0x08000994                USART_GetFlagStatus
 .text.Process_Message.part.0
                0x080009a0       0x74 obj\release\src\main.o
 .text.Timer_Init
                0x08000a14       0x6c obj\release\src\main.o
                0x08000a14                Timer_Init
 .text.TIM2_IRQHandler
                0x08000a80       0x7c obj\release\src\main.o
                0x08000a80                TIM2_IRQHandler
 .text.Gpio_Init
                0x08000afc       0x8c obj\release\src\main.o
                0x08000afc                Gpio_Init
 .text.Button_Detect_Event
                0x08000b88       0x18 obj\release\src\main.o
                0x08000b88                Button_Detect_Event
 .text.Sensor_Detect_Event
                0x08000ba0       0x20 obj\release\src\main.o
                0x08000ba0                Sensor_Detect_Event
 .text.Task_Uart_Control_L298.part.1
                0x08000bc0      0x140 obj\release\src\main.o
 .text.Task_Pair_RF_Connect
                0x08000d00       0xb0 obj\release\src\main.o
                0x08000d00                Task_Pair_RF_Connect
 .text.Task_Ping_Status
                0x08000db0       0x38 obj\release\src\main.o
                0x08000db0                Task_Ping_Status
 .text.Task_Send_Sensor_Status
                0x08000de8       0x74 obj\release\src\main.o
                0x08000de8                Task_Send_Sensor_Status
 .text.Task_Button_Control_L298
                0x08000e5c      0x108 obj\release\src\main.o
                0x08000e5c                Task_Button_Control_L298
 .text.startup.main
                0x08000f64       0xdc obj\release\src\main.o
                0x08000f64                main
 .text          0x08001040       0xb8 obj\release\src\startup_stm32f10x_md.o
                0x08001040                Reset_Handler
                0x08001086                NMI_Handler
                0x08001088                HardFault_Handler
                0x0800108a                MemManage_Handler
                0x0800108c                BusFault_Handler
                0x0800108e                UsageFault_Handler
                0x08001090                SVC_Handler
                0x08001092                DebugMon_Handler
                0x08001094                PendSV_Handler
                0x08001098                Default_Handler
                0x0800109a                WWDG_IRQHandler
                0x0800109c                PVD_IRQHandler
                0x0800109e                TAMPER_IRQHandler
                0x080010a0                RTC_IRQHandler
                0x080010a2                FLASH_IRQHandler
                0x080010a4                RCC_IRQHandler
                0x080010a6                EXTI0_IRQHandler
                0x080010a8                EXTI1_IRQHandler
                0x080010aa                EXTI2_IRQHandler
                0x080010ac                EXTI3_IRQHandler
                0x080010ae                EXTI4_IRQHandler
                0x080010b0                DMA1_Channel1_IRQHandler
                0x080010b2                DMA1_Channel2_IRQHandler
                0x080010b4                DMA1_Channel3_IRQHandler
                0x080010b6                DMA1_Channel4_IRQHandler
                0x080010b8                DMA1_Channel5_IRQHandler
                0x080010ba                DMA1_Channel6_IRQHandler
                0x080010bc                DMA1_Channel7_IRQHandler
                0x080010be                ADC1_2_IRQHandler
                0x080010c0                USB_HP_CAN1_TX_IRQHandler
                0x080010c2                USB_LP_CAN1_RX0_IRQHandler
                0x080010c4                CAN1_RX1_IRQHandler
                0x080010c6                CAN1_SCE_IRQHandler
                0x080010c8                EXTI9_5_IRQHandler
                0x080010ca                TIM1_BRK_IRQHandler
                0x080010cc                TIM1_UP_IRQHandler
                0x080010ce                TIM1_TRG_COM_IRQHandler
                0x080010d0                TIM1_CC_IRQHandler
                0x080010d4                TIM3_IRQHandler
                0x080010d6                TIM4_IRQHandler
                0x080010d8                I2C1_EV_IRQHandler
                0x080010da                I2C1_ER_IRQHandler
                0x080010dc                I2C2_EV_IRQHandler
                0x080010de                I2C2_ER_IRQHandler
                0x080010e0                SPI1_IRQHandler
                0x080010e2                SPI2_IRQHandler
                0x080010e6                USART2_IRQHandler
                0x080010ea                EXTI15_10_IRQHandler
                0x080010ec                RTCAlarm_IRQHandler
                0x080010ee                USBWakeUp_IRQHandler
 .text.SystemInit
                0x080010f8      0x104 obj\release\src\system_stm32f10x.o
                0x080010f8                SystemInit
 .text.exit     0x080011fc       0x28 c:/program files (x86)/embitz/1.11/share/em_armgcc/bin/../lib/gcc/arm-none-eabi/5.4.1/../../../../arm-none-eabi/lib/armv7-m\libg_n.a(lib_a-exit.o)
                0x080011fc                exit
 .text.__libc_init_array
                0x08001224       0x4c c:/program files (x86)/embitz/1.11/share/em_armgcc/bin/../lib/gcc/arm-none-eabi/5.4.1/../../../../arm-none-eabi/lib/armv7-m\libg_n.a(lib_a-init.o)
                0x08001224                __libc_init_array
 .text.memset   0x08001270       0x10 c:/program files (x86)/embitz/1.11/share/em_armgcc/bin/../lib/gcc/arm-none-eabi/5.4.1/../../../../arm-none-eabi/lib/armv7-m\libg_n.a(lib_a-memset.o)
                0x08001270                memset
 .text.printf   0x08001280       0x30 c:/program files (x86)/embitz/1.11/share/em_armgcc/bin/../lib/gcc/arm-none-eabi/5.4.1/../../../../arm-none-eabi/lib/armv7-m\libg_n.a(lib_a-printf.o)
                0x08001280                iprintf
                0x08001280                printf
 .text.strchr   0x080012b0       0x1c c:/program files (x86)/embitz/1.11/share/em_armgcc/bin/../lib/gcc/arm-none-eabi/5.4.1/../../../../arm-none-eabi/lib/armv7-m\libg_n.a(lib_a-strchr.o)
                0x080012b0                strchr
 .text.strcpy   0x080012cc       0x10 c:/program files (x86)/embitz/1.11/share/em_armgcc/bin/../lib/gcc/arm-none-eabi/5.4.1/../../../../arm-none-eabi/lib/armv7-m\libg_n.a(lib_a-strcpy.o)
                0x080012cc                strcpy
 .text          0x080012dc       0x10 c:/program files (x86)/embitz/1.11/share/em_armgcc/bin/../lib/gcc/arm-none-eabi/5.4.1/../../../../arm-none-eabi/lib/armv7-m\libg_n.a(lib_a-strlen.o)
                0x080012dc                strlen
 .text.strstr   0x080012ec       0x34 c:/program files (x86)/embitz/1.11/share/em_armgcc/bin/../lib/gcc/arm-none-eabi/5.4.1/../../../../arm-none-eabi/lib/armv7-m\libg_n.a(lib_a-strstr.o)
                0x080012ec                strstr
 .text._cleanup_r
                0x08001320        0xc c:/program files (x86)/embitz/1.11/share/em_armgcc/bin/../lib/gcc/arm-none-eabi/5.4.1/../../../../arm-none-eabi/lib/armv7-m\libg_n.a(lib_a-findfp.o)
                0x08001320                _cleanup_r
 .text.std.isra.0
                0x0800132c       0x48 c:/program files (x86)/embitz/1.11/share/em_armgcc/bin/../lib/gcc/arm-none-eabi/5.4.1/../../../../arm-none-eabi/lib/armv7-m\libg_n.a(lib_a-findfp.o)
 .text.__sfmoreglue
                0x08001374       0x2c c:/program files (x86)/embitz/1.11/share/em_armgcc/bin/../lib/gcc/arm-none-eabi/5.4.1/../../../../arm-none-eabi/lib/armv7-m\libg_n.a(lib_a-findfp.o)
                0x08001374                __sfmoreglue
 .text.__sinit  0x080013a0       0x60 c:/program files (x86)/embitz/1.11/share/em_armgcc/bin/../lib/gcc/arm-none-eabi/5.4.1/../../../../arm-none-eabi/lib/armv7-m\libg_n.a(lib_a-findfp.o)
                0x080013a0                __sinit
 .text.__sfp    0x08001400       0x78 c:/program files (x86)/embitz/1.11/share/em_armgcc/bin/../lib/gcc/arm-none-eabi/5.4.1/../../../../arm-none-eabi/lib/armv7-m\libg_n.a(lib_a-findfp.o)
                0x08001400                __sfp
 .text._fwalk_reent
                0x08001478       0x3c c:/program files (x86)/embitz/1.11/share/em_armgcc/bin/../lib/gcc/arm-none-eabi/5.4.1/../../../../arm-none-eabi/lib/armv7-m\libg_n.a(lib_a-fwalk.o)
                0x08001478                _fwalk_reent
 .text._malloc_r
                0x080014b4       0xbc c:/program files (x86)/embitz/1.11/share/em_armgcc/bin/../lib/gcc/arm-none-eabi/5.4.1/../../../../arm-none-eabi/lib/armv7-m\libg_n.a(lib_a-nano-mallocr.o)
                0x080014b4                _malloc_r
 .text.__sfputc_r
                0x08001570       0x2c c:/program files (x86)/embitz/1.11/share/em_armgcc/bin/../lib/gcc/arm-none-eabi/5.4.1/../../../../arm-none-eabi/lib/armv7-m\libg_n.a(lib_a-nano-vfprintf.o)
 .text.__sfputs_r
                0x0800159c       0x24 c:/program files (x86)/embitz/1.11/share/em_armgcc/bin/../lib/gcc/arm-none-eabi/5.4.1/../../../../arm-none-eabi/lib/armv7-m\libg_n.a(lib_a-nano-vfprintf.o)
                0x0800159c                __sfputs_r
 .text._vfprintf_r
                0x080015c0      0x238 c:/program files (x86)/embitz/1.11/share/em_armgcc/bin/../lib/gcc/arm-none-eabi/5.4.1/../../../../arm-none-eabi/lib/armv7-m\libg_n.a(lib_a-nano-vfprintf.o)
                0x080015c0                _vfprintf_r
                0x080015c0                _vfiprintf_r
 .text._printf_common
                0x080017f8       0xec c:/program files (x86)/embitz/1.11/share/em_armgcc/bin/../lib/gcc/arm-none-eabi/5.4.1/../../../../arm-none-eabi/lib/armv7-m\libg_n.a(lib_a-nano-vfprintf_i.o)
                0x080017f8                _printf_common
 .text._printf_i
                0x080018e4      0x24c c:/program files (x86)/embitz/1.11/share/em_armgcc/bin/../lib/gcc/arm-none-eabi/5.4.1/../../../../arm-none-eabi/lib/armv7-m\libg_n.a(lib_a-nano-vfprintf_i.o)
                0x080018e4                _printf_i
 .text._sbrk_r  0x08001b30       0x20 c:/program files (x86)/embitz/1.11/share/em_armgcc/bin/../lib/gcc/arm-none-eabi/5.4.1/../../../../arm-none-eabi/lib/armv7-m\libg_n.a(lib_a-sbrkr.o)
                0x08001b30                _sbrk_r
 .text.__sread  0x08001b50       0x22 c:/program files (x86)/embitz/1.11/share/em_armgcc/bin/../lib/gcc/arm-none-eabi/5.4.1/../../../../arm-none-eabi/lib/armv7-m\libg_n.a(lib_a-stdio.o)
                0x08001b50                __sread
 .text.__swrite
                0x08001b72       0x38 c:/program files (x86)/embitz/1.11/share/em_armgcc/bin/../lib/gcc/arm-none-eabi/5.4.1/../../../../arm-none-eabi/lib/armv7-m\libg_n.a(lib_a-stdio.o)
                0x08001b72                __swrite
 .text.__sseek  0x08001baa       0x24 c:/program files (x86)/embitz/1.11/share/em_armgcc/bin/../lib/gcc/arm-none-eabi/5.4.1/../../../../arm-none-eabi/lib/armv7-m\libg_n.a(lib_a-stdio.o)
                0x08001baa                __sseek
 .text.__sclose
                0x08001bce        0x8 c:/program files (x86)/embitz/1.11/share/em_armgcc/bin/../lib/gcc/arm-none-eabi/5.4.1/../../../../arm-none-eabi/lib/armv7-m\libg_n.a(lib_a-stdio.o)
                0x08001bce                __sclose
 *fill*         0x08001bd6        0x2 
 .text.__swbuf_r
                0x08001bd8       0xa8 c:/program files (x86)/embitz/1.11/share/em_armgcc/bin/../lib/gcc/arm-none-eabi/5.4.1/../../../../arm-none-eabi/lib/armv7-m\libg_n.a(lib_a-wbuf.o)
                0x08001bd8                __swbuf_r
 .text._write_r
                0x08001c80       0x24 c:/program files (x86)/embitz/1.11/share/em_armgcc/bin/../lib/gcc/arm-none-eabi/5.4.1/../../../../arm-none-eabi/lib/armv7-m\libg_n.a(lib_a-writer.o)
                0x08001c80                _write_r
 .text.__swsetup_r
                0x08001ca4       0xdc c:/program files (x86)/embitz/1.11/share/em_armgcc/bin/../lib/gcc/arm-none-eabi/5.4.1/../../../../arm-none-eabi/lib/armv7-m\libg_n.a(lib_a-wsetup.o)
                0x08001ca4                __swsetup_r
 .text._close_r
                0x08001d80       0x20 c:/program files (x86)/embitz/1.11/share/em_armgcc/bin/../lib/gcc/arm-none-eabi/5.4.1/../../../../arm-none-eabi/lib/armv7-m\libg_n.a(lib_a-closer.o)
                0x08001d80                _close_r
 .text.__sflush_r
                0x08001da0      0x10c c:/program files (x86)/embitz/1.11/share/em_armgcc/bin/../lib/gcc/arm-none-eabi/5.4.1/../../../../arm-none-eabi/lib/armv7-m\libg_n.a(lib_a-fflush.o)
                0x08001da0                __sflush_r
 .text._fflush_r
                0x08001eac       0x54 c:/program files (x86)/embitz/1.11/share/em_armgcc/bin/../lib/gcc/arm-none-eabi/5.4.1/../../../../arm-none-eabi/lib/armv7-m\libg_n.a(lib_a-fflush.o)
                0x08001eac                _fflush_r
 .text._lseek_r
                0x08001f00       0x24 c:/program files (x86)/embitz/1.11/share/em_armgcc/bin/../lib/gcc/arm-none-eabi/5.4.1/../../../../arm-none-eabi/lib/armv7-m\libg_n.a(lib_a-lseekr.o)
                0x08001f00                _lseek_r
 .text.__swhatbuf_r
                0x08001f24       0x46 c:/program files (x86)/embitz/1.11/share/em_armgcc/bin/../lib/gcc/arm-none-eabi/5.4.1/../../../../arm-none-eabi/lib/armv7-m\libg_n.a(lib_a-makebuf.o)
                0x08001f24                __swhatbuf_r
 *fill*         0x08001f6a        0x2 
 .text.__smakebuf_r
                0x08001f6c       0x78 c:/program files (x86)/embitz/1.11/share/em_armgcc/bin/../lib/gcc/arm-none-eabi/5.4.1/../../../../arm-none-eabi/lib/armv7-m\libg_n.a(lib_a-makebuf.o)
                0x08001f6c                __smakebuf_r
 .text.memchr   0x08001fe4       0x1c c:/program files (x86)/embitz/1.11/share/em_armgcc/bin/../lib/gcc/arm-none-eabi/5.4.1/../../../../arm-none-eabi/lib/armv7-m\libg_n.a(lib_a-memchr-stub.o)
                0x08001fe4                memchr
 .text.__malloc_lock
                0x08002000        0x2 c:/program files (x86)/embitz/1.11/share/em_armgcc/bin/../lib/gcc/arm-none-eabi/5.4.1/../../../../arm-none-eabi/lib/armv7-m\libg_n.a(lib_a-mlock.o)
                0x08002000                __malloc_lock
 .text.__malloc_unlock
                0x08002002        0x2 c:/program files (x86)/embitz/1.11/share/em_armgcc/bin/../lib/gcc/arm-none-eabi/5.4.1/../../../../arm-none-eabi/lib/armv7-m\libg_n.a(lib_a-mlock.o)
                0x08002002                __malloc_unlock
 .text._free_r  0x08002004       0x98 c:/program files (x86)/embitz/1.11/share/em_armgcc/bin/../lib/gcc/arm-none-eabi/5.4.1/../../../../arm-none-eabi/lib/armv7-m\libg_n.a(lib_a-nano-freer.o)
                0x08002004                _free_r
 .text._read_r  0x0800209c       0x24 c:/program files (x86)/embitz/1.11/share/em_armgcc/bin/../lib/gcc/arm-none-eabi/5.4.1/../../../../arm-none-eabi/lib/armv7-m\libg_n.a(lib_a-readr.o)
                0x0800209c                _read_r
 .text._fstat_r
                0x080020c0       0x24 c:/program files (x86)/embitz/1.11/share/em_armgcc/bin/../lib/gcc/arm-none-eabi/5.4.1/../../../../arm-none-eabi/lib/armv7-m\libg_n.a(lib_a-fstatr.o)
                0x080020c0                _fstat_r
 .text._isatty_r
                0x080020e4       0x20 c:/program files (x86)/embitz/1.11/share/em_armgcc/bin/../lib/gcc/arm-none-eabi/5.4.1/../../../../arm-none-eabi/lib/armv7-m\libg_n.a(lib_a-isattyr.o)
                0x080020e4                _isatty_r
 .text._close   0x08002104       0x10 c:/program files (x86)/embitz/1.11/share/em_armgcc/bin/../lib/gcc/arm-none-eabi/5.4.1/../../../../arm-none-eabi/lib/armv7-m\libnosys_s.a(close.o)
                0x08002104                _close
 .text._fstat   0x08002114       0x10 c:/program files (x86)/embitz/1.11/share/em_armgcc/bin/../lib/gcc/arm-none-eabi/5.4.1/../../../../arm-none-eabi/lib/armv7-m\libnosys_s.a(fstat.o)
                0x08002114                _fstat
 .text._isatty  0x08002124       0x10 c:/program files (x86)/embitz/1.11/share/em_armgcc/bin/../lib/gcc/arm-none-eabi/5.4.1/../../../../arm-none-eabi/lib/armv7-m\libnosys_s.a(isatty.o)
                0x08002124                _isatty
 .text._lseek   0x08002134       0x10 c:/program files (x86)/embitz/1.11/share/em_armgcc/bin/../lib/gcc/arm-none-eabi/5.4.1/../../../../arm-none-eabi/lib/armv7-m\libnosys_s.a(lseek.o)
                0x08002134                _lseek
 .text._read    0x08002144       0x10 c:/program files (x86)/embitz/1.11/share/em_armgcc/bin/../lib/gcc/arm-none-eabi/5.4.1/../../../../arm-none-eabi/lib/armv7-m\libnosys_s.a(read.o)
                0x08002144                _read
 .text._sbrk    0x08002154       0x1c c:/program files (x86)/embitz/1.11/share/em_armgcc/bin/../lib/gcc/arm-none-eabi/5.4.1/../../../../arm-none-eabi/lib/armv7-m\libnosys_s.a(sbrk.o)
                0x08002154                _sbrk
 .text._exit    0x08002170        0x2 c:/program files (x86)/embitz/1.11/share/em_armgcc/bin/../lib/gcc/arm-none-eabi/5.4.1/../../../../arm-none-eabi/lib/armv7-m\libnosys_s.a(_exit.o)
                0x08002170                _exit
 *(.init)
 *fill*         0x08002172        0x2 
 .init          0x08002174        0x4 c:/program files (x86)/embitz/1.11/share/em_armgcc/bin/../lib/gcc/arm-none-eabi/5.4.1/armv7-m/crti.o
                0x08002174                _init
 .init          0x08002178        0x8 c:/program files (x86)/embitz/1.11/share/em_armgcc/bin/../lib/gcc/arm-none-eabi/5.4.1/armv7-m/crtn.o
 *(.fini)
 .fini          0x08002180        0x4 c:/program files (x86)/embitz/1.11/share/em_armgcc/bin/../lib/gcc/arm-none-eabi/5.4.1/armv7-m/crti.o
                0x08002180                _fini
 .fini          0x08002184        0x8 c:/program files (x86)/embitz/1.11/share/em_armgcc/bin/../lib/gcc/arm-none-eabi/5.4.1/armv7-m/crtn.o
 *crtbegin.o(.ctors)
 *crtbegin?.o(.ctors)
 *(EXCLUDE_FILE(*crtend.o *crtend?.o) .ctors)
 *(SORT(.ctors.*))
 *(.ctors)
 *crtbegin.o(.dtors)
 *crtbegin?.o(.dtors)
 *(EXCLUDE_FILE(*crtend.o *crtend?.o) .dtors)
 *(SORT(.dtors.*))
 *(.dtors)
 *(.rodata*)
 .rodata.str1.4
                0x0800218c       0x80 obj\release\src\main.o
                                 0x7d (size before relaxing)
 .rodata.str1.1
                0x0800220c        0x2 c:/program files (x86)/embitz/1.11/share/em_armgcc/bin/../lib/gcc/arm-none-eabi/5.4.1/../../../../arm-none-eabi/lib/armv7-m\libg_n.a(lib_a-impure.o)
 *fill*         0x0800220e        0x2 
 .rodata._global_impure_ptr
                0x08002210        0x4 c:/program files (x86)/embitz/1.11/share/em_armgcc/bin/../lib/gcc/arm-none-eabi/5.4.1/../../../../arm-none-eabi/lib/armv7-m\libg_n.a(lib_a-impure.o)
                0x08002210                _global_impure_ptr
 .rodata.__sf_fake_stdin
                0x08002214       0x20 c:/program files (x86)/embitz/1.11/share/em_armgcc/bin/../lib/gcc/arm-none-eabi/5.4.1/../../../../arm-none-eabi/lib/armv7-m\libg_n.a(lib_a-findfp.o)
                0x08002214                __sf_fake_stdin
 .rodata.__sf_fake_stdout
                0x08002234       0x20 c:/program files (x86)/embitz/1.11/share/em_armgcc/bin/../lib/gcc/arm-none-eabi/5.4.1/../../../../arm-none-eabi/lib/armv7-m\libg_n.a(lib_a-findfp.o)
                0x08002234                __sf_fake_stdout
 .rodata.__sf_fake_stderr
                0x08002254       0x20 c:/program files (x86)/embitz/1.11/share/em_armgcc/bin/../lib/gcc/arm-none-eabi/5.4.1/../../../../arm-none-eabi/lib/armv7-m\libg_n.a(lib_a-findfp.o)
                0x08002254                __sf_fake_stderr
 .rodata.str1.1
                0x08002274       0x11 c:/program files (x86)/embitz/1.11/share/em_armgcc/bin/../lib/gcc/arm-none-eabi/5.4.1/../../../../arm-none-eabi/lib/armv7-m\libg_n.a(lib_a-nano-vfprintf.o)
 .rodata.str1.1
                0x08002285       0x22 c:/program files (x86)/embitz/1.11/share/em_armgcc/bin/../lib/gcc/arm-none-eabi/5.4.1/../../../../arm-none-eabi/lib/armv7-m\libg_n.a(lib_a-nano-vfprintf_i.o)
 *(.eh_frame*)
 *fill*         0x080022a7        0x1 
 .eh_frame      0x080022a8        0x0 c:/program files (x86)/embitz/1.11/share/em_armgcc/bin/../lib/gcc/arm-none-eabi/5.4.1/armv7-m/crtbegin.o
 .eh_frame      0x080022a8        0x4 c:/program files (x86)/embitz/1.11/share/em_armgcc/bin/../lib/gcc/arm-none-eabi/5.4.1/armv7-m/crtend.o

.glue_7         0x080022ac        0x0
 .glue_7        0x080022ac        0x0 linker stubs

.glue_7t        0x080022ac        0x0
 .glue_7t       0x080022ac        0x0 linker stubs

.vfp11_veneer   0x080022ac        0x0
 .vfp11_veneer  0x080022ac        0x0 linker stubs

.v4_bx          0x080022ac        0x0
 .v4_bx         0x080022ac        0x0 linker stubs

.iplt           0x080022ac        0x0
 .iplt          0x080022ac        0x0 c:/program files (x86)/embitz/1.11/share/em_armgcc/bin/../lib/gcc/arm-none-eabi/5.4.1/armv7-m/crtbegin.o

.ARM.extab
 *(.ARM.extab* .gnu.linkonce.armextab.*)
                0x080022ac                __exidx_start = .

.ARM.exidx      0x080022ac        0x8
 *(.ARM.exidx* .gnu.linkonce.armexidx.*)
 .ARM.exidx     0x080022ac        0x8 c:/program files (x86)/embitz/1.11/share/em_armgcc/bin/../lib/gcc/arm-none-eabi/5.4.1/../../../../arm-none-eabi/lib/armv7-m/crt0.o
                0x080022b4                __exidx_end = .
                0x080022b4                __etext = .

.rel.dyn        0x080022b4        0x0
 .rel.iplt      0x080022b4        0x0 c:/program files (x86)/embitz/1.11/share/em_armgcc/bin/../lib/gcc/arm-none-eabi/5.4.1/armv7-m/crtbegin.o

.data           0x20000000       0x8c load address 0x080022b4
                0x20000000                __data_start__ = .
 *(vtable)
 *(.data*)
 .data.SysTickCounter
                0x20000000        0x4 obj\release\spl\src\delay.o
                0x20000000                SysTickCounter
 .data.ADCPrescTable
                0x20000004        0x4 obj\release\spl\src\stm32f10x_rcc.o
 .data.APBAHBPrescTable
                0x20000008       0x10 obj\release\spl\src\stm32f10x_rcc.o
 .data.tx1_status
                0x20000018        0x1 obj\release\src\main.o
                0x20000018                tx1_status
 .data.ping_status
                0x20000019        0x1 obj\release\src\main.o
                0x20000019                ping_status
 .data.status_motor
                0x2000001a        0x1 obj\release\src\main.o
                0x2000001a                status_motor
 .data.time_motor
                0x2000001b        0x1 obj\release\src\main.o
                0x2000001b                time_motor
 .data.rx_status
                0x2000001c        0x1 obj\release\src\main.o
                0x2000001c                rx_status
 *fill*         0x2000001d        0x3 
 .data.impure_data
                0x20000020       0x60 c:/program files (x86)/embitz/1.11/share/em_armgcc/bin/../lib/gcc/arm-none-eabi/5.4.1/../../../../arm-none-eabi/lib/armv7-m\libg_n.a(lib_a-impure.o)
 .data._impure_ptr
                0x20000080        0x4 c:/program files (x86)/embitz/1.11/share/em_armgcc/bin/../lib/gcc/arm-none-eabi/5.4.1/../../../../arm-none-eabi/lib/armv7-m\libg_n.a(lib_a-impure.o)
                0x20000080                _impure_ptr
                0x20000084                . = ALIGN (0x4)
                0x20000084                PROVIDE (__preinit_array_start, .)
 *(.preinit_array)
                0x20000084                PROVIDE (__preinit_array_end, .)
                0x20000084                . = ALIGN (0x4)
                0x20000084                PROVIDE (__init_array_start, .)
 *(SORT(.init_array.*))
 *(.init_array)
 .init_array    0x20000084        0x4 c:/program files (x86)/embitz/1.11/share/em_armgcc/bin/../lib/gcc/arm-none-eabi/5.4.1/armv7-m/crtbegin.o
                0x20000088                PROVIDE (__init_array_end, .)
                0x20000088                . = ALIGN (0x4)
                [!provide]                PROVIDE (__fini_array_start, .)
 *(SORT(.fini_array.*))
 *(.fini_array)
 .fini_array    0x20000088        0x4 c:/program files (x86)/embitz/1.11/share/em_armgcc/bin/../lib/gcc/arm-none-eabi/5.4.1/armv7-m/crtbegin.o
                [!provide]                PROVIDE (__fini_array_end, .)
                0x2000008c                . = ALIGN (0x4)
                0x2000008c                __data_end__ = .

.jcr            0x2000008c        0x0 load address 0x08002340
 .jcr           0x2000008c        0x0 c:/program files (x86)/embitz/1.11/share/em_armgcc/bin/../lib/gcc/arm-none-eabi/5.4.1/armv7-m/crtbegin.o

.igot.plt       0x2000008c        0x0 load address 0x08002340
 .igot.plt      0x2000008c        0x0 c:/program files (x86)/embitz/1.11/share/em_armgcc/bin/../lib/gcc/arm-none-eabi/5.4.1/armv7-m/crtbegin.o

.bss            0x2000008c      0x234 load address 0x08002340
                0x2000008c                __bss_start__ = .
 *(.bss*)
 .bss           0x2000008c       0x1c c:/program files (x86)/embitz/1.11/share/em_armgcc/bin/../lib/gcc/arm-none-eabi/5.4.1/armv7-m/crtbegin.o
 .bss.index     0x200000a8        0x1 obj\release\spl\src\driver_uart.o
 .bss.rx_count  0x200000a9        0x1 obj\release\spl\src\driver_uart.o
 .bss.status_pair
                0x200000aa        0x1 obj\release\src\main.o
                0x200000aa                status_pair
 .bss.slot_rx_time
                0x200000ab        0x1 obj\release\src\main.o
                0x200000ab                slot_rx_time
 .bss.__malloc_sbrk_start
                0x200000ac        0x4 c:/program files (x86)/embitz/1.11/share/em_armgcc/bin/../lib/gcc/arm-none-eabi/5.4.1/../../../../arm-none-eabi/lib/armv7-m\libg_n.a(lib_a-nano-mallocr.o)
                0x200000ac                __malloc_sbrk_start
 .bss.__malloc_free_list
                0x200000b0        0x4 c:/program files (x86)/embitz/1.11/share/em_armgcc/bin/../lib/gcc/arm-none-eabi/5.4.1/../../../../arm-none-eabi/lib/armv7-m\libg_n.a(lib_a-nano-mallocr.o)
                0x200000b0                __malloc_free_list
 .bss.heap_end.4167
                0x200000b4        0x4 c:/program files (x86)/embitz/1.11/share/em_armgcc/bin/../lib/gcc/arm-none-eabi/5.4.1/../../../../arm-none-eabi/lib/armv7-m\libnosys_s.a(sbrk.o)
 *(COMMON)
 COMMON         0x200000b8      0x200 obj\release\spl\src\driver_uart.o
                0x200000b8                Rx_bufArr
                0x200001b8                uart1_rx
 COMMON         0x200002b8        0x1 obj\release\spl\src\flash.o
                0x200002b8                lengthPage
 *fill*         0x200002b9        0x3 
 COMMON         0x200002bc        0x4 c:/program files (x86)/embitz/1.11/share/em_armgcc/bin/../lib/gcc/arm-none-eabi/5.4.1/../../../../arm-none-eabi/lib/armv7-m\libg_n.a(lib_a-reent.o)
                0x200002bc                errno
                0x200002c0                __bss_end__ = .

.heap           0x200002c0        0x0
                0x200002c0                __end__ = .
                0x200002c0                end = __end__
 *(.heap*)
 .heap          0x200002c0        0x0 obj\release\src\startup_stm32f10x_md.o
                0x200002c0                __HeapLimit = .

.stack_dummy    0x200002c0      0x100
 *(.stack)
 .stack         0x200002c0      0x100 obj\release\src\startup_stm32f10x_md.o
                0x20005000                __StackTop = (ORIGIN (RAM) + LENGTH (RAM))
                0x20004f00                __StackLimit = (__StackTop - SIZEOF (.stack_dummy))
                0x20005000                PROVIDE (__stack, __StackTop)
                0x00000001                ASSERT ((__StackLimit >= __HeapLimit), region RAM overflowed with stack)
LOAD obj\release\spl\src\delay.o
LOAD obj\release\spl\src\driver_uart.o
LOAD obj\release\spl\src\flash.o
LOAD obj\release\spl\src\lowpowermcu.o
LOAD obj\release\spl\src\misc.o
LOAD obj\release\spl\src\stm32f10x_adc.o
LOAD obj\release\spl\src\stm32f10x_bkp.o
LOAD obj\release\spl\src\stm32f10x_can.o
LOAD obj\release\spl\src\stm32f10x_cec.o
LOAD obj\release\spl\src\stm32f10x_crc.o
LOAD obj\release\spl\src\stm32f10x_dac.o
LOAD obj\release\spl\src\stm32f10x_dbgmcu.o
LOAD obj\release\spl\src\stm32f10x_dma.o
LOAD obj\release\spl\src\stm32f10x_exti.o
LOAD obj\release\spl\src\stm32f10x_flash.o
LOAD obj\release\spl\src\stm32f10x_fsmc.o
LOAD obj\release\spl\src\stm32f10x_gpio.o
LOAD obj\release\spl\src\stm32f10x_i2c.o
LOAD obj\release\spl\src\stm32f10x_iwdg.o
LOAD obj\release\spl\src\stm32f10x_pwr.o
LOAD obj\release\spl\src\stm32f10x_rcc.o
LOAD obj\release\spl\src\stm32f10x_rtc.o
LOAD obj\release\spl\src\stm32f10x_sdio.o
LOAD obj\release\spl\src\stm32f10x_spi.o
LOAD obj\release\spl\src\stm32f10x_tim.o
LOAD obj\release\spl\src\stm32f10x_usart.o
LOAD obj\release\spl\src\stm32f10x_wwdg.o
LOAD obj\release\src\main.o
LOAD obj\release\src\startup_stm32f10x_md.o
LOAD obj\release\src\system_stm32f10x.o
START GROUP
LOAD c:/program files (x86)/embitz/1.11/share/em_armgcc/bin/../lib/gcc/arm-none-eabi/5.4.1/armv7-m\libgcc.a
LOAD c:/program files (x86)/embitz/1.11/share/em_armgcc/bin/../lib/gcc/arm-none-eabi/5.4.1/../../../../arm-none-eabi/lib/armv7-m\libg_n.a
LOAD c:/program files (x86)/embitz/1.11/share/em_armgcc/bin/../lib/gcc/arm-none-eabi/5.4.1/../../../../arm-none-eabi/lib/armv7-m\libc_n.a
END GROUP
START GROUP
LOAD c:/program files (x86)/embitz/1.11/share/em_armgcc/bin/../lib/gcc/arm-none-eabi/5.4.1/armv7-m\libgcc.a
LOAD c:/program files (x86)/embitz/1.11/share/em_armgcc/bin/../lib/gcc/arm-none-eabi/5.4.1/../../../../arm-none-eabi/lib/armv7-m\libc_n.a
LOAD c:/program files (x86)/embitz/1.11/share/em_armgcc/bin/../lib/gcc/arm-none-eabi/5.4.1/../../../../arm-none-eabi/lib/armv7-m\libnosys_s.a
END GROUP
LOAD c:/program files (x86)/embitz/1.11/share/em_armgcc/bin/../lib/gcc/arm-none-eabi/5.4.1/armv7-m/crtend.o
LOAD c:/program files (x86)/embitz/1.11/share/em_armgcc/bin/../lib/gcc/arm-none-eabi/5.4.1/armv7-m/crtn.o
OUTPUT(bin\Release\LOCK_RX.elf elf32-littlearm)

.ARM.attributes
                0x00000000       0x29
 .ARM.attributes
                0x00000000       0x1d c:/program files (x86)/embitz/1.11/share/em_armgcc/bin/../lib/gcc/arm-none-eabi/5.4.1/armv7-m/crti.o
 .ARM.attributes
                0x0000001d       0x2d c:/program files (x86)/embitz/1.11/share/em_armgcc/bin/../lib/gcc/arm-none-eabi/5.4.1/armv7-m/crtbegin.o
 .ARM.attributes
                0x0000004a       0x1b c:/program files (x86)/embitz/1.11/share/em_armgcc/bin/../lib/gcc/arm-none-eabi/5.4.1/../../../../arm-none-eabi/lib/armv7-m/crt0.o
 .ARM.attributes
                0x00000065       0x33 obj\release\spl\src\delay.o
 .ARM.attributes
                0x00000098       0x33 obj\release\spl\src\driver_uart.o
 .ARM.attributes
                0x000000cb       0x33 obj\release\spl\src\flash.o
 .ARM.attributes
                0x000000fe       0x33 obj\release\spl\src\misc.o
 .ARM.attributes
                0x00000131       0x33 obj\release\spl\src\stm32f10x_flash.o
 .ARM.attributes
                0x00000164       0x33 obj\release\spl\src\stm32f10x_gpio.o
 .ARM.attributes
                0x00000197       0x33 obj\release\spl\src\stm32f10x_rcc.o
 .ARM.attributes
                0x000001ca       0x33 obj\release\spl\src\stm32f10x_tim.o
 .ARM.attributes
                0x000001fd       0x33 obj\release\spl\src\stm32f10x_usart.o
 .ARM.attributes
                0x00000230       0x33 obj\release\src\main.o
 .ARM.attributes
                0x00000263       0x1b obj\release\src\startup_stm32f10x_md.o
 .ARM.attributes
                0x0000027e       0x33 obj\release\src\system_stm32f10x.o
 .ARM.attributes
                0x000002b1       0x2d c:/program files (x86)/embitz/1.11/share/em_armgcc/bin/../lib/gcc/arm-none-eabi/5.4.1/../../../../arm-none-eabi/lib/armv7-m\libg_n.a(lib_a-exit.o)
 .ARM.attributes
                0x000002de       0x2d c:/program files (x86)/embitz/1.11/share/em_armgcc/bin/../lib/gcc/arm-none-eabi/5.4.1/../../../../arm-none-eabi/lib/armv7-m\libg_n.a(lib_a-impure.o)
 .ARM.attributes
                0x0000030b       0x2d c:/program files (x86)/embitz/1.11/share/em_armgcc/bin/../lib/gcc/arm-none-eabi/5.4.1/../../../../arm-none-eabi/lib/armv7-m\libg_n.a(lib_a-init.o)
 .ARM.attributes
                0x00000338       0x2d c:/program files (x86)/embitz/1.11/share/em_armgcc/bin/../lib/gcc/arm-none-eabi/5.4.1/../../../../arm-none-eabi/lib/armv7-m\libg_n.a(lib_a-memset.o)
 .ARM.attributes
                0x00000365       0x2d c:/program files (x86)/embitz/1.11/share/em_armgcc/bin/../lib/gcc/arm-none-eabi/5.4.1/../../../../arm-none-eabi/lib/armv7-m\libg_n.a(lib_a-printf.o)
 .ARM.attributes
                0x00000392       0x2d c:/program files (x86)/embitz/1.11/share/em_armgcc/bin/../lib/gcc/arm-none-eabi/5.4.1/../../../../arm-none-eabi/lib/armv7-m\libg_n.a(lib_a-strchr.o)
 .ARM.attributes
                0x000003bf       0x2d c:/program files (x86)/embitz/1.11/share/em_armgcc/bin/../lib/gcc/arm-none-eabi/5.4.1/../../../../arm-none-eabi/lib/armv7-m\libg_n.a(lib_a-strcpy.o)
 .ARM.attributes
                0x000003ec       0x17 c:/program files (x86)/embitz/1.11/share/em_armgcc/bin/../lib/gcc/arm-none-eabi/5.4.1/../../../../arm-none-eabi/lib/armv7-m\libg_n.a(lib_a-strlen.o)
 .ARM.attributes
                0x00000403       0x2d c:/program files (x86)/embitz/1.11/share/em_armgcc/bin/../lib/gcc/arm-none-eabi/5.4.1/../../../../arm-none-eabi/lib/armv7-m\libg_n.a(lib_a-strstr.o)
 .ARM.attributes
                0x00000430       0x2d c:/program files (x86)/embitz/1.11/share/em_armgcc/bin/../lib/gcc/arm-none-eabi/5.4.1/../../../../arm-none-eabi/lib/armv7-m\libg_n.a(lib_a-findfp.o)
 .ARM.attributes
                0x0000045d       0x2d c:/program files (x86)/embitz/1.11/share/em_armgcc/bin/../lib/gcc/arm-none-eabi/5.4.1/../../../../arm-none-eabi/lib/armv7-m\libg_n.a(lib_a-fwalk.o)
 .ARM.attributes
                0x0000048a       0x2d c:/program files (x86)/embitz/1.11/share/em_armgcc/bin/../lib/gcc/arm-none-eabi/5.4.1/../../../../arm-none-eabi/lib/armv7-m\libg_n.a(lib_a-nano-mallocr.o)
 .ARM.attributes
                0x000004b7       0x2d c:/program files (x86)/embitz/1.11/share/em_armgcc/bin/../lib/gcc/arm-none-eabi/5.4.1/../../../../arm-none-eabi/lib/armv7-m\libg_n.a(lib_a-nano-vfprintf.o)
 .ARM.attributes
                0x000004e4       0x2d c:/program files (x86)/embitz/1.11/share/em_armgcc/bin/../lib/gcc/arm-none-eabi/5.4.1/../../../../arm-none-eabi/lib/armv7-m\libg_n.a(lib_a-nano-vfprintf_i.o)
 .ARM.attributes
                0x00000511       0x2d c:/program files (x86)/embitz/1.11/share/em_armgcc/bin/../lib/gcc/arm-none-eabi/5.4.1/../../../../arm-none-eabi/lib/armv7-m\libg_n.a(lib_a-sbrkr.o)
 .ARM.attributes
                0x0000053e       0x2d c:/program files (x86)/embitz/1.11/share/em_armgcc/bin/../lib/gcc/arm-none-eabi/5.4.1/../../../../arm-none-eabi/lib/armv7-m\libg_n.a(lib_a-stdio.o)
 .ARM.attributes
                0x0000056b       0x2d c:/program files (x86)/embitz/1.11/share/em_armgcc/bin/../lib/gcc/arm-none-eabi/5.4.1/../../../../arm-none-eabi/lib/armv7-m\libg_n.a(lib_a-wbuf.o)
 .ARM.attributes
                0x00000598       0x2d c:/program files (x86)/embitz/1.11/share/em_armgcc/bin/../lib/gcc/arm-none-eabi/5.4.1/../../../../arm-none-eabi/lib/armv7-m\libg_n.a(lib_a-writer.o)
 .ARM.attributes
                0x000005c5       0x2d c:/program files (x86)/embitz/1.11/share/em_armgcc/bin/../lib/gcc/arm-none-eabi/5.4.1/../../../../arm-none-eabi/lib/armv7-m\libg_n.a(lib_a-wsetup.o)
 .ARM.attributes
                0x000005f2       0x2d c:/program files (x86)/embitz/1.11/share/em_armgcc/bin/../lib/gcc/arm-none-eabi/5.4.1/../../../../arm-none-eabi/lib/armv7-m\libg_n.a(lib_a-closer.o)
 .ARM.attributes
                0x0000061f       0x2d c:/program files (x86)/embitz/1.11/share/em_armgcc/bin/../lib/gcc/arm-none-eabi/5.4.1/../../../../arm-none-eabi/lib/armv7-m\libg_n.a(lib_a-fflush.o)
 .ARM.attributes
                0x0000064c       0x2d c:/program files (x86)/embitz/1.11/share/em_armgcc/bin/../lib/gcc/arm-none-eabi/5.4.1/../../../../arm-none-eabi/lib/armv7-m\libg_n.a(lib_a-lseekr.o)
 .ARM.attributes
                0x00000679       0x2d c:/program files (x86)/embitz/1.11/share/em_armgcc/bin/../lib/gcc/arm-none-eabi/5.4.1/../../../../arm-none-eabi/lib/armv7-m\libg_n.a(lib_a-makebuf.o)
 .ARM.attributes
                0x000006a6       0x2d c:/program files (x86)/embitz/1.11/share/em_armgcc/bin/../lib/gcc/arm-none-eabi/5.4.1/../../../../arm-none-eabi/lib/armv7-m\libg_n.a(lib_a-memchr-stub.o)
 .ARM.attributes
                0x000006d3       0x2d c:/program files (x86)/embitz/1.11/share/em_armgcc/bin/../lib/gcc/arm-none-eabi/5.4.1/../../../../arm-none-eabi/lib/armv7-m\libg_n.a(lib_a-mlock.o)
 .ARM.attributes
                0x00000700       0x2d c:/program files (x86)/embitz/1.11/share/em_armgcc/bin/../lib/gcc/arm-none-eabi/5.4.1/../../../../arm-none-eabi/lib/armv7-m\libg_n.a(lib_a-nano-freer.o)
 .ARM.attributes
                0x0000072d       0x2d c:/program files (x86)/embitz/1.11/share/em_armgcc/bin/../lib/gcc/arm-none-eabi/5.4.1/../../../../arm-none-eabi/lib/armv7-m\libg_n.a(lib_a-readr.o)
 .ARM.attributes
                0x0000075a       0x2d c:/program files (x86)/embitz/1.11/share/em_armgcc/bin/../lib/gcc/arm-none-eabi/5.4.1/../../../../arm-none-eabi/lib/armv7-m\libg_n.a(lib_a-reent.o)
 .ARM.attributes
                0x00000787       0x2d c:/program files (x86)/embitz/1.11/share/em_armgcc/bin/../lib/gcc/arm-none-eabi/5.4.1/../../../../arm-none-eabi/lib/armv7-m\libg_n.a(lib_a-fstatr.o)
 .ARM.attributes
                0x000007b4       0x2d c:/program files (x86)/embitz/1.11/share/em_armgcc/bin/../lib/gcc/arm-none-eabi/5.4.1/../../../../arm-none-eabi/lib/armv7-m\libg_n.a(lib_a-isattyr.o)
 .ARM.attributes
                0x000007e1       0x2d c:/program files (x86)/embitz/1.11/share/em_armgcc/bin/../lib/gcc/arm-none-eabi/5.4.1/../../../../arm-none-eabi/lib/armv7-m\libnosys_s.a(close.o)
 .ARM.attributes
                0x0000080e       0x2d c:/program files (x86)/embitz/1.11/share/em_armgcc/bin/../lib/gcc/arm-none-eabi/5.4.1/../../../../arm-none-eabi/lib/armv7-m\libnosys_s.a(fstat.o)
 .ARM.attributes
                0x0000083b       0x2d c:/program files (x86)/embitz/1.11/share/em_armgcc/bin/../lib/gcc/arm-none-eabi/5.4.1/../../../../arm-none-eabi/lib/armv7-m\libnosys_s.a(isatty.o)
 .ARM.attributes
                0x00000868       0x2d c:/program files (x86)/embitz/1.11/share/em_armgcc/bin/../lib/gcc/arm-none-eabi/5.4.1/../../../../arm-none-eabi/lib/armv7-m\libnosys_s.a(lseek.o)
 .ARM.attributes
                0x00000895       0x2d c:/program files (x86)/embitz/1.11/share/em_armgcc/bin/../lib/gcc/arm-none-eabi/5.4.1/../../../../arm-none-eabi/lib/armv7-m\libnosys_s.a(read.o)
 .ARM.attributes
                0x000008c2       0x2d c:/program files (x86)/embitz/1.11/share/em_armgcc/bin/../lib/gcc/arm-none-eabi/5.4.1/../../../../arm-none-eabi/lib/armv7-m\libnosys_s.a(sbrk.o)
 .ARM.attributes
                0x000008ef       0x2d c:/program files (x86)/embitz/1.11/share/em_armgcc/bin/../lib/gcc/arm-none-eabi/5.4.1/../../../../arm-none-eabi/lib/armv7-m\libnosys_s.a(_exit.o)
 .ARM.attributes
                0x0000091c       0x2d c:/program files (x86)/embitz/1.11/share/em_armgcc/bin/../lib/gcc/arm-none-eabi/5.4.1/armv7-m/crtend.o
 .ARM.attributes
                0x00000949       0x1d c:/program files (x86)/embitz/1.11/share/em_armgcc/bin/../lib/gcc/arm-none-eabi/5.4.1/armv7-m/crtn.o

.comment        0x00000000       0x6e
 .comment       0x00000000       0x6e obj\release\spl\src\delay.o
                                 0x6f (size before relaxing)
 .comment       0x0000006e       0x6f obj\release\spl\src\driver_uart.o
 .comment       0x0000006e       0x6f obj\release\spl\src\flash.o
 .comment       0x0000006e       0x6f obj\release\spl\src\misc.o
 .comment       0x0000006e       0x6f obj\release\spl\src\stm32f10x_flash.o
 .comment       0x0000006e       0x6f obj\release\spl\src\stm32f10x_gpio.o
 .comment       0x0000006e       0x6f obj\release\spl\src\stm32f10x_rcc.o
 .comment       0x0000006e       0x6f obj\release\spl\src\stm32f10x_tim.o
 .comment       0x0000006e       0x6f obj\release\spl\src\stm32f10x_usart.o
 .comment       0x0000006e       0x6f obj\release\src\main.o
 .comment       0x0000006e       0x6f obj\release\src\system_stm32f10x.o

.debug_info     0x00000000     0x82bf
 .debug_info    0x00000000      0x2bc obj\release\spl\src\delay.o
 .debug_info    0x000002bc      0xaad obj\release\spl\src\driver_uart.o
 .debug_info    0x00000d69      0x4a5 obj\release\spl\src\flash.o
 .debug_info    0x0000120e      0x560 obj\release\spl\src\misc.o
 .debug_info    0x0000176e      0x995 obj\release\spl\src\stm32f10x_flash.o
 .debug_info    0x00002103      0x891 obj\release\spl\src\stm32f10x_gpio.o
 .debug_info    0x00002994      0x946 obj\release\spl\src\stm32f10x_rcc.o
 .debug_info    0x000032da     0x234c obj\release\spl\src\stm32f10x_tim.o
 .debug_info    0x00005626      0xb2a obj\release\spl\src\stm32f10x_usart.o
 .debug_info    0x00006150     0x1c4e obj\release\src\main.o
 .debug_info    0x00007d9e       0x59 obj\release\src\startup_stm32f10x_md.o
 .debug_info    0x00007df7      0x4c8 obj\release\src\system_stm32f10x.o

.debug_abbrev   0x00000000     0x17d3
 .debug_abbrev  0x00000000      0x1c1 obj\release\spl\src\delay.o
 .debug_abbrev  0x000001c1      0x263 obj\release\spl\src\driver_uart.o
 .debug_abbrev  0x00000424      0x1f2 obj\release\spl\src\flash.o
 .debug_abbrev  0x00000616      0x158 obj\release\spl\src\misc.o
 .debug_abbrev  0x0000076e      0x221 obj\release\spl\src\stm32f10x_flash.o
 .debug_abbrev  0x0000098f      0x202 obj\release\spl\src\stm32f10x_gpio.o
 .debug_abbrev  0x00000b91      0x270 obj\release\spl\src\stm32f10x_rcc.o
 .debug_abbrev  0x00000e01      0x2c4 obj\release\spl\src\stm32f10x_tim.o
 .debug_abbrev  0x000010c5      0x1e6 obj\release\spl\src\stm32f10x_usart.o
 .debug_abbrev  0x000012ab      0x3a4 obj\release\src\main.o
 .debug_abbrev  0x0000164f       0x14 obj\release\src\startup_stm32f10x_md.o
 .debug_abbrev  0x00001663      0x170 obj\release\src\system_stm32f10x.o

.debug_loc      0x00000000     0x48b2
 .debug_loc     0x00000000       0x75 obj\release\spl\src\delay.o
 .debug_loc     0x00000075      0x1a3 obj\release\spl\src\driver_uart.o
 .debug_loc     0x00000218      0x2a9 obj\release\spl\src\flash.o
 .debug_loc     0x000004c1      0x193 obj\release\spl\src\misc.o
 .debug_loc     0x00000654      0x83c obj\release\spl\src\stm32f10x_flash.o
 .debug_loc     0x00000e90      0x569 obj\release\spl\src\stm32f10x_gpio.o
 .debug_loc     0x000013f9      0x726 obj\release\spl\src\stm32f10x_rcc.o
 .debug_loc     0x00001b1f     0x1d7f obj\release\spl\src\stm32f10x_tim.o
 .debug_loc     0x0000389e      0x86d obj\release\spl\src\stm32f10x_usart.o
 .debug_loc     0x0000410b      0x6eb obj\release\src\main.o
 .debug_loc     0x000047f6       0xbc obj\release\src\system_stm32f10x.o

.debug_aranges  0x00000000      0x878
 .debug_aranges
                0x00000000       0x60 obj\release\spl\src\delay.o
 .debug_aranges
                0x00000060       0x58 obj\release\spl\src\driver_uart.o
 .debug_aranges
                0x000000b8       0x48 obj\release\spl\src\flash.o
 .debug_aranges
                0x00000100       0x40 obj\release\spl\src\misc.o
 .debug_aranges
                0x00000140       0xd8 obj\release\spl\src\stm32f10x_flash.o
 .debug_aranges
                0x00000218       0xa8 obj\release\spl\src\stm32f10x_gpio.o
 .debug_aranges
                0x000002c0      0x118 obj\release\spl\src\stm32f10x_rcc.o
 .debug_aranges
                0x000003d8      0x2d0 obj\release\spl\src\stm32f10x_tim.o
 .debug_aranges
                0x000006a8      0x100 obj\release\spl\src\stm32f10x_usart.o
 .debug_aranges
                0x000007a8       0x88 obj\release\src\main.o
 .debug_aranges
                0x00000830       0x20 obj\release\src\startup_stm32f10x_md.o
 .debug_aranges
                0x00000850       0x28 obj\release\src\system_stm32f10x.o

.debug_ranges   0x00000000      0xa30
 .debug_ranges  0x00000000       0x88 obj\release\spl\src\delay.o
 .debug_ranges  0x00000088       0xa8 obj\release\spl\src\driver_uart.o
 .debug_ranges  0x00000130       0x38 obj\release\spl\src\flash.o
 .debug_ranges  0x00000168       0x30 obj\release\spl\src\misc.o
 .debug_ranges  0x00000198       0xe0 obj\release\spl\src\stm32f10x_flash.o
 .debug_ranges  0x00000278       0x98 obj\release\spl\src\stm32f10x_gpio.o
 .debug_ranges  0x00000310      0x128 obj\release\spl\src\stm32f10x_rcc.o
 .debug_ranges  0x00000438      0x3d8 obj\release\spl\src\stm32f10x_tim.o
 .debug_ranges  0x00000810       0xf0 obj\release\spl\src\stm32f10x_usart.o
 .debug_ranges  0x00000900       0xf0 obj\release\src\main.o
 .debug_ranges  0x000009f0       0x40 obj\release\src\system_stm32f10x.o

.debug_line     0x00000000     0x2b28
 .debug_line    0x00000000      0x1da obj\release\spl\src\delay.o
 .debug_line    0x000001da      0x2a1 obj\release\spl\src\driver_uart.o
 .debug_line    0x0000047b      0x27d obj\release\spl\src\flash.o
 .debug_line    0x000006f8      0x1ae obj\release\spl\src\misc.o
 .debug_line    0x000008a6      0x455 obj\release\spl\src\stm32f10x_flash.o
 .debug_line    0x00000cfb      0x357 obj\release\spl\src\stm32f10x_gpio.o
 .debug_line    0x00001052      0x42f obj\release\spl\src\stm32f10x_rcc.o
 .debug_line    0x00001481      0xbe1 obj\release\spl\src\stm32f10x_tim.o
 .debug_line    0x00002062      0x41b obj\release\spl\src\stm32f10x_usart.o
 .debug_line    0x0000247d      0x452 obj\release\src\main.o
 .debug_line    0x000028cf       0xa8 obj\release\src\startup_stm32f10x_md.o
 .debug_line    0x00002977      0x1b1 obj\release\src\system_stm32f10x.o

.debug_str      0x00000000     0x2702
 .debug_str     0x00000000      0x1fd obj\release\spl\src\delay.o
                                0x24b (size before relaxing)
 .debug_str     0x000001fd      0x6c9 obj\release\spl\src\driver_uart.o
                                0x878 (size before relaxing)
 .debug_str     0x000008c6      0x116 obj\release\spl\src\flash.o
                                0x2dd (size before relaxing)
 .debug_str     0x000009dc      0x1c0 obj\release\spl\src\misc.o
                                0x3ea (size before relaxing)
 .debug_str     0x00000b9c      0x3a8 obj\release\spl\src\stm32f10x_flash.o
                                0x5cd (size before relaxing)
 .debug_str     0x00000f44      0x243 obj\release\spl\src\stm32f10x_gpio.o
                                0x55c (size before relaxing)
 .debug_str     0x00001187      0x3e4 obj\release\spl\src\stm32f10x_rcc.o
                                0x646 (size before relaxing)
 .debug_str     0x0000156b      0xb55 obj\release\spl\src\stm32f10x_tim.o
                                0xe1c (size before relaxing)
 .debug_str     0x000020c0      0x320 obj\release\spl\src\stm32f10x_usart.o
                                0x6fc (size before relaxing)
 .debug_str     0x000023e0      0x2be obj\release\src\main.o
                                0xbb4 (size before relaxing)
 .debug_str     0x0000269e       0x64 obj\release\src\system_stm32f10x.o
                                0x318 (size before relaxing)

.debug_frame    0x00000000     0x1d80
 .debug_frame   0x00000000       0xd4 obj\release\spl\src\delay.o
 .debug_frame   0x000000d4       0xf0 obj\release\spl\src\driver_uart.o
 .debug_frame   0x000001c4       0xb4 obj\release\spl\src\flash.o
 .debug_frame   0x00000278       0x6c obj\release\spl\src\misc.o
 .debug_frame   0x000002e4      0x254 obj\release\spl\src\stm32f10x_flash.o
 .debug_frame   0x00000538      0x1b0 obj\release\spl\src\stm32f10x_gpio.o
 .debug_frame   0x000006e8      0x228 obj\release\spl\src\stm32f10x_rcc.o
 .debug_frame   0x00000910      0x754 obj\release\spl\src\stm32f10x_tim.o
 .debug_frame   0x00001064      0x258 obj\release\spl\src\stm32f10x_usart.o
 .debug_frame   0x000012bc      0x1cc obj\release\src\main.o
 .debug_frame   0x00001488       0x48 obj\release\src\system_stm32f10x.o
 .debug_frame   0x000014d0       0x28 c:/program files (x86)/embitz/1.11/share/em_armgcc/bin/../lib/gcc/arm-none-eabi/5.4.1/../../../../arm-none-eabi/lib/armv7-m\libg_n.a(lib_a-exit.o)
 .debug_frame   0x000014f8       0x2c c:/program files (x86)/embitz/1.11/share/em_armgcc/bin/../lib/gcc/arm-none-eabi/5.4.1/../../../../arm-none-eabi/lib/armv7-m\libg_n.a(lib_a-init.o)
 .debug_frame   0x00001524       0x20 c:/program files (x86)/embitz/1.11/share/em_armgcc/bin/../lib/gcc/arm-none-eabi/5.4.1/../../../../arm-none-eabi/lib/armv7-m\libg_n.a(lib_a-memset.o)
 .debug_frame   0x00001544       0x74 c:/program files (x86)/embitz/1.11/share/em_armgcc/bin/../lib/gcc/arm-none-eabi/5.4.1/../../../../arm-none-eabi/lib/armv7-m\libg_n.a(lib_a-printf.o)
 .debug_frame   0x000015b8       0x20 c:/program files (x86)/embitz/1.11/share/em_armgcc/bin/../lib/gcc/arm-none-eabi/5.4.1/../../../../arm-none-eabi/lib/armv7-m\libg_n.a(lib_a-strchr.o)
 .debug_frame   0x000015d8       0x20 c:/program files (x86)/embitz/1.11/share/em_armgcc/bin/../lib/gcc/arm-none-eabi/5.4.1/../../../../arm-none-eabi/lib/armv7-m\libg_n.a(lib_a-strcpy.o)
 .debug_frame   0x000015f8       0x30 c:/program files (x86)/embitz/1.11/share/em_armgcc/bin/../lib/gcc/arm-none-eabi/5.4.1/../../../../arm-none-eabi/lib/armv7-m\libg_n.a(lib_a-strstr.o)
 .debug_frame   0x00001628      0x11c c:/program files (x86)/embitz/1.11/share/em_armgcc/bin/../lib/gcc/arm-none-eabi/5.4.1/../../../../arm-none-eabi/lib/armv7-m\libg_n.a(lib_a-findfp.o)
 .debug_frame   0x00001744       0x54 c:/program files (x86)/embitz/1.11/share/em_armgcc/bin/../lib/gcc/arm-none-eabi/5.4.1/../../../../arm-none-eabi/lib/armv7-m\libg_n.a(lib_a-fwalk.o)
 .debug_frame   0x00001798       0x2c c:/program files (x86)/embitz/1.11/share/em_armgcc/bin/../lib/gcc/arm-none-eabi/5.4.1/../../../../arm-none-eabi/lib/armv7-m\libg_n.a(lib_a-nano-mallocr.o)
 .debug_frame   0x000017c4       0xac c:/program files (x86)/embitz/1.11/share/em_armgcc/bin/../lib/gcc/arm-none-eabi/5.4.1/../../../../arm-none-eabi/lib/armv7-m\libg_n.a(lib_a-nano-vfprintf.o)
 .debug_frame   0x00001870       0x60 c:/program files (x86)/embitz/1.11/share/em_armgcc/bin/../lib/gcc/arm-none-eabi/5.4.1/../../../../arm-none-eabi/lib/armv7-m\libg_n.a(lib_a-nano-vfprintf_i.o)
 .debug_frame   0x000018d0       0x2c c:/program files (x86)/embitz/1.11/share/em_armgcc/bin/../lib/gcc/arm-none-eabi/5.4.1/../../../../arm-none-eabi/lib/armv7-m\libg_n.a(lib_a-sbrkr.o)
 .debug_frame   0x000018fc       0x88 c:/program files (x86)/embitz/1.11/share/em_armgcc/bin/../lib/gcc/arm-none-eabi/5.4.1/../../../../arm-none-eabi/lib/armv7-m\libg_n.a(lib_a-stdio.o)
 .debug_frame   0x00001984       0x40 c:/program files (x86)/embitz/1.11/share/em_armgcc/bin/../lib/gcc/arm-none-eabi/5.4.1/../../../../arm-none-eabi/lib/armv7-m\libg_n.a(lib_a-wbuf.o)
 .debug_frame   0x000019c4       0x2c c:/program files (x86)/embitz/1.11/share/em_armgcc/bin/../lib/gcc/arm-none-eabi/5.4.1/../../../../arm-none-eabi/lib/armv7-m\libg_n.a(lib_a-writer.o)
 .debug_frame   0x000019f0       0x2c c:/program files (x86)/embitz/1.11/share/em_armgcc/bin/../lib/gcc/arm-none-eabi/5.4.1/../../../../arm-none-eabi/lib/armv7-m\libg_n.a(lib_a-wsetup.o)
 .debug_frame   0x00001a1c       0x2c c:/program files (x86)/embitz/1.11/share/em_armgcc/bin/../lib/gcc/arm-none-eabi/5.4.1/../../../../arm-none-eabi/lib/armv7-m\libg_n.a(lib_a-closer.o)
 .debug_frame   0x00001a48       0x68 c:/program files (x86)/embitz/1.11/share/em_armgcc/bin/../lib/gcc/arm-none-eabi/5.4.1/../../../../arm-none-eabi/lib/armv7-m\libg_n.a(lib_a-fflush.o)
 .debug_frame   0x00001ab0       0x2c c:/program files (x86)/embitz/1.11/share/em_armgcc/bin/../lib/gcc/arm-none-eabi/5.4.1/../../../../arm-none-eabi/lib/armv7-m\libg_n.a(lib_a-lseekr.o)
 .debug_frame   0x00001adc       0x54 c:/program files (x86)/embitz/1.11/share/em_armgcc/bin/../lib/gcc/arm-none-eabi/5.4.1/../../../../arm-none-eabi/lib/armv7-m\libg_n.a(lib_a-makebuf.o)
 .debug_frame   0x00001b30       0x28 c:/program files (x86)/embitz/1.11/share/em_armgcc/bin/../lib/gcc/arm-none-eabi/5.4.1/../../../../arm-none-eabi/lib/armv7-m\libg_n.a(lib_a-memchr-stub.o)
 .debug_frame   0x00001b58       0x30 c:/program files (x86)/embitz/1.11/share/em_armgcc/bin/../lib/gcc/arm-none-eabi/5.4.1/../../../../arm-none-eabi/lib/armv7-m\libg_n.a(lib_a-mlock.o)
 .debug_frame   0x00001b88       0x38 c:/program files (x86)/embitz/1.11/share/em_armgcc/bin/../lib/gcc/arm-none-eabi/5.4.1/../../../../arm-none-eabi/lib/armv7-m\libg_n.a(lib_a-nano-freer.o)
 .debug_frame   0x00001bc0       0x2c c:/program files (x86)/embitz/1.11/share/em_armgcc/bin/../lib/gcc/arm-none-eabi/5.4.1/../../../../arm-none-eabi/lib/armv7-m\libg_n.a(lib_a-readr.o)
 .debug_frame   0x00001bec       0x5c c:/program files (x86)/embitz/1.11/share/em_armgcc/bin/../lib/gcc/arm-none-eabi/5.4.1/../../../../arm-none-eabi/lib/armv7-m\libg_n.a(lib_a-reent.o)
 .debug_frame   0x00001c48       0x2c c:/program files (x86)/embitz/1.11/share/em_armgcc/bin/../lib/gcc/arm-none-eabi/5.4.1/../../../../arm-none-eabi/lib/armv7-m\libg_n.a(lib_a-fstatr.o)
 .debug_frame   0x00001c74       0x2c c:/program files (x86)/embitz/1.11/share/em_armgcc/bin/../lib/gcc/arm-none-eabi/5.4.1/../../../../arm-none-eabi/lib/armv7-m\libg_n.a(lib_a-isattyr.o)
 .debug_frame   0x00001ca0       0x20 c:/program files (x86)/embitz/1.11/share/em_armgcc/bin/../lib/gcc/arm-none-eabi/5.4.1/../../../../arm-none-eabi/lib/armv7-m\libnosys_s.a(close.o)
 .debug_frame   0x00001cc0       0x20 c:/program files (x86)/embitz/1.11/share/em_armgcc/bin/../lib/gcc/arm-none-eabi/5.4.1/../../../../arm-none-eabi/lib/armv7-m\libnosys_s.a(fstat.o)
 .debug_frame   0x00001ce0       0x20 c:/program files (x86)/embitz/1.11/share/em_armgcc/bin/../lib/gcc/arm-none-eabi/5.4.1/../../../../arm-none-eabi/lib/armv7-m\libnosys_s.a(isatty.o)
 .debug_frame   0x00001d00       0x20 c:/program files (x86)/embitz/1.11/share/em_armgcc/bin/../lib/gcc/arm-none-eabi/5.4.1/../../../../arm-none-eabi/lib/armv7-m\libnosys_s.a(lseek.o)
 .debug_frame   0x00001d20       0x20 c:/program files (x86)/embitz/1.11/share/em_armgcc/bin/../lib/gcc/arm-none-eabi/5.4.1/../../../../arm-none-eabi/lib/armv7-m\libnosys_s.a(read.o)
 .debug_frame   0x00001d40       0x20 c:/program files (x86)/embitz/1.11/share/em_armgcc/bin/../lib/gcc/arm-none-eabi/5.4.1/../../../../arm-none-eabi/lib/armv7-m\libnosys_s.a(sbrk.o)
 .debug_frame   0x00001d60       0x20 c:/program files (x86)/embitz/1.11/share/em_armgcc/bin/../lib/gcc/arm-none-eabi/5.4.1/../../../../arm-none-eabi/lib/armv7-m\libnosys_s.a(_exit.o)

.stab           0x00000000       0x84
 .stab          0x00000000       0x24 c:/program files (x86)/embitz/1.11/share/em_armgcc/bin/../lib/gcc/arm-none-eabi/5.4.1/../../../../arm-none-eabi/lib/armv7-m\libnosys_s.a(close.o)
 .stab          0x00000024       0x18 c:/program files (x86)/embitz/1.11/share/em_armgcc/bin/../lib/gcc/arm-none-eabi/5.4.1/../../../../arm-none-eabi/lib/armv7-m\libnosys_s.a(fstat.o)
                                 0x24 (size before relaxing)
 .stab          0x0000003c       0x18 c:/program files (x86)/embitz/1.11/share/em_armgcc/bin/../lib/gcc/arm-none-eabi/5.4.1/../../../../arm-none-eabi/lib/armv7-m\libnosys_s.a(isatty.o)
                                 0x24 (size before relaxing)
 .stab          0x00000054       0x18 c:/program files (x86)/embitz/1.11/share/em_armgcc/bin/../lib/gcc/arm-none-eabi/5.4.1/../../../../arm-none-eabi/lib/armv7-m\libnosys_s.a(lseek.o)
                                 0x24 (size before relaxing)
 .stab          0x0000006c       0x18 c:/program files (x86)/embitz/1.11/share/em_armgcc/bin/../lib/gcc/arm-none-eabi/5.4.1/../../../../arm-none-eabi/lib/armv7-m\libnosys_s.a(read.o)
                                 0x24 (size before relaxing)

.stabstr        0x00000000      0x117
 .stabstr       0x00000000      0x117 c:/program files (x86)/embitz/1.11/share/em_armgcc/bin/../lib/gcc/arm-none-eabi/5.4.1/../../../../arm-none-eabi/lib/armv7-m\libnosys_s.a(close.o)
