Archive member included to satisfy reference by file (symbol)

c:/program files (x86)/embitz/1.11/share/em_armgcc/bin/../lib/gcc/arm-none-eabi/5.4.1/armv7-m\libgcc.a(_aeabi_uldivmod.o)
                              obj\debug\spl\src\delay.o (__aeabi_uldivmod)
c:/program files (x86)/embitz/1.11/share/em_armgcc/bin/../lib/gcc/arm-none-eabi/5.4.1/armv7-m\libgcc.a(_udivmoddi4.o)
                              c:/program files (x86)/embitz/1.11/share/em_armgcc/bin/../lib/gcc/arm-none-eabi/5.4.1/armv7-m\libgcc.a(_aeabi_uldivmod.o) (__udivmoddi4)
c:/program files (x86)/embitz/1.11/share/em_armgcc/bin/../lib/gcc/arm-none-eabi/5.4.1/armv7-m\libgcc.a(_dvmd_tls.o)
                              c:/program files (x86)/embitz/1.11/share/em_armgcc/bin/../lib/gcc/arm-none-eabi/5.4.1/armv7-m\libgcc.a(_aeabi_uldivmod.o) (__aeabi_ldiv0)
c:/program files (x86)/embitz/1.11/share/em_armgcc/bin/../lib/gcc/arm-none-eabi/5.4.1/../../../../arm-none-eabi/lib/armv7-m\libg_n.a(lib_a-exit.o)
                              c:/program files (x86)/embitz/1.11/share/em_armgcc/bin/../lib/gcc/arm-none-eabi/5.4.1/../../../../arm-none-eabi/lib/armv7-m/crt0.o (exit)
c:/program files (x86)/embitz/1.11/share/em_armgcc/bin/../lib/gcc/arm-none-eabi/5.4.1/../../../../arm-none-eabi/lib/armv7-m\libg_n.a(lib_a-impure.o)
                              c:/program files (x86)/embitz/1.11/share/em_armgcc/bin/../lib/gcc/arm-none-eabi/5.4.1/../../../../arm-none-eabi/lib/armv7-m\libg_n.a(lib_a-exit.o) (_global_impure_ptr)
c:/program files (x86)/embitz/1.11/share/em_armgcc/bin/../lib/gcc/arm-none-eabi/5.4.1/../../../../arm-none-eabi/lib/armv7-m\libg_n.a(lib_a-init.o)
                              c:/program files (x86)/embitz/1.11/share/em_armgcc/bin/../lib/gcc/arm-none-eabi/5.4.1/../../../../arm-none-eabi/lib/armv7-m/crt0.o (__libc_init_array)
c:/program files (x86)/embitz/1.11/share/em_armgcc/bin/../lib/gcc/arm-none-eabi/5.4.1/../../../../arm-none-eabi/lib/armv7-m\libg_n.a(lib_a-memset.o)
                              c:/program files (x86)/embitz/1.11/share/em_armgcc/bin/../lib/gcc/arm-none-eabi/5.4.1/../../../../arm-none-eabi/lib/armv7-m/crt0.o (memset)
c:/program files (x86)/embitz/1.11/share/em_armgcc/bin/../lib/gcc/arm-none-eabi/5.4.1/../../../../arm-none-eabi/lib/armv7-m\libg_n.a(lib_a-printf.o)
                              obj\debug\src\main.o (printf)
c:/program files (x86)/embitz/1.11/share/em_armgcc/bin/../lib/gcc/arm-none-eabi/5.4.1/../../../../arm-none-eabi/lib/armv7-m\libg_n.a(lib_a-strchr.o)
                              obj\debug\src\main.o (strchr)
c:/program files (x86)/embitz/1.11/share/em_armgcc/bin/../lib/gcc/arm-none-eabi/5.4.1/../../../../arm-none-eabi/lib/armv7-m\libg_n.a(lib_a-strcpy.o)
                              obj\debug\src\main.o (strcpy)
c:/program files (x86)/embitz/1.11/share/em_armgcc/bin/../lib/gcc/arm-none-eabi/5.4.1/../../../../arm-none-eabi/lib/armv7-m\libg_n.a(lib_a-strlen.o)
                              obj\debug\spl\src\flash.o (strlen)
c:/program files (x86)/embitz/1.11/share/em_armgcc/bin/../lib/gcc/arm-none-eabi/5.4.1/../../../../arm-none-eabi/lib/armv7-m\libg_n.a(lib_a-strstr.o)
                              obj\debug\src\main.o (strstr)
c:/program files (x86)/embitz/1.11/share/em_armgcc/bin/../lib/gcc/arm-none-eabi/5.4.1/../../../../arm-none-eabi/lib/armv7-m\libg_n.a(lib_a-findfp.o)
                              c:/program files (x86)/embitz/1.11/share/em_armgcc/bin/../lib/gcc/arm-none-eabi/5.4.1/../../../../arm-none-eabi/lib/armv7-m\libg_n.a(lib_a-printf.o) (__sinit)
c:/program files (x86)/embitz/1.11/share/em_armgcc/bin/../lib/gcc/arm-none-eabi/5.4.1/../../../../arm-none-eabi/lib/armv7-m\libg_n.a(lib_a-fwalk.o)
                              c:/program files (x86)/embitz/1.11/share/em_armgcc/bin/../lib/gcc/arm-none-eabi/5.4.1/../../../../arm-none-eabi/lib/armv7-m\libg_n.a(lib_a-findfp.o) (_fwalk)
c:/program files (x86)/embitz/1.11/share/em_armgcc/bin/../lib/gcc/arm-none-eabi/5.4.1/../../../../arm-none-eabi/lib/armv7-m\libg_n.a(lib_a-nano-mallocr.o)
                              c:/program files (x86)/embitz/1.11/share/em_armgcc/bin/../lib/gcc/arm-none-eabi/5.4.1/../../../../arm-none-eabi/lib/armv7-m\libg_n.a(lib_a-findfp.o) (_malloc_r)
c:/program files (x86)/embitz/1.11/share/em_armgcc/bin/../lib/gcc/arm-none-eabi/5.4.1/../../../../arm-none-eabi/lib/armv7-m\libg_n.a(lib_a-nano-vfprintf.o)
                              c:/program files (x86)/embitz/1.11/share/em_armgcc/bin/../lib/gcc/arm-none-eabi/5.4.1/../../../../arm-none-eabi/lib/armv7-m\libg_n.a(lib_a-printf.o) (_vfprintf_r)
c:/program files (x86)/embitz/1.11/share/em_armgcc/bin/../lib/gcc/arm-none-eabi/5.4.1/../../../../arm-none-eabi/lib/armv7-m\libg_n.a(lib_a-nano-vfprintf_i.o)
                              c:/program files (x86)/embitz/1.11/share/em_armgcc/bin/../lib/gcc/arm-none-eabi/5.4.1/../../../../arm-none-eabi/lib/armv7-m\libg_n.a(lib_a-nano-vfprintf.o) (_printf_i)
[...]
Memory Configuration

Name             Origin             Length             Attributes
ROM              0x08000000         0x00010000         xr
RAM              0x20000000         0x00005000         xrw
*default*        0x00000000         0xffffffff

Linker script and memory map

LOAD c:/program files (x86)/embitz/1.11/share/em_armgcc/bin/../lib/gcc/arm-none-eabi/5.4.1/armv7-m/crti.o
LOAD c:/program files (x86)/embitz/1.11/share/em_armgcc/bin/../lib/gcc/arm-none-eabi/5.4.1/armv7-m/crtbegin.o
LOAD c:/program files (x86)/embitz/1.11/share/em_armgcc/bin/../lib/gcc/arm-none-eabi/5.4.1/../../../../arm-none-eabi/lib/armv7-m/crt0.o
                0x00000000                __HEAP_SIZE = 0x0
                0x00000100                __STACK_SIZE = 0x100

.text           0x08000000     0x2c98
 *(.isr_vector)
 .isr_vector    0x08000000       0xec obj\debug\src\startup_stm32f10x_md.o
                0x08000000                __isr_vector
 *(.text*)
 .text          0x080000ec       0x5c c:/program files (x86)/embitz/1.11/share/em_armgcc/bin/../lib/gcc/arm-none-eabi/5.4.1/armv7-m/crtbegin.o
 .text          0x08000148       0x74 c:/program files (x86)/embitz/1.11/share/em_armgcc/bin/../lib/gcc/arm-none-eabi/5.4.1/../../../../arm-none-eabi/lib/armv7-m/crt0.o
                0x08000148                _start
                0x08000148                _mainCRTStartup
 .text.SysTick_Init
                0x080001bc       0x20 obj\debug\spl\src\delay.o
                0x080001bc                SysTick_Init
 .text.SysTick_Handler
                0x080001dc       0x1c obj\debug\spl\src\delay.o
                0x080001dc                SysTick_Handler
 .text.SysTick32
                0x080001f8       0x20 obj\debug\spl\src\delay.o
                0x080001f8                SysTick32
 .text.delay_us
                0x08000218       0x34 obj\debug\spl\src\delay.o
                0x08000218                delay_us
 .text.delay_ms
                0x0800024c       0x28 obj\debug\spl\src\delay.o
                0x0800024c                delay_ms
 .text.NVIC_EnableIRQ
                0x08000274       0x30 obj\debug\spl\src\driver_uart.o
 .text.UART1_Init_A9A10
                0x080002a4       0x94 obj\debug\spl\src\driver_uart.o
                0x080002a4                UART1_Init_A9A10
 .text._write   0x08000338       0x4c obj\debug\spl\src\driver_uart.o
                0x08000338                _write
 .text.UART3_Config
                0x08000384       0x9c obj\debug\spl\src\driver_uart.o
                0x08000384                UART3_Config
 .text.UART_SendChar
                0x08000420       0x38 obj\debug\spl\src\driver_uart.o
                0x08000420                UART_SendChar
 .text.UART_PutStr
                0x08000458       0x30 obj\debug\spl\src\driver_uart.o
                0x08000458                UART_PutStr
 .text.USART_GetChar
                0x08000488       0x2c obj\debug\spl\src\driver_uart.o
                0x08000488                USART_GetChar
 .text.USART3_IRQHandler
                0x080004b4       0x50 obj\debug\spl\src\driver_uart.o
                0x080004b4                USART3_IRQHandler
 .text.USART1_IRQHandler
                0x08000504       0x50 obj\debug\spl\src\driver_uart.o
                0x08000504                USART1_IRQHandler
 .text.deleteBuffer
                0x08000554       0x38 obj\debug\spl\src\flash.o
 .text.Flash_Lock
                0x0800058c        0xc obj\debug\spl\src\flash.o
 .text.Flash_Unlock
                0x08000598        0xc obj\debug\spl\src\flash.o
 .text.Flash_Erase
                0x080005a4       0x68 obj\debug\spl\src\flash.o
                0x080005a4                Flash_Erase
 .text.Flash_Read_Int
                0x0800060c       0x1c obj\debug\spl\src\flash.o
                0x0800060c                Flash_Read_Int
 .text.Flash_Write_Char
                0x08000628       0xa4 obj\debug\spl\src\flash.o
                0x08000628                Flash_Write_Char
 .text.Flash_ReadChar
                0x080006cc       0x50 obj\debug\spl\src\flash.o
                0x080006cc                Flash_ReadChar
 .text.Flash_ProgramPage
                0x0800071c       0x30 obj\debug\spl\src\flash.o
                0x0800071c                Flash_ProgramPage
 .text.NVIC_Init
                0x0800074c       0xc4 obj\debug\spl\src\misc.o
                0x0800074c                NVIC_Init
 .text.FLASH_Unlock
                0x08000810       0x24 obj\debug\spl\src\stm32f10x_flash.o
                0x08000810                FLASH_Unlock
 .text.FLASH_Lock
                0x08000834       0x1c obj\debug\spl\src\stm32f10x_flash.o
                0x08000834                FLASH_Lock
 .text.GPIO_Init
                0x08000850      0x178 obj\debug\spl\src\stm32f10x_gpio.o
                0x08000850                GPIO_Init
 .text.GPIO_ReadInputDataBit
                0x080009c8       0x34 obj\debug\spl\src\stm32f10x_gpio.o
                0x080009c8                GPIO_ReadInputDataBit
 .text.GPIO_SetBits
                0x080009fc       0x1c obj\debug\spl\src\stm32f10x_gpio.o
                0x080009fc                GPIO_SetBits
 .text.GPIO_ResetBits
                0x08000a18       0x1c obj\debug\spl\src\stm32f10x_gpio.o
                0x08000a18                GPIO_ResetBits
 .text.RCC_GetClocksFreq
                0x08000a34      0x160 obj\debug\spl\src\stm32f10x_rcc.o
                0x08000a34                RCC_GetClocksFreq
 .text.RCC_APB2PeriphClockCmd
                0x08000b94       0x3c obj\debug\spl\src\stm32f10x_rcc.o
                0x08000b94                RCC_APB2PeriphClockCmd
 .text.RCC_APB1PeriphClockCmd
                0x08000bd0       0x3c obj\debug\spl\src\stm32f10x_rcc.o
                0x08000bd0                RCC_APB1PeriphClockCmd
 .text.TIM_TimeBaseInit
                0x08000c0c       0xf8 obj\debug\spl\src\stm32f10x_tim.o
                0x08000c0c                TIM_TimeBaseInit
 .text.TIM_Cmd  0x08000d04       0x40 obj\debug\spl\src\stm32f10x_tim.o
                0x08000d04                TIM_Cmd
 .text.TIM_ITConfig
                0x08000d44       0x48 obj\debug\spl\src\stm32f10x_tim.o
                0x08000d44                TIM_ITConfig
 .text.TIM_GetFlagStatus
                0x08000d8c       0x38 obj\debug\spl\src\stm32f10x_tim.o
                0x08000d8c                TIM_GetFlagStatus
 .text.TIM_ClearFlag
                0x08000dc4       0x20 obj\debug\spl\src\stm32f10x_tim.o
                0x08000dc4                TIM_ClearFlag
 .text.USART_Init
                0x08000de4      0x174 obj\debug\spl\src\stm32f10x_usart.o
                0x08000de4                USART_Init
 .text.USART_Cmd
                0x08000f58       0x40 obj\debug\spl\src\stm32f10x_usart.o
                0x08000f58                USART_Cmd
 .text.USART_ITConfig
                0x08000f98       0x90 obj\debug\spl\src\stm32f10x_usart.o
                0x08000f98                USART_ITConfig
 .text.USART_SendData
                0x08001028       0x24 obj\debug\spl\src\stm32f10x_usart.o
                0x08001028                USART_SendData
 .text.USART_ReceiveData
                0x0800104c       0x20 obj\debug\spl\src\stm32f10x_usart.o
                0x0800104c                USART_ReceiveData
 .text.USART_GetFlagStatus
                0x0800106c       0x38 obj\debug\spl\src\stm32f10x_usart.o
                0x0800106c                USART_GetFlagStatus
 .text.Timer_Init
                0x080010a4       0x6c obj\debug\src\main.o
                0x080010a4                Timer_Init
 .text.TIM2_IRQHandler
                0x08001110       0x8c obj\debug\src\main.o
                0x08001110                TIM2_IRQHandler
 .text.Gpio_Init
                0x0800119c       0x88 obj\debug\src\main.o
                0x0800119c                Gpio_Init
 .text.Button_Detect_Event
                0x08001224       0x4c obj\debug\src\main.o
                0x08001224                Button_Detect_Event
 .text.Sensor_Detect_Event
                0x08001270       0x54 obj\debug\src\main.o
                0x08001270                Sensor_Detect_Event
 .text.Process_Message
                0x080012c4       0xcc obj\debug\src\main.o
                0x080012c4                Process_Message
 .text.Task_Pair_RF_Connect
                0x08001390       0xc8 obj\debug\src\main.o
                0x08001390                Task_Pair_RF_Connect
 .text.Task_Ping_Status
                0x08001458       0x50 obj\debug\src\main.o
                0x08001458                Task_Ping_Status
 .text.Task_Send_Sensor_Status
                0x080014a8       0x98 obj\debug\src\main.o
                0x080014a8                Task_Send_Sensor_Status
 .text.Task_Button_Control_L298
                0x08001540      0x1d8 obj\debug\src\main.o
                0x08001540                Task_Button_Control_L298
 .text.Task_Uart_Control_L298
                0x08001718      0x1b4 obj\debug\src\main.o
                0x08001718                Task_Uart_Control_L298
 .text.main     0x080018cc       0xf4 obj\debug\src\main.o
                0x080018cc                main
 .text          0x080019c0       0xb8 obj\debug\src\startup_stm32f10x_md.o
                0x080019c0                Reset_Handler
                0x08001a06                NMI_Handler
                0x08001a08                HardFault_Handler
                0x08001a0a                MemManage_Handler
                0x08001a0c                BusFault_Handler
                0x08001a0e                UsageFault_Handler
                0x08001a10                SVC_Handler
                0x08001a12                DebugMon_Handler
                0x08001a14                PendSV_Handler
                0x08001a18                Default_Handler
                0x08001a1a                WWDG_IRQHandler
                0x08001a1c                PVD_IRQHandler
                0x08001a1e                TAMPER_IRQHandler
                0x08001a20                RTC_IRQHandler
                0x08001a22                FLASH_IRQHandler
                0x08001a24                RCC_IRQHandler
                0x08001a26                EXTI0_IRQHandler
                0x08001a28                EXTI1_IRQHandler
                0x08001a2a                EXTI2_IRQHandler
                0x08001a2c                EXTI3_IRQHandler
                0x08001a2e                EXTI4_IRQHandler
                0x08001a30                DMA1_Channel1_IRQHandler
                0x08001a32                DMA1_Channel2_IRQHandler
                0x08001a34                DMA1_Channel3_IRQHandler
                0x08001a36                DMA1_Channel4_IRQHandler
                0x08001a38                DMA1_Channel5_IRQHandler
                0x08001a3a                DMA1_Channel6_IRQHandler
                0x08001a3c                DMA1_Channel7_IRQHandler
                0x08001a3e                ADC1_2_IRQHandler
                0x08001a40                USB_HP_CAN1_TX_IRQHandler
                0x08001a42                USB_LP_CAN1_RX0_IRQHandler
                0x08001a44                CAN1_RX1_IRQHandler
                0x08001a46                CAN1_SCE_IRQHandler
                0x08001a48                EXTI9_5_IRQHandler
                0x08001a4a                TIM1_BRK_IRQHandler
                0x08001a4c                TIM1_UP_IRQHandler
                0x08001a4e                TIM1_TRG_COM_IRQHandler
                0x08001a50                TIM1_CC_IRQHandler
                0x08001a54                TIM3_IRQHandler
                0x08001a56                TIM4_IRQHandler
                0x08001a58                I2C1_EV_IRQHandler
                0x08001a5a                I2C1_ER_IRQHandler
                0x08001a5c                I2C2_EV_IRQHandler
                0x08001a5e                I2C2_ER_IRQHandler
                0x08001a60                SPI1_IRQHandler
                0x08001a62                SPI2_IRQHandler
                0x08001a66                USART2_IRQHandler
                0x08001a6a                EXTI15_10_IRQHandler
                0x08001a6c                RTCAlarm_IRQHandler
                0x08001a6e                USBWakeUp_IRQHandler
 .text.SystemInit
                0x08001a78       0x68 obj\debug\src\system_stm32f10x.o
                0x08001a78                SystemInit
 .text.SetSysClock
                0x08001ae0        0xc obj\debug\src\system_stm32f10x.o
 .text.SetSysClockTo72
                0x08001aec      0x100 obj\debug\src\system_stm32f10x.o
 .text.exit     0x08001bec       0x28 c:/program files (x86)/embitz/1.11/share/em_armgcc/bin/../lib/gcc/arm-none-eabi/5.4.1/../../../../arm-none-eabi/lib/armv7-m\libg_n.a(lib_a-exit.o)
                0x08001bec                exit
 .text.__libc_init_array
                0x08001c14       0x4c c:/program files (x86)/embitz/1.11/share/em_armgcc/bin/../lib/gcc/arm-none-eabi/5.4.1/../../../../arm-none-eabi/lib/armv7-m\libg_n.a(lib_a-init.o)
                0x08001c14                __libc_init_array
 .text.memset   0x08001c60       0x10 c:/program files (x86)/embitz/1.11/share/em_armgcc/bin/../lib/gcc/arm-none-eabi/5.4.1/../../../../arm-none-eabi/lib/armv7-m\libg_n.a(lib_a-memset.o)
                0x08001c60                memset
 .text.printf   0x08001c70       0x30 c:/program files (x86)/embitz/1.11/share/em_armgcc/bin/../lib/gcc/arm-none-eabi/5.4.1/../../../../arm-none-eabi/lib/armv7-m\libg_n.a(lib_a-printf.o)
                0x08001c70                iprintf
                0x08001c70                printf
 .text.strchr   0x08001ca0       0x1c c:/program files (x86)/embitz/1.11/share/em_armgcc/bin/../lib/gcc/arm-none-eabi/5.4.1/../../../../arm-none-eabi/lib/armv7-m\libg_n.a(lib_a-strchr.o)
                0x08001ca0                strchr
 .text.strcpy   0x08001cbc       0x10 c:/program files (x86)/embitz/1.11/share/em_armgcc/bin/../lib/gcc/arm-none-eabi/5.4.1/../../../../arm-none-eabi/lib/armv7-m\libg_n.a(lib_a-strcpy.o)
                0x08001cbc                strcpy
 .text          0x08001ccc       0x10 c:/program files (x86)/embitz/1.11/share/em_armgcc/bin/../lib/gcc/arm-none-eabi/5.4.1/../../../../arm-none-eabi/lib/armv7-m\libg_n.a(lib_a-strlen.o)
                0x08001ccc                strlen
 .text.strstr   0x08001cdc       0x34 c:/program files (x86)/embitz/1.11/share/em_armgcc/bin/../lib/gcc/arm-none-eabi/5.4.1/../../../../arm-none-eabi/lib/armv7-m\libg_n.a(lib_a-strstr.o)
                0x08001cdc                strstr
 .text._cleanup_r
                0x08001d10        0xc c:/program files (x86)/embitz/1.11/share/em_armgcc/bin/../lib/gcc/arm-none-eabi/5.4.1/../../../../arm-none-eabi/lib/armv7-m\libg_n.a(lib_a-findfp.o)
                0x08001d10                _cleanup_r
 .text.std.isra.0
                0x08001d1c       0x48 c:/program files (x86)/embitz/1.11/share/em_armgcc/bin/../lib/gcc/arm-none-eabi/5.4.1/../../../../arm-none-eabi/lib/armv7-m\libg_n.a(lib_a-findfp.o)
 .text.__sfmoreglue
                0x08001d64       0x2c c:/program files (x86)/embitz/1.11/share/em_armgcc/bin/../lib/gcc/arm-none-eabi/5.4.1/../../../../arm-none-eabi/lib/armv7-m\libg_n.a(lib_a-findfp.o)
                0x08001d64                __sfmoreglue
 .text.__sinit  0x08001d90       0x60 c:/program files (x86)/embitz/1.11/share/em_armgcc/bin/../lib/gcc/arm-none-eabi/5.4.1/../../../../arm-none-eabi/lib/armv7-m\libg_n.a(lib_a-findfp.o)
                0x08001d90                __sinit
 .text.__sfp    0x08001df0       0x78 c:/program files (x86)/embitz/1.11/share/em_armgcc/bin/../lib/gcc/arm-none-eabi/5.4.1/../../../../arm-none-eabi/lib/armv7-m\libg_n.a(lib_a-findfp.o)
                0x08001df0                __sfp
 .text._fwalk_reent
                0x08001e68       0x3c c:/program files (x86)/embitz/1.11/share/em_armgcc/bin/../lib/gcc/arm-none-eabi/5.4.1/../../../../arm-none-eabi/lib/armv7-m\libg_n.a(lib_a-fwalk.o)
                0x08001e68                _fwalk_reent
 .text._malloc_r
                0x08001ea4       0xbc c:/program files (x86)/embitz/1.11/share/em_armgcc/bin/../lib/gcc/arm-none-eabi/5.4.1/../../../../arm-none-eabi/lib/armv7-m\libg_n.a(lib_a-nano-mallocr.o)
                0x08001ea4                _malloc_r
 .text.__sfputc_r
                0x08001f60       0x2c c:/program files (x86)/embitz/1.11/share/em_armgcc/bin/../lib/gcc/arm-none-eabi/5.4.1/../../../../arm-none-eabi/lib/armv7-m\libg_n.a(lib_a-nano-vfprintf.o)
 .text.__sfputs_r
                0x08001f8c       0x24 c:/program files (x86)/embitz/1.11/share/em_armgcc/bin/../lib/gcc/arm-none-eabi/5.4.1/../../../../arm-none-eabi/lib/armv7-m\libg_n.a(lib_a-nano-vfprintf.o)
                0x08001f8c                __sfputs_r
 .text._vfprintf_r
                0x08001fb0      0x238 c:/program files (x86)/embitz/1.11/share/em_armgcc/bin/../lib/gcc/arm-none-eabi/5.4.1/../../../../arm-none-eabi/lib/armv7-m\libg_n.a(lib_a-nano-vfprintf.o)
                0x08001fb0                _vfprintf_r
                0x08001fb0                _vfiprintf_r
 .text._printf_common
                0x080021e8       0xec c:/program files (x86)/embitz/1.11/share/em_armgcc/bin/../lib/gcc/arm-none-eabi/5.4.1/../../../../arm-none-eabi/lib/armv7-m\libg_n.a(lib_a-nano-vfprintf_i.o)
                0x080021e8                _printf_common
 .text._printf_i
                0x080022d4      0x24c c:/program files (x86)/embitz/1.11/share/em_armgcc/bin/../lib/gcc/arm-none-eabi/5.4.1/../../../../arm-none-eabi/lib/armv7-m\libg_n.a(lib_a-nano-vfprintf_i.o)
                0x080022d4                _printf_i
 .text._sbrk_r  0x08002520       0x20 c:/program files (x86)/embitz/1.11/share/em_armgcc/bin/../lib/gcc/arm-none-eabi/5.4.1/../../../../arm-none-eabi/lib/armv7-m\libg_n.a(lib_a-sbrkr.o)
                0x08002520                _sbrk_r
 .text.__sread  0x08002540       0x22 c:/program files (x86)/embitz/1.11/share/em_armgcc/bin/../lib/gcc/arm-none-eabi/5.4.1/../../../../arm-none-eabi/lib/armv7-m\libg_n.a(lib_a-stdio.o)
                0x08002540                __sread
 .text.__swrite
                0x08002562       0x38 c:/program files (x86)/embitz/1.11/share/em_armgcc/bin/../lib/gcc/arm-none-eabi/5.4.1/../../../../arm-none-eabi/lib/armv7-m\libg_n.a(lib_a-stdio.o)
                0x08002562                __swrite
 .text.__sseek  0x0800259a       0x24 c:/program files (x86)/embitz/1.11/share/em_armgcc/bin/../lib/gcc/arm-none-eabi/5.4.1/../../../../arm-none-eabi/lib/armv7-m\libg_n.a(lib_a-stdio.o)
                0x0800259a                __sseek
 .text.__sclose
                0x080025be        0x8 c:/program files (x86)/embitz/1.11/share/em_armgcc/bin/../lib/gcc/arm-none-eabi/5.4.1/../../../../arm-none-eabi/lib/armv7-m\libg_n.a(lib_a-stdio.o)
                0x080025be                __sclose
 *fill*         0x080025c6        0x2 
 .text.__swbuf_r
                0x080025c8       0xa8 c:/program files (x86)/embitz/1.11/share/em_armgcc/bin/../lib/gcc/arm-none-eabi/5.4.1/../../../../arm-none-eabi/lib/armv7-m\libg_n.a(lib_a-wbuf.o)
                0x080025c8                __swbuf_r
 .text._write_r
                0x08002670       0x24 c:/program files (x86)/embitz/1.11/share/em_armgcc/bin/../lib/gcc/arm-none-eabi/5.4.1/../../../../arm-none-eabi/lib/armv7-m\libg_n.a(lib_a-writer.o)
                0x08002670                _write_r
 .text.__swsetup_r
                0x08002694       0xdc c:/program files (x86)/embitz/1.11/share/em_armgcc/bin/../lib/gcc/arm-none-eabi/5.4.1/../../../../arm-none-eabi/lib/armv7-m\libg_n.a(lib_a-wsetup.o)
                0x08002694                __swsetup_r
 .text._close_r
                0x08002770       0x20 c:/program files (x86)/embitz/1.11/share/em_armgcc/bin/../lib/gcc/arm-none-eabi/5.4.1/../../../../arm-none-eabi/lib/armv7-m\libg_n.a(lib_a-closer.o)
                0x08002770                _close_r
 .text.__sflush_r
                0x08002790      0x10c c:/program files (x86)/embitz/1.11/share/em_armgcc/bin/../lib/gcc/arm-none-eabi/5.4.1/../../../../arm-none-eabi/lib/armv7-m\libg_n.a(lib_a-fflush.o)
                0x08002790                __sflush_r
 .text._fflush_r
                0x0800289c       0x54 c:/program files (x86)/embitz/1.11/share/em_armgcc/bin/../lib/gcc/arm-none-eabi/5.4.1/../../../../arm-none-eabi/lib/armv7-m\libg_n.a(lib_a-fflush.o)
                0x0800289c                _fflush_r
 .text._lseek_r
                0x080028f0       0x24 c:/program files (x86)/embitz/1.11/share/em_armgcc/bin/../lib/gcc/arm-none-eabi/5.4.1/../../../../arm-none-eabi/lib/armv7-m\libg_n.a(lib_a-lseekr.o)
                0x080028f0                _lseek_r
 .text.__swhatbuf_r
                0x08002914       0x46 c:/program files (x86)/embitz/1.11/share/em_armgcc/bin/../lib/gcc/arm-none-eabi/5.4.1/../../../../arm-none-eabi/lib/armv7-m\libg_n.a(lib_a-makebuf.o)
                0x08002914                __swhatbuf_r
 *fill*         0x0800295a        0x2 
 .text.__smakebuf_r
                0x0800295c       0x78 c:/program files (x86)/embitz/1.11/share/em_armgcc/bin/../lib/gcc/arm-none-eabi/5.4.1/../../../../arm-none-eabi/lib/armv7-m\libg_n.a(lib_a-makebuf.o)
                0x0800295c                __smakebuf_r
 .text.memchr   0x080029d4       0x1c c:/program files (x86)/embitz/1.11/share/em_armgcc/bin/../lib/gcc/arm-none-eabi/5.4.1/../../../../arm-none-eabi/lib/armv7-m\libg_n.a(lib_a-memchr-stub.o)
                0x080029d4                memchr
 .text.__malloc_lock
                0x080029f0        0x2 c:/program files (x86)/embitz/1.11/share/em_armgcc/bin/../lib/gcc/arm-none-eabi/5.4.1/../../../../arm-none-eabi/lib/armv7-m\libg_n.a(lib_a-mlock.o)
                0x080029f0                __malloc_lock
 .text.__malloc_unlock
                0x080029f2        0x2 c:/program files (x86)/embitz/1.11/share/em_armgcc/bin/../lib/gcc/arm-none-eabi/5.4.1/../../../../arm-none-eabi/lib/armv7-m\libg_n.a(lib_a-mlock.o)
                0x080029f2                __malloc_unlock
 .text._free_r  0x080029f4       0x98 c:/program files (x86)/embitz/1.11/share/em_armgcc/bin/../lib/gcc/arm-none-eabi/5.4.1/../../../../arm-none-eabi/lib/armv7-m\libg_n.a(lib_a-nano-freer.o)
                0x080029f4                _free_r
 .text._read_r  0x08002a8c       0x24 c:/program files (x86)/embitz/1.11/share/em_armgcc/bin/../lib/gcc/arm-none-eabi/5.4.1/../../../../arm-none-eabi/lib/armv7-m\libg_n.a(lib_a-readr.o)
                0x08002a8c                _read_r
 .text._fstat_r
                0x08002ab0       0x24 c:/program files (x86)/embitz/1.11/share/em_armgcc/bin/../lib/gcc/arm-none-eabi/5.4.1/../../../../arm-none-eabi/lib/armv7-m\libg_n.a(lib_a-fstatr.o)
                0x08002ab0                _fstat_r
 .text._isatty_r
                0x08002ad4       0x20 c:/program files (x86)/embitz/1.11/share/em_armgcc/bin/../lib/gcc/arm-none-eabi/5.4.1/../../../../arm-none-eabi/lib/armv7-m\libg_n.a(lib_a-isattyr.o)
                0x08002ad4                _isatty_r
 .text._close   0x08002af4       0x10 c:/program files (x86)/embitz/1.11/share/em_armgcc/bin/../lib/gcc/arm-none-eabi/5.4.1/../../../../arm-none-eabi/lib/armv7-m\libnosys_s.a(close.o)
                0x08002af4                _close
 .text._fstat   0x08002b04       0x10 c:/program files (x86)/embitz/1.11/share/em_armgcc/bin/../lib/gcc/arm-none-eabi/5.4.1/../../../../arm-none-eabi/lib/armv7-m\libnosys_s.a(fstat.o)
                0x08002b04                _fstat
 .text._isatty  0x08002b14       0x10 c:/program files (x86)/embitz/1.11/share/em_armgcc/bin/../lib/gcc/arm-none-eabi/5.4.1/../../../../arm-none-eabi/lib/armv7-m\libnosys_s.a(isatty.o)
                0x08002b14                _isatty
 .text._lseek   0x08002b24       0x10 c:/program files (x86)/embitz/1.11/share/em_armgcc/bin/../lib/gcc/arm-none-eabi/5.4.1/../../../../arm-none-eabi/lib/armv7-m\libnosys_s.a(lseek.o)
                0x08002b24                _lseek
 .text._read    0x08002b34       0x10 c:/program files (x86)/embitz/1.11/share/em_armgcc/bin/../lib/gcc/arm-none-eabi/5.4.1/../../../../arm-none-eabi/lib/armv7-m\libnosys_s.a(read.o)
                0x08002b34                _read
 .text._sbrk    0x08002b44       0x1c c:/program files (x86)/embitz/1.11/share/em_armgcc/bin/../lib/gcc/arm-none-eabi/5.4.1/../../../../arm-none-eabi/lib/armv7-m\libnosys_s.a(sbrk.o)
                0x08002b44                _sbrk
 .text._exit    0x08002b60        0x2 c:/program files (x86)/embitz/1.11/share/em_armgcc/bin/../lib/gcc/arm-none-eabi/5.4.1/../../../../arm-none-eabi/lib/armv7-m\libnosys_s.a(_exit.o)
                0x08002b60                _exit
 *(.init)
 *fill*         0x08002b62        0x2 
 .init          0x08002b64        0x4 c:/program files (x86)/embitz/1.11/share/em_armgcc/bin/../lib/gcc/arm-none-eabi/5.4.1/armv7-m/crti.o
                0x08002b64                _init
 .init          0x08002b68        0x8 c:/program files (x86)/embitz/1.11/share/em_armgcc/bin/../lib/gcc/arm-none-eabi/5.4.1/armv7-m/crtn.o
 *(.fini)
 .fini          0x08002b70        0x4 c:/program files (x86)/embitz/1.11/share/em_armgcc/bin/../lib/gcc/arm-none-eabi/5.4.1/armv7-m/crti.o
                0x08002b70                _fini
 .fini          0x08002b74        0x8 c:/program files (x86)/embitz/1.11/share/em_armgcc/bin/../lib/gcc/arm-none-eabi/5.4.1/armv7-m/crtn.o
 *crtbegin.o(.ctors)
 *crtbegin?.o(.ctors)
 *(EXCLUDE_FILE(*crtend.o *crtend?.o) .ctors)
 *(SORT(.ctors.*))
 *(.ctors)
 *crtbegin.o(.dtors)
 *crtbegin?.o(.dtors)
 *(EXCLUDE_FILE(*crtend.o *crtend?.o) .dtors)
 *(SORT(.dtors.*))
 *(.dtors)
 *(.rodata*)
 .rodata        0x08002b7c       0x7d obj\debug\src\main.o
 .rodata.str1.1
                0x08002bf9        0x2 c:/program files (x86)/embitz/1.11/share/em_armgcc/bin/../lib/gcc/arm-none-eabi/5.4.1/../../../../arm-none-eabi/lib/armv7-m\libg_n.a(lib_a-impure.o)
 *fill*         0x08002bfb        0x1 
 .rodata._global_impure_ptr
                0x08002bfc        0x4 c:/program files (x86)/embitz/1.11/share/em_armgcc/bin/../lib/gcc/arm-none-eabi/5.4.1/../../../../arm-none-eabi/lib/armv7-m\libg_n.a(lib_a-impure.o)
                0x08002bfc                _global_impure_ptr
 .rodata.__sf_fake_stdin
                0x08002c00       0x20 c:/program files (x86)/embitz/1.11/share/em_armgcc/bin/../lib/gcc/arm-none-eabi/5.4.1/../../../../arm-none-eabi/lib/armv7-m\libg_n.a(lib_a-findfp.o)
                0x08002c00                __sf_fake_stdin
 .rodata.__sf_fake_stdout
                0x08002c20       0x20 c:/program files (x86)/embitz/1.11/share/em_armgcc/bin/../lib/gcc/arm-none-eabi/5.4.1/../../../../arm-none-eabi/lib/armv7-m\libg_n.a(lib_a-findfp.o)
                0x08002c20                __sf_fake_stdout
 .rodata.__sf_fake_stderr
                0x08002c40       0x20 c:/program files (x86)/embitz/1.11/share/em_armgcc/bin/../lib/gcc/arm-none-eabi/5.4.1/../../../../arm-none-eabi/lib/armv7-m\libg_n.a(lib_a-findfp.o)
                0x08002c40                __sf_fake_stderr
 .rodata.str1.1
                0x08002c60       0x11 c:/program files (x86)/embitz/1.11/share/em_armgcc/bin/../lib/gcc/arm-none-eabi/5.4.1/../../../../arm-none-eabi/lib/armv7-m\libg_n.a(lib_a-nano-vfprintf.o)
 .rodata.str1.1
                0x08002c71       0x22 c:/program files (x86)/embitz/1.11/share/em_armgcc/bin/../lib/gcc/arm-none-eabi/5.4.1/../../../../arm-none-eabi/lib/armv7-m\libg_n.a(lib_a-nano-vfprintf_i.o)
 *(.eh_frame*)
 *fill*         0x08002c93        0x1 
 .eh_frame      0x08002c94        0x0 c:/program files (x86)/embitz/1.11/share/em_armgcc/bin/../lib/gcc/arm-none-eabi/5.4.1/armv7-m/crtbegin.o
 .eh_frame      0x08002c94        0x4 c:/program files (x86)/embitz/1.11/share/em_armgcc/bin/../lib/gcc/arm-none-eabi/5.4.1/armv7-m/crtend.o

.glue_7         0x08002c98        0x0
 .glue_7        0x08002c98        0x0 linker stubs

.glue_7t        0x08002c98        0x0
 .glue_7t       0x08002c98        0x0 linker stubs

.vfp11_veneer   0x08002c98        0x0
 .vfp11_veneer  0x08002c98        0x0 linker stubs

.v4_bx          0x08002c98        0x0
 .v4_bx         0x08002c98        0x0 linker stubs

.iplt           0x08002c98        0x0
 .iplt          0x08002c98        0x0 c:/program files (x86)/embitz/1.11/share/em_armgcc/bin/../lib/gcc/arm-none-eabi/5.4.1/armv7-m/crtbegin.o

.ARM.extab
 *(.ARM.extab* .gnu.linkonce.armextab.*)
                0x08002c98                __exidx_start = .

.ARM.exidx      0x08002c98        0x8
 *(.ARM.exidx* .gnu.linkonce.armexidx.*)
 .ARM.exidx     0x08002c98        0x8 c:/program files (x86)/embitz/1.11/share/em_armgcc/bin/../lib/gcc/arm-none-eabi/5.4.1/../../../../arm-none-eabi/lib/armv7-m/crt0.o
                0x08002ca0                __exidx_end = .
                0x08002ca0                __etext = .

.rel.dyn        0x08002ca0        0x0
 .rel.iplt      0x08002ca0        0x0 c:/program files (x86)/embitz/1.11/share/em_armgcc/bin/../lib/gcc/arm-none-eabi/5.4.1/armv7-m/crtbegin.o

.data           0x20000000       0x8c load address 0x08002ca0
                0x20000000                __data_start__ = .
 *(vtable)
 *(.data*)
 .data.SysTickCounter
                0x20000000        0x4 obj\debug\spl\src\delay.o
                0x20000000                SysTickCounter
 .data.APBAHBPrescTable
                0x20000004       0x10 obj\debug\spl\src\stm32f10x_rcc.o
 .data.ADCPrescTable
                0x20000014        0x4 obj\debug\spl\src\stm32f10x_rcc.o
 .data.tx1_status
                0x20000018        0x1 obj\debug\src\main.o
                0x20000018                tx1_status
 .data.rx_status
                0x20000019        0x1 obj\debug\src\main.o
                0x20000019                rx_status
 .data.ping_status
                0x2000001a        0x1 obj\debug\src\main.o
                0x2000001a                ping_status
 .data.status_motor
                0x2000001b        0x1 obj\debug\src\main.o
                0x2000001b                status_motor
 .data.time_motor
                0x2000001c        0x1 obj\debug\src\main.o
                0x2000001c                time_motor
 *fill*         0x2000001d        0x3 
 .data.impure_data
                0x20000020       0x60 c:/program files (x86)/embitz/1.11/share/em_armgcc/bin/../lib/gcc/arm-none-eabi/5.4.1/../../../../arm-none-eabi/lib/armv7-m\libg_n.a(lib_a-impure.o)
 .data._impure_ptr
                0x20000080        0x4 c:/program files (x86)/embitz/1.11/share/em_armgcc/bin/../lib/gcc/arm-none-eabi/5.4.1/../../../../arm-none-eabi/lib/armv7-m\libg_n.a(lib_a-impure.o)
                0x20000080                _impure_ptr
                0x20000084                . = ALIGN (0x4)
                0x20000084                PROVIDE (__preinit_array_start, .)
 *(.preinit_array)
                0x20000084                PROVIDE (__preinit_array_end, .)
                0x20000084                . = ALIGN (0x4)
                0x20000084                PROVIDE (__init_array_start, .)
 *(SORT(.init_array.*))
 *(.init_array)
 .init_array    0x20000084        0x4 c:/program files (x86)/embitz/1.11/share/em_armgcc/bin/../lib/gcc/arm-none-eabi/5.4.1/armv7-m/crtbegin.o
                0x20000088                PROVIDE (__init_array_end, .)
                0x20000088                . = ALIGN (0x4)
                [!provide]                PROVIDE (__fini_array_start, .)
 *(SORT(.fini_array.*))
 *(.fini_array)
 .fini_array    0x20000088        0x4 c:/program files (x86)/embitz/1.11/share/em_armgcc/bin/../lib/gcc/arm-none-eabi/5.4.1/armv7-m/crtbegin.o
                [!provide]                PROVIDE (__fini_array_end, .)
                0x2000008c                . = ALIGN (0x4)
                0x2000008c                __data_end__ = .

.jcr            0x2000008c        0x0 load address 0x08002d2c
 .jcr           0x2000008c        0x0 c:/program files (x86)/embitz/1.11/share/em_armgcc/bin/../lib/gcc/arm-none-eabi/5.4.1/armv7-m/crtbegin.o

.igot.plt       0x2000008c        0x0 load address 0x08002d2c
 .igot.plt      0x2000008c        0x0 c:/program files (x86)/embitz/1.11/share/em_armgcc/bin/../lib/gcc/arm-none-eabi/5.4.1/armv7-m/crtbegin.o

.bss            0x2000008c      0x234 load address 0x08002d2c
                0x2000008c                __bss_start__ = .
 *(.bss*)
 .bss           0x2000008c       0x1c c:/program files (x86)/embitz/1.11/share/em_armgcc/bin/../lib/gcc/arm-none-eabi/5.4.1/armv7-m/crtbegin.o
 .bss.rx_count  0x200000a8        0x1 obj\debug\spl\src\driver_uart.o
 .bss.index     0x200000a9        0x1 obj\debug\spl\src\driver_uart.o
 .bss.status_pair
                0x200000aa        0x1 obj\debug\src\main.o
                0x200000aa                status_pair
 .bss.slot_rx_time
                0x200000ab        0x1 obj\debug\src\main.o
                0x200000ab                slot_rx_time
 .bss.__malloc_sbrk_start
                0x200000ac        0x4 c:/program files (x86)/embitz/1.11/share/em_armgcc/bin/../lib/gcc/arm-none-eabi/5.4.1/../../../../arm-none-eabi/lib/armv7-m\libg_n.a(lib_a-nano-mallocr.o)
                0x200000ac                __malloc_sbrk_start
 .bss.__malloc_free_list
                0x200000b0        0x4 c:/program files (x86)/embitz/1.11/share/em_armgcc/bin/../lib/gcc/arm-none-eabi/5.4.1/../../../../arm-none-eabi/lib/armv7-m\libg_n.a(lib_a-nano-mallocr.o)
                0x200000b0                __malloc_free_list
 .bss.heap_end.4167
                0x200000b4        0x4 c:/program files (x86)/embitz/1.11/share/em_armgcc/bin/../lib/gcc/arm-none-eabi/5.4.1/../../../../arm-none-eabi/lib/armv7-m\libnosys_s.a(sbrk.o)
 *(COMMON)
 COMMON         0x200000b8      0x200 obj\debug\spl\src\driver_uart.o
                0x200000b8                Rx_bufArr
                0x200001b8                uart1_rx
 COMMON         0x200002b8        0x1 obj\debug\spl\src\flash.o
                0x200002b8                lengthPage
 *fill*         0x200002b9        0x3 
 COMMON         0x200002bc        0x4 c:/program files (x86)/embitz/1.11/share/em_armgcc/bin/../lib/gcc/arm-none-eabi/5.4.1/../../../../arm-none-eabi/lib/armv7-m\libg_n.a(lib_a-reent.o)
                0x200002bc                errno
                0x200002c0                __bss_end__ = .

.heap           0x200002c0        0x0
                0x200002c0                __end__ = .
                0x200002c0                end = __end__
 *(.heap*)
 .heap          0x200002c0        0x0 obj\debug\src\startup_stm32f10x_md.o
                0x200002c0                __HeapLimit = .

.stack_dummy    0x200002c0      0x100
 *(.stack)
 .stack         0x200002c0      0x100 obj\debug\src\startup_stm32f10x_md.o
                0x20005000                __StackTop = (ORIGIN (RAM) + LENGTH (RAM))
                0x20004f00                __StackLimit = (__StackTop - SIZEOF (.stack_dummy))
                0x20005000                PROVIDE (__stack, __StackTop)
                0x00000001                ASSERT ((__StackLimit >= __HeapLimit), region RAM overflowed with stack)
LOAD obj\debug\spl\src\delay.o
LOAD obj\debug\spl\src\driver_uart.o
LOAD obj\debug\spl\src\flash.o
LOAD obj\debug\spl\src\lowpowermcu.o
LOAD obj\debug\spl\src\misc.o
LOAD obj\debug\spl\src\stm32f10x_adc.o
LOAD obj\debug\spl\src\stm32f10x_bkp.o
LOAD obj\debug\spl\src\stm32f10x_can.o
LOAD obj\debug\spl\src\stm32f10x_cec.o
LOAD obj\debug\spl\src\stm32f10x_crc.o
LOAD obj\debug\spl\src\stm32f10x_dac.o
LOAD obj\debug\spl\src\stm32f10x_dbgmcu.o
LOAD obj\debug\spl\src\stm32f10x_dma.o
LOAD obj\debug\spl\src\stm32f10x_exti.o
LOAD obj\debug\spl\src\stm32f10x_flash.o
LOAD obj\debug\spl\src\stm32f10x_fsmc.o
LOAD obj\debug\spl\src\stm32f10x_gpio.o
LOAD obj\debug\spl\src\stm32f10x_i2c.o
LOAD obj\debug\spl\src\stm32f10x_iwdg.o
LOAD obj\debug\spl\src\stm32f10x_pwr.o
LOAD obj\debug\spl\src\stm32f10x_rcc.o
LOAD obj\debug\spl\src\stm32f10x_rtc.o
LOAD obj\debug\spl\src\stm32f10x_sdio.o
LOAD obj\debug\spl\src\stm32f10x_spi.o
LOAD obj\debug\spl\src\stm32f10x_tim.o
LOAD obj\debug\spl\src\stm32f10x_usart.o
LOAD obj\debug\spl\src\stm32f10x_wwdg.o
LOAD obj\debug\src\main.o
LOAD obj\debug\src\startup_stm32f10x_md.o
LOAD obj\debug\src\system_stm32f10x.o
START GROUP
LOAD c:/program files (x86)/embitz/1.11/share/em_armgcc/bin/../lib/gcc/arm-none-eabi/5.4.1/armv7-m\libgcc.a
LOAD c:/program files (x86)/embitz/1.11/share/em_armgcc/bin/../lib/gcc/arm-none-eabi/5.4.1/../../../../arm-none-eabi/lib/armv7-m\libg_n.a
LOAD c:/program files (x86)/embitz/1.11/share/em_armgcc/bin/../lib/gcc/arm-none-eabi/5.4.1/../../../../arm-none-eabi/lib/armv7-m\libc_n.a
END GROUP
START GROUP
LOAD c:/program files (x86)/embitz/1.11/share/em_armgcc/bin/../lib/gcc/arm-none-eabi/5.4.1/armv7-m\libgcc.a
LOAD c:/program files (x86)/embitz/1.11/share/em_armgcc/bin/../lib/gcc/arm-none-eabi/5.4.1/../../../../arm-none-eabi/lib/armv7-m\libc_n.a
LOAD c:/program files (x86)/embitz/1.11/share/em_armgcc/bin/../lib/gcc/arm-none-eabi/5.4.1/../../../../arm-none-eabi/lib/armv7-m\libnosys_s.a
END GROUP
LOAD c:/program files (x86)/embitz/1.11/share/em_armgcc/bin/../lib/gcc/arm-none-eabi/5.4.1/armv7-m/crtend.o
LOAD c:/program files (x86)/embitz/1.11/share/em_armgcc/bin/../lib/gcc/arm-none-eabi/5.4.1/armv7-m/crtn.o
OUTPUT(bin\Debug\LOCK_RX.elf elf32-littlearm)

.ARM.attributes
                0x00000000       0x29
 .ARM.attributes
                0x00000000       0x1d c:/program files (x86)/embitz/1.11/share/em_armgcc/bin/../lib/gcc/arm-none-eabi/5.4.1/armv7-m/crti.o
 .ARM.attributes
                0x0000001d       0x2d c:/program files (x86)/embitz/1.11/share/em_armgcc/bin/../lib/gcc/arm-none-eabi/5.4.1/armv7-m/crtbegin.o
 .ARM.attributes
                0x0000004a       0x1b c:/program files (x86)/embitz/1.11/share/em_armgcc/bin/../lib/gcc/arm-none-eabi/5.4.1/../../../../arm-none-eabi/lib/armv7-m/crt0.o
 .ARM.attributes
                0x00000065       0x33 obj\debug\spl\src\delay.o
 .ARM.attributes
                0x00000098       0x33 obj\debug\spl\src\driver_uart.o
 .ARM.attributes
                0x000000cb       0x33 obj\debug\spl\src\flash.o
 .ARM.attributes
                0x000000fe       0x33 obj\debug\spl\src\misc.o
 .ARM.attributes
                0x00000131       0x33 obj\debug\spl\src\stm32f10x_flash.o
 .ARM.attributes
                0x00000164       0x33 obj\debug\spl\src\stm32f10x_gpio.o
 .ARM.attributes
                0x00000197       0x33 obj\debug\spl\src\stm32f10x_rcc.o
 .ARM.attributes
                0x000001ca       0x33 obj\debug\spl\src\stm32f10x_tim.o
 .ARM.attributes
                0x000001fd       0x33 obj\debug\spl\src\stm32f10x_usart.o
 .ARM.attributes
                0x00000230       0x33 obj\debug\src\main.o
 .ARM.attributes
                0x00000263       0x1b obj\debug\src\startup_stm32f10x_md.o
 .ARM.attributes
                0x0000027e       0x33 obj\debug\src\system_stm32f10x.o
 .ARM.attributes
                0x000002b1       0x2d c:/program files (x86)/embitz/1.11/share/em_armgcc/bin/../lib/gcc/arm-none-eabi/5.4.1/../../../../arm-none-eabi/lib/armv7-m\libg_n.a(lib_a-exit.o)
 .ARM.attributes
                0x000002de       0x2d c:/program files (x86)/embitz/1.11/share/em_armgcc/bin/../lib/gcc/arm-none-eabi/5.4.1/../../../../arm-none-eabi/lib/armv7-m\libg_n.a(lib_a-impure.o)
 .ARM.attributes
                0x0000030b       0x2d c:/program files (x86)/embitz/1.11/share/em_armgcc/bin/../lib/gcc/arm-none-eabi/5.4.1/../../../../arm-none-eabi/lib/armv7-m\libg_n.a(lib_a-init.o)
 .ARM.attributes
                0x00000338       0x2d c:/program files (x86)/embitz/1.11/share/em_armgcc/bin/../lib/gcc/arm-none-eabi/5.4.1/../../../../arm-none-eabi/lib/armv7-m\libg_n.a(lib_a-memset.o)
 .ARM.attributes
                0x00000365       0x2d c:/program files (x86)/embitz/1.11/share/em_armgcc/bin/../lib/gcc/arm-none-eabi/5.4.1/../../../../arm-none-eabi/lib/armv7-m\libg_n.a(lib_a-printf.o)
 .ARM.attributes
                0x00000392       0x2d c:/program files (x86)/embitz/1.11/share/em_armgcc/bin/../lib/gcc/arm-none-eabi/5.4.1/../../../../arm-none-eabi/lib/armv7-m\libg_n.a(lib_a-strchr.o)
 .ARM.attributes
                0x000003bf       0x2d c:/program files (x86)/embitz/1.11/share/em_armgcc/bin/../lib/gcc/arm-none-eabi/5.4.1/../../../../arm-none-eabi/lib/armv7-m\libg_n.a(lib_a-strcpy.o)
 .ARM.attributes
                0x000003ec       0x17 c:/program files (x86)/embitz/1.11/share/em_armgcc/bin/../lib/gcc/arm-none-eabi/5.4.1/../../../../arm-none-eabi/lib/armv7-m\libg_n.a(lib_a-strlen.o)
 .ARM.attributes
                0x00000403       0x2d c:/program files (x86)/embitz/1.11/share/em_armgcc/bin/../lib/gcc/arm-none-eabi/5.4.1/../../../../arm-none-eabi/lib/armv7-m\libg_n.a(lib_a-strstr.o)
 .ARM.attributes
                0x00000430       0x2d c:/program files (x86)/embitz/1.11/share/em_armgcc/bin/../lib/gcc/arm-none-eabi/5.4.1/../../../../arm-none-eabi/lib/armv7-m\libg_n.a(lib_a-findfp.o)
 .ARM.attributes
                0x0000045d       0x2d c:/program files (x86)/embitz/1.11/share/em_armgcc/bin/../lib/gcc/arm-none-eabi/5.4.1/../../../../arm-none-eabi/lib/armv7-m\libg_n.a(lib_a-fwalk.o)
 .ARM.attributes
                0x0000048a       0x2d c:/program files (x86)/embitz/1.11/share/em_armgcc/bin/../lib/gcc/arm-none-eabi/5.4.1/../../../../arm-none-eabi/lib/armv7-m\libg_n.a(lib_a-nano-mallocr.o)
 .ARM.attributes
                0x000004b7       0x2d c:/program files (x86)/embitz/1.11/share/em_armgcc/bin/../lib/gcc/arm-none-eabi/5.4.1/../../../../arm-none-eabi/lib/armv7-m\libg_n.a(lib_a-nano-vfprintf.o)
 .ARM.attributes
                0x000004e4       0x2d c:/program files (x86)/embitz/1.11/share/em_armgcc/bin/../lib/gcc/arm-none-eabi/5.4.1/../../../../arm-none-eabi/lib/armv7-m\libg_n.a(lib_a-nano-vfprintf_i.o)
 .ARM.attributes
                0x00000511       0x2d c:/program files (x86)/embitz/1.11/share/em_armgcc/bin/../lib/gcc/arm-none-eabi/5.4.1/../../../../arm-none-eabi/lib/armv7-m\libg_n.a(lib_a-sbrkr.o)
 .ARM.attributes
                0x0000053e       0x2d c:/program files (x86)/embitz/1.11/share/em_armgcc/bin/../lib/gcc/arm-none-eabi/5.4.1/../../../../arm-none-eabi/lib/armv7-m\libg_n.a(lib_a-stdio.o)
 .ARM.attributes
                0x0000056b       0x2d c:/program files (x86)/embitz/1.11/share/em_armgcc/bin/../lib/gcc/arm-none-eabi/5.4.1/../../../../arm-none-eabi/lib/armv7-m\libg_n.a(lib_a-wbuf.o)
 .ARM.attributes
                0x00000598       0x2d c:/program files (x86)/embitz/1.11/share/em_armgcc/bin/../lib/gcc/arm-none-eabi/5.4.1/../../../../arm-none-eabi/lib/armv7-m\libg_n.a(lib_a-writer.o)
 .ARM.attributes
                0x000005c5       0x2d c:/program files (x86)/embitz/1.11/share/em_armgcc/bin/../lib/gcc/arm-none-eabi/5.4.1/../../../../arm-none-eabi/lib/armv7-m\libg_n.a(lib_a-wsetup.o)
 .ARM.attributes
                0x000005f2       0x2d c:/program files (x86)/embitz/1.11/share/em_armgcc/bin/../lib/gcc/arm-none-eabi/5.4.1/../../../../arm-none-eabi/lib/armv7-m\libg_n.a(lib_a-closer.o)
 .ARM.attributes
                0x0000061f       0x2d c:/program files (x86)/embitz/1.11/share/em_armgcc/bin/../lib/gcc/arm-none-eabi/5.4.1/../../../../arm-none-eabi/lib/armv7-m\libg_n.a(lib_a-fflush.o)
 .ARM.attributes
                0x0000064c       0x2d c:/program files (x86)/embitz/1.11/share/em_armgcc/bin/../lib/gcc/arm-none-eabi/5.4.1/../../../../arm-none-eabi/lib/armv7-m\libg_n.a(lib_a-lseekr.o)
 .ARM.attributes
                0x00000679       0x2d c:/program files (x86)/embitz/1.11/share/em_armgcc/bin/../lib/gcc/arm-none-eabi/5.4.1/../../../../arm-none-eabi/lib/armv7-m\libg_n.a(lib_a-makebuf.o)
 .ARM.attributes
                0x000006a6       0x2d c:/program files (x86)/embitz/1.11/share/em_armgcc/bin/../lib/gcc/arm-none-eabi/5.4.1/../../../../arm-none-eabi/lib/armv7-m\libg_n.a(lib_a-memchr-stub.o)
 .ARM.attributes
                0x000006d3       0x2d c:/program files (x86)/embitz/1.11/share/em_armgcc/bin/../lib/gcc/arm-none-eabi/5.4.1/../../../../arm-none-eabi/lib/armv7-m\libg_n.a(lib_a-mlock.o)
 .ARM.attributes
                0x00000700       0x2d c:/program files (x86)/embitz/1.11/share/em_armgcc/bin/../lib/gcc/arm-none-eabi/5.4.1/../../../../arm-none-eabi/lib/armv7-m\libg_n.a(lib_a-nano-freer.o)
 .ARM.attributes
                0x0000072d       0x2d c:/program files (x86)/embitz/1.11/share/em_armgcc/bin/../lib/gcc/arm-none-eabi/5.4.1/../../../../arm-none-eabi/lib/armv7-m\libg_n.a(lib_a-readr.o)
 .ARM.attributes
                0x0000075a       0x2d c:/program files (x86)/embitz/1.11/share/em_armgcc/bin/../lib/gcc/arm-none-eabi/5.4.1/../../../../arm-none-eabi/lib/armv7-m\libg_n.a(lib_a-reent.o)
 .ARM.attributes
                0x00000787       0x2d c:/program files (x86)/embitz/1.11/share/em_armgcc/bin/../lib/gcc/arm-none-eabi/5.4.1/../../../../arm-none-eabi/lib/armv7-m\libg_n.a(lib_a-fstatr.o)
 .ARM.attributes
                0x000007b4       0x2d c:/program files (x86)/embitz/1.11/share/em_armgcc/bin/../lib/gcc/arm-none-eabi/5.4.1/../../../../arm-none-eabi/lib/armv7-m\libg_n.a(lib_a-isattyr.o)
 .ARM.attributes
                0x000007e1       0x2d c:/program files (x86)/embitz/1.11/share/em_armgcc/bin/../lib/gcc/arm-none-eabi/5.4.1/../../../../arm-none-eabi/lib/armv7-m\libnosys_s.a(close.o)
 .ARM.attributes
                0x0000080e       0x2d c:/program files (x86)/embitz/1.11/share/em_armgcc/bin/../lib/gcc/arm-none-eabi/5.4.1/../../../../arm-none-eabi/lib/armv7-m\libnosys_s.a(fstat.o)
 .ARM.attributes
                0x0000083b       0x2d c:/program files (x86)/embitz/1.11/share/em_armgcc/bin/../lib/gcc/arm-none-eabi/5.4.1/../../../../arm-none-eabi/lib/armv7-m\libnosys_s.a(isatty.o)
 .ARM.attributes
                0x00000868       0x2d c:/program files (x86)/embitz/1.11/share/em_armgcc/bin/../lib/gcc/arm-none-eabi/5.4.1/../../../../arm-none-eabi/lib/armv7-m\libnosys_s.a(lseek.o)
 .ARM.attributes
                0x00000895       0x2d c:/program files (x86)/embitz/1.11/share/em_armgcc/bin/../lib/gcc/arm-none-eabi/5.4.1/../../../../arm-none-eabi/lib/armv7-m\libnosys_s.a(read.o)
 .ARM.attributes
                0x000008c2       0x2d c:/program files (x86)/embitz/1.11/share/em_armgcc/bin/../lib/gcc/arm-none-eabi/5.4.1/../../../../arm-none-eabi/lib/armv7-m\libnosys_s.a(sbrk.o)
 .ARM.attributes
                0x000008ef       0x2d c:/program files (x86)/embitz/1.11/share/em_armgcc/bin/../lib/gcc/arm-none-eabi/5.4.1/../../../../arm-none-eabi/lib/armv7-m\libnosys_s.a(_exit.o)
 .ARM.attributes
                0x0000091c       0x2d c:/program files (x86)/embitz/1.11/share/em_armgcc/bin/../lib/gcc/arm-none-eabi/5.4.1/armv7-m/crtend.o
 .ARM.attributes
                0x00000949       0x1d c:/program files (x86)/embitz/1.11/share/em_armgcc/bin/../lib/gcc/arm-none-eabi/5.4.1/armv7-m/crtn.o

.comment        0x00000000       0x6e
 .comment       0x00000000       0x6e obj\debug\spl\src\delay.o
                                 0x6f (size before relaxing)
 .comment       0x0000006e       0x6f obj\debug\spl\src\driver_uart.o
 .comment       0x0000006e       0x6f obj\debug\spl\src\flash.o
 .comment       0x0000006e       0x6f obj\debug\spl\src\misc.o
 .comment       0x0000006e       0x6f obj\debug\spl\src\stm32f10x_flash.o
 .comment       0x0000006e       0x6f obj\debug\spl\src\stm32f10x_gpio.o
 .comment       0x0000006e       0x6f obj\debug\spl\src\stm32f10x_rcc.o
 .comment       0x0000006e       0x6f obj\debug\spl\src\stm32f10x_tim.o
 .comment       0x0000006e       0x6f obj\debug\spl\src\stm32f10x_usart.o
 .comment       0x0000006e       0x6f obj\debug\src\main.o
 .comment       0x0000006e       0x6f obj\debug\src\system_stm32f10x.o

.debug_info     0x00000000     0x62e2
 .debug_info    0x00000000      0x20e obj\debug\spl\src\delay.o
 .debug_info    0x0000020e      0x83d obj\debug\spl\src\driver_uart.o
 .debug_info    0x00000a4b      0x35c obj\debug\spl\src\flash.o
 .debug_info    0x00000da7      0x55e obj\debug\spl\src\misc.o
 .debug_info    0x00001305      0x7c5 obj\debug\spl\src\stm32f10x_flash.o
 .debug_info    0x00001aca      0x6fe obj\debug\spl\src\stm32f10x_gpio.o
 .debug_info    0x000021c8      0x8ab obj\debug\spl\src\stm32f10x_rcc.o
 .debug_info    0x00002a73     0x1c68 obj\debug\spl\src\stm32f10x_tim.o
 .debug_info    0x000046db      0x9f8 obj\debug\spl\src\stm32f10x_usart.o
 .debug_info    0x000050d3      0xd18 obj\debug\src\main.o
 .debug_info    0x00005deb       0x53 obj\debug\src\startup_stm32f10x_md.o
 .debug_info    0x00005e3e      0x4a4 obj\debug\src\system_stm32f10x.o

.debug_abbrev   0x00000000     0x1211
 .debug_abbrev  0x00000000      0x120 obj\debug\spl\src\delay.o
 .debug_abbrev  0x00000120      0x226 obj\debug\spl\src\driver_uart.o
 .debug_abbrev  0x00000346      0x14f obj\debug\spl\src\flash.o
 .debug_abbrev  0x00000495      0x14c obj\debug\spl\src\misc.o
 .debug_abbrev  0x000005e1      0x194 obj\debug\spl\src\stm32f10x_flash.o
 .debug_abbrev  0x00000775      0x1d1 obj\debug\spl\src\stm32f10x_gpio.o
 .debug_abbrev  0x00000946      0x1c1 obj\debug\spl\src\stm32f10x_rcc.o
 .debug_abbrev  0x00000b07      0x1b7 obj\debug\spl\src\stm32f10x_tim.o
 .debug_abbrev  0x00000cbe      0x169 obj\debug\spl\src\stm32f10x_usart.o
 .debug_abbrev  0x00000e27      0x283 obj\debug\src\main.o
 .debug_abbrev  0x000010aa       0x14 obj\debug\src\startup_stm32f10x_md.o
 .debug_abbrev  0x000010be      0x153 obj\debug\src\system_stm32f10x.o

.debug_aranges  0x00000000      0x8d8
 .debug_aranges
                0x00000000       0x60 obj\debug\spl\src\delay.o
 .debug_aranges
                0x00000060       0x60 obj\debug\spl\src\driver_uart.o
 .debug_aranges
                0x000000c0       0x60 obj\debug\spl\src\flash.o
 .debug_aranges
                0x00000120       0x40 obj\debug\spl\src\misc.o
 .debug_aranges
                0x00000160       0xf8 obj\debug\spl\src\stm32f10x_flash.o
 .debug_aranges
                0x00000258       0xa8 obj\debug\spl\src\stm32f10x_gpio.o
 .debug_aranges
                0x00000300      0x118 obj\debug\spl\src\stm32f10x_rcc.o
 .debug_aranges
                0x00000418      0x2f0 obj\debug\spl\src\stm32f10x_tim.o
 .debug_aranges
                0x00000708      0x100 obj\debug\spl\src\stm32f10x_usart.o
 .debug_aranges
                0x00000808       0x78 obj\debug\src\main.o
 .debug_aranges
                0x00000880       0x20 obj\debug\src\startup_stm32f10x_md.o
 .debug_aranges
                0x000008a0       0x38 obj\debug\src\system_stm32f10x.o

.debug_ranges   0x00000000      0x808
 .debug_ranges  0x00000000       0x50 obj\debug\spl\src\delay.o
 .debug_ranges  0x00000050       0x50 obj\debug\spl\src\driver_uart.o
 .debug_ranges  0x000000a0       0x50 obj\debug\spl\src\flash.o
 .debug_ranges  0x000000f0       0x30 obj\debug\spl\src\misc.o
 .debug_ranges  0x00000120       0xe8 obj\debug\spl\src\stm32f10x_flash.o
 .debug_ranges  0x00000208       0x98 obj\debug\spl\src\stm32f10x_gpio.o
 .debug_ranges  0x000002a0      0x108 obj\debug\spl\src\stm32f10x_rcc.o
 .debug_ranges  0x000003a8      0x2e0 obj\debug\spl\src\stm32f10x_tim.o
 .debug_ranges  0x00000688       0xf0 obj\debug\spl\src\stm32f10x_usart.o
 .debug_ranges  0x00000778       0x68 obj\debug\src\main.o
 .debug_ranges  0x000007e0       0x28 obj\debug\src\system_stm32f10x.o

.debug_macro    0x00000000     0xfb64
 .debug_macro   0x00000000      0x19e obj\debug\spl\src\delay.o
 .debug_macro   0x0000019e      0x886 obj\debug\spl\src\delay.o
 .debug_macro   0x00000a24       0x5d obj\debug\spl\src\delay.o
 .debug_macro   0x00000a81       0x3a obj\debug\spl\src\delay.o
 .debug_macro   0x00000abb       0x22 obj\debug\spl\src\delay.o
 .debug_macro   0x00000add       0x87 obj\debug\spl\src\delay.o
 .debug_macro   0x00000b64       0x44 obj\debug\spl\src\delay.o
 .debug_macro   0x00000ba8       0xfd obj\debug\spl\src\delay.o
 .debug_macro   0x00000ca5       0x5e obj\debug\spl\src\delay.o
 .debug_macro   0x00000d03      0x1df obj\debug\spl\src\delay.o
 .debug_macro   0x00000ee2       0x18 obj\debug\spl\src\delay.o
 .debug_macro   0x00000efa      0xa36 obj\debug\spl\src\delay.o
 .debug_macro   0x00001930     0x7eb3 obj\debug\spl\src\delay.o
 .debug_macro   0x000097e3      0x2df obj\debug\spl\src\delay.o
 .debug_macro   0x00009ac2      0x144 obj\debug\spl\src\delay.o
 .debug_macro   0x00009c06      0x3cf obj\debug\spl\src\delay.o
 .debug_macro   0x00009fd5       0xc8 obj\debug\spl\src\delay.o
 .debug_macro   0x0000a09d      0x17a obj\debug\spl\src\delay.o
 .debug_macro   0x0000a217       0xac obj\debug\spl\src\delay.o
 .debug_macro   0x0000a2c3      0x3ad obj\debug\spl\src\delay.o
 .debug_macro   0x0000a670       0x9a obj\debug\spl\src\delay.o
 .debug_macro   0x0000a70a      0x2cf obj\debug\spl\src\delay.o
 .debug_macro   0x0000a9d9      0x279 obj\debug\spl\src\delay.o
 .debug_macro   0x0000ac52      0x2ac obj\debug\spl\src\delay.o
 .debug_macro   0x0000aefe      0x2b1 obj\debug\spl\src\delay.o
 .debug_macro   0x0000b1af       0x64 obj\debug\spl\src\delay.o
 .debug_macro   0x0000b213       0x82 obj\debug\spl\src\delay.o
 .debug_macro   0x0000b295      0x3e2 obj\debug\spl\src\delay.o
 .debug_macro   0x0000b677       0x58 obj\debug\spl\src\delay.o
 .debug_macro   0x0000b6cf      0x341 obj\debug\spl\src\delay.o
 .debug_macro   0x0000ba10      0x2c4 obj\debug\spl\src\delay.o
 .debug_macro   0x0000bcd4      0x711 obj\debug\spl\src\delay.o
 .debug_macro   0x0000c3e5      0x220 obj\debug\spl\src\delay.o
 .debug_macro   0x0000c605       0x34 obj\debug\spl\src\delay.o
 .debug_macro   0x0000c639       0x8b obj\debug\spl\src\delay.o
 .debug_macro   0x0000c6c4       0x35 obj\debug\spl\src\delay.o
 .debug_macro   0x0000c6f9      0x1a0 obj\debug\spl\src\driver_uart.o
 .debug_macro   0x0000c899      0x2f6 obj\debug\spl\src\flash.o
 .debug_macro   0x0000cb8f       0x52 obj\debug\spl\src\flash.o
 .debug_macro   0x0000cbe1       0x35 obj\debug\spl\src\flash.o
 .debug_macro   0x0000cc16       0x9c obj\debug\spl\src\flash.o
 .debug_macro   0x0000ccb2      0x174 obj\debug\spl\src\flash.o
 .debug_macro   0x0000ce26       0x52 obj\debug\spl\src\flash.o
 .debug_macro   0x0000ce78       0x1f obj\debug\spl\src\flash.o
 .debug_macro   0x0000ce97       0x43 obj\debug\spl\src\flash.o
 .debug_macro   0x0000ceda       0x20 obj\debug\spl\src\flash.o
 .debug_macro   0x0000cefa      0x187 obj\debug\spl\src\flash.o
 .debug_macro   0x0000d081      0x30d obj\debug\spl\src\flash.o
 .debug_macro   0x0000d38e       0x10 obj\debug\spl\src\flash.o
 .debug_macro   0x0000d39e       0x35 obj\debug\spl\src\flash.o
 .debug_macro   0x0000d3d3       0x1c obj\debug\spl\src\flash.o
 .debug_macro   0x0000d3ef       0x10 obj\debug\spl\src\flash.o
 .debug_macro   0x0000d3ff       0x10 obj\debug\spl\src\flash.o
 .debug_macro   0x0000d40f       0x1c obj\debug\spl\src\flash.o
 .debug_macro   0x0000d42b       0x52 obj\debug\spl\src\flash.o
 .debug_macro   0x0000d47d       0x40 obj\debug\spl\src\flash.o
 .debug_macro   0x0000d4bd       0x10 obj\debug\spl\src\flash.o
 .debug_macro   0x0000d4cd       0x40 obj\debug\spl\src\flash.o
 .debug_macro   0x0000d50d       0xd7 obj\debug\spl\src\flash.o
 .debug_macro   0x0000d5e4       0x16 obj\debug\spl\src\flash.o
 .debug_macro   0x0000d5fa      0x189 obj\debug\spl\src\flash.o
 .debug_macro   0x0000d783      0x19e obj\debug\spl\src\misc.o
 .debug_macro   0x0000d921       0x85 obj\debug\spl\src\misc.o
 .debug_macro   0x0000d9a6      0x240 obj\debug\spl\src\stm32f10x_flash.o
 .debug_macro   0x0000dbe6      0x2c9 obj\debug\spl\src\stm32f10x_flash.o
 .debug_macro   0x0000deaf      0x1e6 obj\debug\spl\src\stm32f10x_gpio.o
 .debug_macro   0x0000e095      0x2a6 obj\debug\spl\src\stm32f10x_gpio.o
 .debug_macro   0x0000e33b      0x2b4 obj\debug\spl\src\stm32f10x_rcc.o
 .debug_macro   0x0000e5ef      0x3dc obj\debug\spl\src\stm32f10x_rcc.o
 .debug_macro   0x0000e9cb      0x1b0 obj\debug\spl\src\stm32f10x_tim.o
 .debug_macro   0x0000eb7b      0x70b obj\debug\spl\src\stm32f10x_tim.o
 .debug_macro   0x0000f286      0x24c obj\debug\spl\src\stm32f10x_usart.o
 .debug_macro   0x0000f4d2      0x21a obj\debug\spl\src\stm32f10x_usart.o
 .debug_macro   0x0000f6ec      0x2bb obj\debug\src\main.o
 .debug_macro   0x0000f9a7       0x22 obj\debug\src\main.o
 .debug_macro   0x0000f9c9      0x19b obj\debug\src\system_stm32f10x.o

.debug_line     0x00000000     0x4996
 .debug_line    0x00000000      0x4cf obj\debug\spl\src\delay.o
 .debug_line    0x000004cf      0x530 obj\debug\spl\src\driver_uart.o
 .debug_line    0x000009ff      0x65f obj\debug\spl\src\flash.o
 .debug_line    0x0000105e      0x482 obj\debug\spl\src\misc.o
 .debug_line    0x000014e0      0x700 obj\debug\spl\src\stm32f10x_flash.o
 .debug_line    0x00001be0      0x605 obj\debug\spl\src\stm32f10x_gpio.o
 .debug_line    0x000021e5      0x701 obj\debug\spl\src\stm32f10x_rcc.o
 .debug_line    0x000028e6      0xd86 obj\debug\spl\src\stm32f10x_tim.o
 .debug_line    0x0000366c      0x6d3 obj\debug\spl\src\stm32f10x_usart.o
 .debug_line    0x00003d3f      0x6e6 obj\debug\src\main.o
 .debug_line    0x00004425       0xa8 obj\debug\src\startup_stm32f10x_md.o
 .debug_line    0x000044cd      0x4c9 obj\debug\src\system_stm32f10x.o

.debug_str      0x00000000    0x55985
 .debug_str     0x00000000    0x4e552 obj\debug\spl\src\delay.o
                              0x4e6cc (size before relaxing)
 .debug_str     0x0004e552      0x649 obj\debug\spl\src\driver_uart.o
                              0x4ec5b (size before relaxing)
 .debug_str     0x0004eb9b     0x3bb3 obj\debug\spl\src\flash.o
                              0x52266 (size before relaxing)
 .debug_str     0x0005274e      0x1ea obj\debug\spl\src\misc.o
                              0x4e87c (size before relaxing)
 .debug_str     0x00052938      0x774 obj\debug\spl\src\stm32f10x_flash.o
                              0x4ee01 (size before relaxing)
 .debug_str     0x000530ac      0x477 obj\debug\spl\src\stm32f10x_gpio.o
                              0x4ebee (size before relaxing)
 .debug_str     0x00053523      0xb49 obj\debug\spl\src\stm32f10x_rcc.o
                              0x4f1d4 (size before relaxing)
 .debug_str     0x0005406c      0xbf1 obj\debug\spl\src\stm32f10x_tim.o
                              0x4f2f2 (size before relaxing)
 .debug_str     0x00054c5d      0x753 obj\debug\spl\src\stm32f10x_usart.o
                              0x4eefe (size before relaxing)
 .debug_str     0x000553b0      0x542 obj\debug\src\main.o
                              0x51ba8 (size before relaxing)
 .debug_str     0x000558f2       0x93 obj\debug\src\system_stm32f10x.o
                              0x4e7af (size before relaxing)

.debug_frame    0x00000000     0x2e58
 .debug_frame   0x00000000      0x13c obj\debug\spl\src\delay.o
 .debug_frame   0x0000013c      0x15c obj\debug\spl\src\driver_uart.o
 .debug_frame   0x00000298      0x150 obj\debug\spl\src\flash.o
 .debug_frame   0x000003e8       0xd8 obj\debug\spl\src\misc.o
 .debug_frame   0x000004c0      0x410 obj\debug\spl\src\stm32f10x_flash.o
 .debug_frame   0x000008d0      0x2d0 obj\debug\spl\src\stm32f10x_gpio.o
 .debug_frame   0x00000ba0      0x4f4 obj\debug\spl\src\stm32f10x_rcc.o
 .debug_frame   0x00001094      0xe2c obj\debug\spl\src\stm32f10x_tim.o
 .debug_frame   0x00001ec0      0x490 obj\debug\spl\src\stm32f10x_usart.o
 .debug_frame   0x00002350      0x1c0 obj\debug\src\main.o
 .debug_frame   0x00002510       0x98 obj\debug\src\system_stm32f10x.o
 .debug_frame   0x000025a8       0x28 c:/program files (x86)/embitz/1.11/share/em_armgcc/bin/../lib/gcc/arm-none-eabi/5.4.1/../../../../arm-none-eabi/lib/armv7-m\libg_n.a(lib_a-exit.o)
 .debug_frame   0x000025d0       0x2c c:/program files (x86)/embitz/1.11/share/em_armgcc/bin/../lib/gcc/arm-none-eabi/5.4.1/../../../../arm-none-eabi/lib/armv7-m\libg_n.a(lib_a-init.o)
 .debug_frame   0x000025fc       0x20 c:/program files (x86)/embitz/1.11/share/em_armgcc/bin/../lib/gcc/arm-none-eabi/5.4.1/../../../../arm-none-eabi/lib/armv7-m\libg_n.a(lib_a-memset.o)
 .debug_frame   0x0000261c       0x74 c:/program files (x86)/embitz/1.11/share/em_armgcc/bin/../lib/gcc/arm-none-eabi/5.4.1/../../../../arm-none-eabi/lib/armv7-m\libg_n.a(lib_a-printf.o)
 .debug_frame   0x00002690       0x20 c:/program files (x86)/embitz/1.11/share/em_armgcc/bin/../lib/gcc/arm-none-eabi/5.4.1/../../../../arm-none-eabi/lib/armv7-m\libg_n.a(lib_a-strchr.o)
 .debug_frame   0x000026b0       0x20 c:/program files (x86)/embitz/1.11/share/em_armgcc/bin/../lib/gcc/arm-none-eabi/5.4.1/../../../../arm-none-eabi/lib/armv7-m\libg_n.a(lib_a-strcpy.o)
 .debug_frame   0x000026d0       0x30 c:/program files (x86)/embitz/1.11/share/em_armgcc/bin/../lib/gcc/arm-none-eabi/5.4.1/../../../../arm-none-eabi/lib/armv7-m\libg_n.a(lib_a-strstr.o)
 .debug_frame   0x00002700      0x11c c:/program files (x86)/embitz/1.11/share/em_armgcc/bin/../lib/gcc/arm-none-eabi/5.4.1/../../../../arm-none-eabi/lib/armv7-m\libg_n.a(lib_a-findfp.o)
 .debug_frame   0x0000281c       0x54 c:/program files (x86)/embitz/1.11/share/em_armgcc/bin/../lib/gcc/arm-none-eabi/5.4.1/../../../../arm-none-eabi/lib/armv7-m\libg_n.a(lib_a-fwalk.o)
 .debug_frame   0x00002870       0x2c c:/program files (x86)/embitz/1.11/share/em_armgcc/bin/../lib/gcc/arm-none-eabi/5.4.1/../../../../arm-none-eabi/lib/armv7-m\libg_n.a(lib_a-nano-mallocr.o)
 .debug_frame   0x0000289c       0xac c:/program files (x86)/embitz/1.11/share/em_armgcc/bin/../lib/gcc/arm-none-eabi/5.4.1/../../../../arm-none-eabi/lib/armv7-m\libg_n.a(lib_a-nano-vfprintf.o)
 .debug_frame   0x00002948       0x60 c:/program files (x86)/embitz/1.11/share/em_armgcc/bin/../lib/gcc/arm-none-eabi/5.4.1/../../../../arm-none-eabi/lib/armv7-m\libg_n.a(lib_a-nano-vfprintf_i.o)
 .debug_frame   0x000029a8       0x2c c:/program files (x86)/embitz/1.11/share/em_armgcc/bin/../lib/gcc/arm-none-eabi/5.4.1/../../../../arm-none-eabi/lib/armv7-m\libg_n.a(lib_a-sbrkr.o)
 .debug_frame   0x000029d4       0x88 c:/program files (x86)/embitz/1.11/share/em_armgcc/bin/../lib/gcc/arm-none-eabi/5.4.1/../../../../arm-none-eabi/lib/armv7-m\libg_n.a(lib_a-stdio.o)
 .debug_frame   0x00002a5c       0x40 c:/program files (x86)/embitz/1.11/share/em_armgcc/bin/../lib/gcc/arm-none-eabi/5.4.1/../../../../arm-none-eabi/lib/armv7-m\libg_n.a(lib_a-wbuf.o)
 .debug_frame   0x00002a9c       0x2c c:/program files (x86)/embitz/1.11/share/em_armgcc/bin/../lib/gcc/arm-none-eabi/5.4.1/../../../../arm-none-eabi/lib/armv7-m\libg_n.a(lib_a-writer.o)
 .debug_frame   0x00002ac8       0x2c c:/program files (x86)/embitz/1.11/share/em_armgcc/bin/../lib/gcc/arm-none-eabi/5.4.1/../../../../arm-none-eabi/lib/armv7-m\libg_n.a(lib_a-wsetup.o)
 .debug_frame   0x00002af4       0x2c c:/program files (x86)/embitz/1.11/share/em_armgcc/bin/../lib/gcc/arm-none-eabi/5.4.1/../../../../arm-none-eabi/lib/armv7-m\libg_n.a(lib_a-closer.o)
 .debug_frame   0x00002b20       0x68 c:/program files (x86)/embitz/1.11/share/em_armgcc/bin/../lib/gcc/arm-none-eabi/5.4.1/../../../../arm-none-eabi/lib/armv7-m\libg_n.a(lib_a-fflush.o)
 .debug_frame   0x00002b88       0x2c c:/program files (x86)/embitz/1.11/share/em_armgcc/bin/../lib/gcc/arm-none-eabi/5.4.1/../../../../arm-none-eabi/lib/armv7-m\libg_n.a(lib_a-lseekr.o)
 .debug_frame   0x00002bb4       0x54 c:/program files (x86)/embitz/1.11/share/em_armgcc/bin/../lib/gcc/arm-none-eabi/5.4.1/../../../../arm-none-eabi/lib/armv7-m\libg_n.a(lib_a-makebuf.o)
 .debug_frame   0x00002c08       0x28 c:/program files (x86)/embitz/1.11/share/em_armgcc/bin/../lib/gcc/arm-none-eabi/5.4.1/../../../../arm-none-eabi/lib/armv7-m\libg_n.a(lib_a-memchr-stub.o)
 .debug_frame   0x00002c30       0x30 c:/program files (x86)/embitz/1.11/share/em_armgcc/bin/../lib/gcc/arm-none-eabi/5.4.1/../../../../arm-none-eabi/lib/armv7-m\libg_n.a(lib_a-mlock.o)
 .debug_frame   0x00002c60       0x38 c:/program files (x86)/embitz/1.11/share/em_armgcc/bin/../lib/gcc/arm-none-eabi/5.4.1/../../../../arm-none-eabi/lib/armv7-m\libg_n.a(lib_a-nano-freer.o)
 .debug_frame   0x00002c98       0x2c c:/program files (x86)/embitz/1.11/share/em_armgcc/bin/../lib/gcc/arm-none-eabi/5.4.1/../../../../arm-none-eabi/lib/armv7-m\libg_n.a(lib_a-readr.o)
 .debug_frame   0x00002cc4       0x5c c:/program files (x86)/embitz/1.11/share/em_armgcc/bin/../lib/gcc/arm-none-eabi/5.4.1/../../../../arm-none-eabi/lib/armv7-m\libg_n.a(lib_a-reent.o)
 .debug_frame   0x00002d20       0x2c c:/program files (x86)/embitz/1.11/share/em_armgcc/bin/../lib/gcc/arm-none-eabi/5.4.1/../../../../arm-none-eabi/lib/armv7-m\libg_n.a(lib_a-fstatr.o)
 .debug_frame   0x00002d4c       0x2c c:/program files (x86)/embitz/1.11/share/em_armgcc/bin/../lib/gcc/arm-none-eabi/5.4.1/../../../../arm-none-eabi/lib/armv7-m\libg_n.a(lib_a-isattyr.o)
 .debug_frame   0x00002d78       0x20 c:/program files (x86)/embitz/1.11/share/em_armgcc/bin/../lib/gcc/arm-none-eabi/5.4.1/../../../../arm-none-eabi/lib/armv7-m\libnosys_s.a(close.o)
 .debug_frame   0x00002d98       0x20 c:/program files (x86)/embitz/1.11/share/em_armgcc/bin/../lib/gcc/arm-none-eabi/5.4.1/../../../../arm-none-eabi/lib/armv7-m\libnosys_s.a(fstat.o)
 .debug_frame   0x00002db8       0x20 c:/program files (x86)/embitz/1.11/share/em_armgcc/bin/../lib/gcc/arm-none-eabi/5.4.1/../../../../arm-none-eabi/lib/armv7-m\libnosys_s.a(isatty.o)
 .debug_frame   0x00002dd8       0x20 c:/program files (x86)/embitz/1.11/share/em_armgcc/bin/../lib/gcc/arm-none-eabi/5.4.1/../../../../arm-none-eabi/lib/armv7-m\libnosys_s.a(lseek.o)
 .debug_frame   0x00002df8       0x20 c:/program files (x86)/embitz/1.11/share/em_armgcc/bin/../lib/gcc/arm-none-eabi/5.4.1/../../../../arm-none-eabi/lib/armv7-m\libnosys_s.a(read.o)
 .debug_frame   0x00002e18       0x20 c:/program files (x86)/embitz/1.11/share/em_armgcc/bin/../lib/gcc/arm-none-eabi/5.4.1/../../../../arm-none-eabi/lib/armv7-m\libnosys_s.a(sbrk.o)
 .debug_frame   0x00002e38       0x20 c:/program files (x86)/embitz/1.11/share/em_armgcc/bin/../lib/gcc/arm-none-eabi/5.4.1/../../../../arm-none-eabi/lib/armv7-m\libnosys_s.a(_exit.o)

.stab           0x00000000       0x84
 .stab          0x00000000       0x24 c:/program files (x86)/embitz/1.11/share/em_armgcc/bin/../lib/gcc/arm-none-eabi/5.4.1/../../../../arm-none-eabi/lib/armv7-m\libnosys_s.a(close.o)
 .stab          0x00000024       0x18 c:/program files (x86)/embitz/1.11/share/em_armgcc/bin/../lib/gcc/arm-none-eabi/5.4.1/../../../../arm-none-eabi/lib/armv7-m\libnosys_s.a(fstat.o)
                                 0x24 (size before relaxing)
 .stab          0x0000003c       0x18 c:/program files (x86)/embitz/1.11/share/em_armgcc/bin/../lib/gcc/arm-none-eabi/5.4.1/../../../../arm-none-eabi/lib/armv7-m\libnosys_s.a(isatty.o)
                                 0x24 (size before relaxing)
 .stab          0x00000054       0x18 c:/program files (x86)/embitz/1.11/share/em_armgcc/bin/../lib/gcc/arm-none-eabi/5.4.1/../../../../arm-none-eabi/lib/armv7-m\libnosys_s.a(lseek.o)
                                 0x24 (size before relaxing)
 .stab          0x0000006c       0x18 c:/program files (x86)/embitz/1.11/share/em_armgcc/bin/../lib/gcc/arm-none-eabi/5.4.1/../../../../arm-none-eabi/lib/armv7-m\libnosys_s.a(read.o)
                                 0x24 (size before relaxing)

.stabstr        0x00000000      0x117
 .stabstr       0x00000000      0x117 c:/program files (x86)/embitz/1.11/share/em_armgcc/bin/../lib/gcc/arm-none-eabi/5.4.1/../../../../arm-none-eabi/lib/armv7-m\libnosys_s.a(close.o)
