Archive member included to satisfy reference by file (symbol)

c:/program files (x86)/embitz/2.00/share/armgcc/bin/../lib/gcc/arm-none-eabi/9.3.1/thumb/v7-m/nofp\libgcc.a(_aeabi_uldivmod.o)
                              obj\debug\spl\src\delay.o (__aeabi_uldivmod)
c:/program files (x86)/embitz/2.00/share/armgcc/bin/../lib/gcc/arm-none-eabi/9.3.1/thumb/v7-m/nofp\libgcc.a(_udivmoddi4.o)
                              c:/program files (x86)/embitz/2.00/share/armgcc/bin/../lib/gcc/arm-none-eabi/9.3.1/thumb/v7-m/nofp\libgcc.a(_aeabi_uldivmod.o) (__udivmoddi4)
c:/program files (x86)/embitz/2.00/share/armgcc/bin/../lib/gcc/arm-none-eabi/9.3.1/thumb/v7-m/nofp\libgcc.a(_dvmd_tls.o)
                              c:/program files (x86)/embitz/2.00/share/armgcc/bin/../lib/gcc/arm-none-eabi/9.3.1/thumb/v7-m/nofp\libgcc.a(_aeabi_uldivmod.o) (__aeabi_ldiv0)
c:/program files (x86)/embitz/2.00/share/armgcc/bin/../lib/gcc/arm-none-eabi/9.3.1/../../../../arm-none-eabi/lib/thumb/v7-m/nofp\libg_nano.a(lib_a-exit.o)
                              c:/program files (x86)/embitz/2.00/share/armgcc/bin/../lib/gcc/arm-none-eabi/9.3.1/../../../../arm-none-eabi/lib/thumb/v7-m/nofp/crt0.o (exit)
c:/program files (x86)/embitz/2.00/share/armgcc/bin/../lib/gcc/arm-none-eabi/9.3.1/../../../../arm-none-eabi/lib/thumb/v7-m/nofp\libg_nano.a(lib_a-impure.o)
                              c:/program files (x86)/embitz/2.00/share/armgcc/bin/../lib/gcc/arm-none-eabi/9.3.1/../../../../arm-none-eabi/lib/thumb/v7-m/nofp\libg_nano.a(lib_a-exit.o) (_global_impure_ptr)
c:/program files (x86)/embitz/2.00/share/armgcc/bin/../lib/gcc/arm-none-eabi/9.3.1/../../../../arm-none-eabi/lib/thumb/v7-m/nofp\libg_nano.a(lib_a-init.o)
                              c:/program files (x86)/embitz/2.00/share/armgcc/bin/../lib/gcc/arm-none-eabi/9.3.1/../../../../arm-none-eabi/lib/thumb/v7-m/nofp/crt0.o (__libc_init_array)
c:/program files (x86)/embitz/2.00/share/armgcc/bin/../lib/gcc/arm-none-eabi/9.3.1/../../../../arm-none-eabi/lib/thumb/v7-m/nofp\libg_nano.a(lib_a-memset.o)
                              c:/program files (x86)/embitz/2.00/share/armgcc/bin/../lib/gcc/arm-none-eabi/9.3.1/../../../../arm-none-eabi/lib/thumb/v7-m/nofp/crt0.o (memset)
c:/program files (x86)/embitz/2.00/share/armgcc/bin/../lib/gcc/arm-none-eabi/9.3.1/../../../../arm-none-eabi/lib/thumb/v7-m/nofp\libg_nano.a(lib_a-printf.o)
                              obj\debug\src\main.o (printf)
c:/program files (x86)/embitz/2.00/share/armgcc/bin/../lib/gcc/arm-none-eabi/9.3.1/../../../../arm-none-eabi/lib/thumb/v7-m/nofp\libg_nano.a(lib_a-strchr.o)
                              obj\debug\src\main.o (strchr)
c:/program files (x86)/embitz/2.00/share/armgcc/bin/../lib/gcc/arm-none-eabi/9.3.1/../../../../arm-none-eabi/lib/thumb/v7-m/nofp\libg_nano.a(lib_a-strcpy.o)
                              obj\debug\src\main.o (strcpy)
c:/program files (x86)/embitz/2.00/share/armgcc/bin/../lib/gcc/arm-none-eabi/9.3.1/../../../../arm-none-eabi/lib/thumb/v7-m/nofp\libg_nano.a(lib_a-strlen.o)
                              obj\debug\spl\src\flash.o (strlen)
c:/program files (x86)/embitz/2.00/share/armgcc/bin/../lib/gcc/arm-none-eabi/9.3.1/../../../../arm-none-eabi/lib/thumb/v7-m/nofp\libg_nano.a(lib_a-strstr.o)
                              obj\debug\src\main.o (strstr)
c:/program files (x86)/embitz/2.00/share/armgcc/bin/../lib/gcc/arm-none-eabi/9.3.1/../../../../arm-none-eabi/lib/thumb/v7-m/nofp\libg_nano.a(lib_a-findfp.o)
                              c:/program files (x86)/embitz/2.00/share/armgcc/bin/../lib/gcc/arm-none-eabi/9.3.1/../../../../arm-none-eabi/lib/thumb/v7-m/nofp\libg_nano.a(lib_a-printf.o) (__sinit)
c:/program files (x86)/embitz/2.00/share/armgcc/bin/../lib/gcc/arm-none-eabi/9.3.1/../../../../arm-none-eabi/lib/thumb/v7-m/nofp\libg_nano.a(lib_a-fwalk.o)
                              c:/program files (x86)/embitz/2.00/share/armgcc/bin/../lib/gcc/arm-none-eabi/9.3.1/../../../../arm-none-eabi/lib/thumb/v7-m/nofp\libg_nano.a(lib_a-findfp.o) (_fwalk)
c:/program files (x86)/embitz/2.00/share/armgcc/bin/../lib/gcc/arm-none-eabi/9.3.1/../../../../arm-none-eabi/lib/thumb/v7-m/nofp\libg_nano.a(lib_a-lock.o)
                              c:/program files (x86)/embitz/2.00/share/armgcc/bin/../lib/gcc/arm-none-eabi/9.3.1/../../../../arm-none-eabi/lib/thumb/v7-m/nofp\libg_nano.a(lib_a-findfp.o) (__retarget_lock_init_recursive)
c:/program files (x86)/embitz/2.00/share/armgcc/bin/../lib/gcc/arm-none-eabi/9.3.1/../../../../arm-none-eabi/lib/thumb/v7-m/nofp\libg_nano.a(lib_a-nano-mallocr.o)
                              c:/program files (x86)/embitz/2.00/share/armgcc/bin/../lib/gcc/arm-none-eabi/9.3.1/../../../../arm-none-eabi/lib/thumb/v7-m/nofp\libg_nano.a(lib_a-findfp.o) (_malloc_r)
c:/program files (x86)/embitz/2.00/share/armgcc/bin/../lib/gcc/arm-none-eabi/9.3.1/../../../../arm-none-eabi/lib/thumb/v7-m/nofp\libg_nano.a(lib_a-nano-vfprintf.o)
[...]
Memory Configuration

Name             Origin             Length             Attributes
ROM              0x08000000         0x00010000         xr
RAM              0x20000000         0x00005000         xrw
*default*        0x00000000         0xffffffff

Linker script and memory map

LOAD c:/program files (x86)/embitz/2.00/share/armgcc/bin/../lib/gcc/arm-none-eabi/9.3.1/thumb/v7-m/nofp/crtfastmath.o
LOAD c:/program files (x86)/embitz/2.00/share/armgcc/bin/../lib/gcc/arm-none-eabi/9.3.1/thumb/v7-m/nofp/crti.o
LOAD c:/program files (x86)/embitz/2.00/share/armgcc/bin/../lib/gcc/arm-none-eabi/9.3.1/thumb/v7-m/nofp/crtbegin.o
LOAD c:/program files (x86)/embitz/2.00/share/armgcc/bin/../lib/gcc/arm-none-eabi/9.3.1/../../../../arm-none-eabi/lib/thumb/v7-m/nofp/crt0.o
                0x00000000                __HEAP_SIZE = 0x0
                0x00000100                __STACK_SIZE = 0x100

.text           0x08000000     0x2548
 *(.isr_vector)
 .isr_vector    0x08000000       0xec obj\debug\src\startup_stm32f10x_md.o
                0x08000000                __isr_vector
 *(.text*)
 .text          0x080000ec       0x40 c:/program files (x86)/embitz/2.00/share/armgcc/bin/../lib/gcc/arm-none-eabi/9.3.1/thumb/v7-m/nofp/crtbegin.o
 .text          0x0800012c       0x7c c:/program files (x86)/embitz/2.00/share/armgcc/bin/../lib/gcc/arm-none-eabi/9.3.1/../../../../arm-none-eabi/lib/thumb/v7-m/nofp/crt0.o
                0x0800012c                _stack_init
                0x08000134                _start
                0x08000134                _mainCRTStartup
 .text.SysTick_Init
                0x080001a8       0x14 obj\debug\spl\src\delay.o
                0x080001a8                SysTick_Init
 .text.SysTick_Handler
                0x080001bc       0x10 obj\debug\spl\src\delay.o
                0x080001bc                SysTick_Handler
 .text.delay_ms
                0x080001cc       0x38 obj\debug\spl\src\delay.o
                0x080001cc                delay_ms
 .text.UART1_Init_A9A10
                0x08000204       0x84 obj\debug\spl\src\driver_uart.o
                0x08000204                UART1_Init_A9A10
 .text._write   0x08000288       0x24 obj\debug\spl\src\driver_uart.o
                0x08000288                _write
 .text.UART3_Config
                0x080002ac       0x88 obj\debug\spl\src\driver_uart.o
                0x080002ac                UART3_Config
 .text.USART3_IRQHandler
                0x08000334       0x40 obj\debug\spl\src\driver_uart.o
                0x08000334                USART3_IRQHandler
 .text.USART1_IRQHandler
                0x08000374       0x40 obj\debug\spl\src\driver_uart.o
                0x08000374                USART1_IRQHandler
 .text.Flash_ReadChar
                0x080003b4       0x34 obj\debug\spl\src\flash.o
                0x080003b4                Flash_ReadChar
 .text.Flash_ProgramPage
                0x080003e8       0xa4 obj\debug\spl\src\flash.o
                0x080003e8                Flash_ProgramPage
 .text.NVIC_Init
                0x0800048c       0x68 obj\debug\spl\src\misc.o
                0x0800048c                NVIC_Init
 .text.FLASH_Unlock
                0x080004f4       0x18 obj\debug\spl\src\stm32f10x_flash.o
                0x080004f4                FLASH_Unlock
 .text.FLASH_Lock
                0x0800050c       0x10 obj\debug\spl\src\stm32f10x_flash.o
                0x0800050c                FLASH_Lock
 .text.GPIO_Init
                0x0800051c      0x2d0 obj\debug\spl\src\stm32f10x_gpio.o
                0x0800051c                GPIO_Init
 .text.GPIO_ReadInputDataBit
                0x080007ec        0xc obj\debug\spl\src\stm32f10x_gpio.o
                0x080007ec                GPIO_ReadInputDataBit
 .text.GPIO_SetBits
                0x080007f8        0x4 obj\debug\spl\src\stm32f10x_gpio.o
                0x080007f8                GPIO_SetBits
 .text.GPIO_ResetBits
                0x080007fc        0x4 obj\debug\spl\src\stm32f10x_gpio.o
                0x080007fc                GPIO_ResetBits
 .text.RCC_GetClocksFreq
                0x08000800       0x90 obj\debug\spl\src\stm32f10x_rcc.o
                0x08000800                RCC_GetClocksFreq
 .text.RCC_APB2PeriphClockCmd
                0x08000890       0x18 obj\debug\spl\src\stm32f10x_rcc.o
                0x08000890                RCC_APB2PeriphClockCmd
 .text.RCC_APB1PeriphClockCmd
                0x080008a8       0x18 obj\debug\spl\src\stm32f10x_rcc.o
                0x080008a8                RCC_APB1PeriphClockCmd
 .text.TIM_TimeBaseInit
                0x080008c0       0xa8 obj\debug\spl\src\stm32f10x_tim.o
                0x080008c0                TIM_TimeBaseInit
 .text.TIM_Cmd  0x08000968       0x1c obj\debug\spl\src\stm32f10x_tim.o
                0x08000968                TIM_Cmd
 .text.TIM_ITConfig
                0x08000984       0x14 obj\debug\spl\src\stm32f10x_tim.o
                0x08000984                TIM_ITConfig
 .text.TIM_GetFlagStatus
                0x08000998        0xc obj\debug\spl\src\stm32f10x_tim.o
                0x08000998                TIM_GetFlagStatus
 .text.TIM_ClearFlag
                0x080009a4        0x8 obj\debug\spl\src\stm32f10x_tim.o
                0x080009a4                TIM_ClearFlag
 .text.USART_Init
                0x080009ac       0xbc obj\debug\spl\src\stm32f10x_usart.o
                0x080009ac                USART_Init
 .text.USART_Cmd
                0x08000a68       0x1c obj\debug\spl\src\stm32f10x_usart.o
                0x08000a68                USART_Cmd
 .text.USART_ITConfig
                0x08000a84       0x38 obj\debug\spl\src\stm32f10x_usart.o
                0x08000a84                USART_ITConfig
 .text.USART_ReceiveData
                0x08000abc        0x8 obj\debug\spl\src\stm32f10x_usart.o
                0x08000abc                USART_ReceiveData
 .text.USART_GetFlagStatus
                0x08000ac4        0xc obj\debug\spl\src\stm32f10x_usart.o
                0x08000ac4                USART_GetFlagStatus
 .text.Task_Uart_Control_L298.part.0
                0x08000ad0      0x118 obj\debug\src\main.o
 .text.Timer_Init
                0x08000be8       0x58 obj\debug\src\main.o
                0x08000be8                Timer_Init
 .text.TIM2_IRQHandler
                0x08000c40       0x98 obj\debug\src\main.o
                0x08000c40                TIM2_IRQHandler
 .text.Gpio_Init
                0x08000cd8       0x64 obj\debug\src\main.o
                0x08000cd8                Gpio_Init
 .text.Process_Message
                0x08000d3c       0x7c obj\debug\src\main.o
                0x08000d3c                Process_Message
 .text.Task_Button_Control_L298
                0x08000db8      0x218 obj\debug\src\main.o
                0x08000db8                Task_Button_Control_L298
 .text.startup.main
                0x08000fd0      0x2b8 obj\debug\src\main.o
                0x08000fd0                main
 .text          0x08001288       0xb8 obj\debug\src\startup_stm32f10x_md.o
                0x08001288                Reset_Handler
                0x080012ce                NMI_Handler
                0x080012d0                HardFault_Handler
                0x080012d2                MemManage_Handler
                0x080012d4                BusFault_Handler
                0x080012d6                UsageFault_Handler
                0x080012d8                SVC_Handler
                0x080012da                DebugMon_Handler
                0x080012dc                PendSV_Handler
                0x080012e0                Default_Handler
                0x080012e2                WWDG_IRQHandler
                0x080012e4                PVD_IRQHandler
                0x080012e6                TAMPER_IRQHandler
                0x080012e8                RTC_IRQHandler
                0x080012ea                FLASH_IRQHandler
                0x080012ec                RCC_IRQHandler
                0x080012ee                EXTI0_IRQHandler
                0x080012f0                EXTI1_IRQHandler
                0x080012f2                EXTI2_IRQHandler
                0x080012f4                EXTI3_IRQHandler
                0x080012f6                EXTI4_IRQHandler
                0x080012f8                DMA1_Channel1_IRQHandler
                0x080012fa                DMA1_Channel2_IRQHandler
                0x080012fc                DMA1_Channel3_IRQHandler
                0x080012fe                DMA1_Channel4_IRQHandler
                0x08001300                DMA1_Channel5_IRQHandler
                0x08001302                DMA1_Channel6_IRQHandler
                0x08001304                DMA1_Channel7_IRQHandler
                0x08001306                ADC1_2_IRQHandler
                0x08001308                USB_HP_CAN1_TX_IRQHandler
                0x0800130a                USB_LP_CAN1_RX0_IRQHandler
                0x0800130c                CAN1_RX1_IRQHandler
                0x0800130e                CAN1_SCE_IRQHandler
                0x08001310                EXTI9_5_IRQHandler
                0x08001312                TIM1_BRK_IRQHandler
                0x08001314                TIM1_UP_IRQHandler
                0x08001316                TIM1_TRG_COM_IRQHandler
                0x08001318                TIM1_CC_IRQHandler
                0x0800131c                TIM3_IRQHandler
                0x0800131e                TIM4_IRQHandler
                0x08001320                I2C1_EV_IRQHandler
                0x08001322                I2C1_ER_IRQHandler
                0x08001324                I2C2_EV_IRQHandler
                0x08001326                I2C2_ER_IRQHandler
                0x08001328                SPI1_IRQHandler
                0x0800132a                SPI2_IRQHandler
                0x0800132e                USART2_IRQHandler
                0x08001332                EXTI15_10_IRQHandler
                0x08001334                RTCAlarm_IRQHandler
                0x08001336                USBWakeUp_IRQHandler
 .text.SystemInit
                0x08001340      0x104 obj\debug\src\system_stm32f10x.o
                0x08001340                SystemInit
 .text.exit     0x08001444       0x28 c:/program files (x86)/embitz/2.00/share/armgcc/bin/../lib/gcc/arm-none-eabi/9.3.1/../../../../arm-none-eabi/lib/thumb/v7-m/nofp\libg_nano.a(lib_a-exit.o)
                0x08001444                exit
 .text.__libc_init_array
                0x0800146c       0x48 c:/program files (x86)/embitz/2.00/share/armgcc/bin/../lib/gcc/arm-none-eabi/9.3.1/../../../../arm-none-eabi/lib/thumb/v7-m/nofp\libg_nano.a(lib_a-init.o)
                0x0800146c                __libc_init_array
 .text.memset   0x080014b4       0x10 c:/program files (x86)/embitz/2.00/share/armgcc/bin/../lib/gcc/arm-none-eabi/9.3.1/../../../../arm-none-eabi/lib/thumb/v7-m/nofp\libg_nano.a(lib_a-memset.o)
                0x080014b4                memset
 .text.printf   0x080014c4       0x30 c:/program files (x86)/embitz/2.00/share/armgcc/bin/../lib/gcc/arm-none-eabi/9.3.1/../../../../arm-none-eabi/lib/thumb/v7-m/nofp\libg_nano.a(lib_a-printf.o)
                0x080014c4                iprintf
                0x080014c4                printf
 .text.strchr   0x080014f4       0x1a c:/program files (x86)/embitz/2.00/share/armgcc/bin/../lib/gcc/arm-none-eabi/9.3.1/../../../../arm-none-eabi/lib/thumb/v7-m/nofp\libg_nano.a(lib_a-strchr.o)
                0x080014f4                strchr
 .text.strcpy   0x0800150e       0x10 c:/program files (x86)/embitz/2.00/share/armgcc/bin/../lib/gcc/arm-none-eabi/9.3.1/../../../../arm-none-eabi/lib/thumb/v7-m/nofp\libg_nano.a(lib_a-strcpy.o)
                0x0800150e                strcpy
 .text          0x0800151e       0x10 c:/program files (x86)/embitz/2.00/share/armgcc/bin/../lib/gcc/arm-none-eabi/9.3.1/../../../../arm-none-eabi/lib/thumb/v7-m/nofp\libg_nano.a(lib_a-strlen.o)
                0x0800151e                strlen
 .text.strstr   0x0800152e       0x2e c:/program files (x86)/embitz/2.00/share/armgcc/bin/../lib/gcc/arm-none-eabi/9.3.1/../../../../arm-none-eabi/lib/thumb/v7-m/nofp\libg_nano.a(lib_a-strstr.o)
                0x0800152e                strstr
 .text.std      0x0800155c       0x48 c:/program files (x86)/embitz/2.00/share/armgcc/bin/../lib/gcc/arm-none-eabi/9.3.1/../../../../arm-none-eabi/lib/thumb/v7-m/nofp\libg_nano.a(lib_a-findfp.o)
 .text._cleanup_r
                0x080015a4        0xc c:/program files (x86)/embitz/2.00/share/armgcc/bin/../lib/gcc/arm-none-eabi/9.3.1/../../../../arm-none-eabi/lib/thumb/v7-m/nofp\libg_nano.a(lib_a-findfp.o)
                0x080015a4                _cleanup_r
 .text.__sfmoreglue
                0x080015b0       0x2c c:/program files (x86)/embitz/2.00/share/armgcc/bin/../lib/gcc/arm-none-eabi/9.3.1/../../../../arm-none-eabi/lib/thumb/v7-m/nofp\libg_nano.a(lib_a-findfp.o)
                0x080015b0                __sfmoreglue
 .text.__sfp_lock_acquire
                0x080015dc        0xc c:/program files (x86)/embitz/2.00/share/armgcc/bin/../lib/gcc/arm-none-eabi/9.3.1/../../../../arm-none-eabi/lib/thumb/v7-m/nofp\libg_nano.a(lib_a-findfp.o)
                0x080015dc                __sfp_lock_acquire
 .text.__sfp_lock_release
                0x080015e8        0xc c:/program files (x86)/embitz/2.00/share/armgcc/bin/../lib/gcc/arm-none-eabi/9.3.1/../../../../arm-none-eabi/lib/thumb/v7-m/nofp\libg_nano.a(lib_a-findfp.o)
                0x080015e8                __sfp_lock_release
 .text.__sinit_lock_acquire
                0x080015f4        0xc c:/program files (x86)/embitz/2.00/share/armgcc/bin/../lib/gcc/arm-none-eabi/9.3.1/../../../../arm-none-eabi/lib/thumb/v7-m/nofp\libg_nano.a(lib_a-findfp.o)
                0x080015f4                __sinit_lock_acquire
 .text.__sinit_lock_release
                0x08001600        0xc c:/program files (x86)/embitz/2.00/share/armgcc/bin/../lib/gcc/arm-none-eabi/9.3.1/../../../../arm-none-eabi/lib/thumb/v7-m/nofp\libg_nano.a(lib_a-findfp.o)
                0x08001600                __sinit_lock_release
 .text.__sinit  0x0800160c       0x70 c:/program files (x86)/embitz/2.00/share/armgcc/bin/../lib/gcc/arm-none-eabi/9.3.1/../../../../arm-none-eabi/lib/thumb/v7-m/nofp\libg_nano.a(lib_a-findfp.o)
                0x0800160c                __sinit
 .text.__sfp    0x0800167c       0x8c c:/program files (x86)/embitz/2.00/share/armgcc/bin/../lib/gcc/arm-none-eabi/9.3.1/../../../../arm-none-eabi/lib/thumb/v7-m/nofp\libg_nano.a(lib_a-findfp.o)
                0x0800167c                __sfp
 .text._fwalk_reent
                0x08001708       0x3e c:/program files (x86)/embitz/2.00/share/armgcc/bin/../lib/gcc/arm-none-eabi/9.3.1/../../../../arm-none-eabi/lib/thumb/v7-m/nofp\libg_nano.a(lib_a-fwalk.o)
                0x08001708                _fwalk_reent
 .text.__retarget_lock_init_recursive
                0x08001746        0x2 c:/program files (x86)/embitz/2.00/share/armgcc/bin/../lib/gcc/arm-none-eabi/9.3.1/../../../../arm-none-eabi/lib/thumb/v7-m/nofp\libg_nano.a(lib_a-lock.o)
                0x08001746                __retarget_lock_init_recursive
 .text.__retarget_lock_acquire_recursive
                0x08001748        0x2 c:/program files (x86)/embitz/2.00/share/armgcc/bin/../lib/gcc/arm-none-eabi/9.3.1/../../../../arm-none-eabi/lib/thumb/v7-m/nofp\libg_nano.a(lib_a-lock.o)
                0x08001748                __retarget_lock_acquire_recursive
 .text.__retarget_lock_release_recursive
                0x0800174a        0x2 c:/program files (x86)/embitz/2.00/share/armgcc/bin/../lib/gcc/arm-none-eabi/9.3.1/../../../../arm-none-eabi/lib/thumb/v7-m/nofp\libg_nano.a(lib_a-lock.o)
                0x0800174a                __retarget_lock_release_recursive
 .text._malloc_r
                0x0800174c       0xb4 c:/program files (x86)/embitz/2.00/share/armgcc/bin/../lib/gcc/arm-none-eabi/9.3.1/../../../../arm-none-eabi/lib/thumb/v7-m/nofp\libg_nano.a(lib_a-nano-mallocr.o)
                0x0800174c                _malloc_r
 .text.__sfputc_r
                0x08001800       0x2a c:/program files (x86)/embitz/2.00/share/armgcc/bin/../lib/gcc/arm-none-eabi/9.3.1/../../../../arm-none-eabi/lib/thumb/v7-m/nofp\libg_nano.a(lib_a-nano-vfprintf.o)
 .text.__sfputs_r
                0x0800182a       0x24 c:/program files (x86)/embitz/2.00/share/armgcc/bin/../lib/gcc/arm-none-eabi/9.3.1/../../../../arm-none-eabi/lib/thumb/v7-m/nofp\libg_nano.a(lib_a-nano-vfprintf.o)
                0x0800182a                __sfputs_r
 *fill*         0x0800184e        0x2 
 .text._vfprintf_r
                0x08001850      0x260 c:/program files (x86)/embitz/2.00/share/armgcc/bin/../lib/gcc/arm-none-eabi/9.3.1/../../../../arm-none-eabi/lib/thumb/v7-m/nofp\libg_nano.a(lib_a-nano-vfprintf.o)
                0x08001850                _vfprintf_r
                0x08001850                _vfiprintf_r
 .text._printf_common
                0x08001ab0       0xde c:/program files (x86)/embitz/2.00/share/armgcc/bin/../lib/gcc/arm-none-eabi/9.3.1/../../../../arm-none-eabi/lib/thumb/v7-m/nofp\libg_nano.a(lib_a-nano-vfprintf_i.o)
                0x08001ab0                _printf_common
 *fill*         0x08001b8e        0x2 
 .text._printf_i
                0x08001b90      0x24c c:/program files (x86)/embitz/2.00/share/armgcc/bin/../lib/gcc/arm-none-eabi/9.3.1/../../../../arm-none-eabi/lib/thumb/v7-m/nofp\libg_nano.a(lib_a-nano-vfprintf_i.o)
                0x08001b90                _printf_i
 .text._sbrk_r  0x08001ddc       0x20 c:/program files (x86)/embitz/2.00/share/armgcc/bin/../lib/gcc/arm-none-eabi/9.3.1/../../../../arm-none-eabi/lib/thumb/v7-m/nofp\libg_nano.a(lib_a-sbrkr.o)
                0x08001ddc                _sbrk_r
 .text.__sread  0x08001dfc       0x22 c:/program files (x86)/embitz/2.00/share/armgcc/bin/../lib/gcc/arm-none-eabi/9.3.1/../../../../arm-none-eabi/lib/thumb/v7-m/nofp\libg_nano.a(lib_a-stdio.o)
                0x08001dfc                __sread
 .text.__swrite
                0x08001e1e       0x38 c:/program files (x86)/embitz/2.00/share/armgcc/bin/../lib/gcc/arm-none-eabi/9.3.1/../../../../arm-none-eabi/lib/thumb/v7-m/nofp\libg_nano.a(lib_a-stdio.o)
                0x08001e1e                __swrite
 .text.__sseek  0x08001e56       0x24 c:/program files (x86)/embitz/2.00/share/armgcc/bin/../lib/gcc/arm-none-eabi/9.3.1/../../../../arm-none-eabi/lib/thumb/v7-m/nofp\libg_nano.a(lib_a-stdio.o)
                0x08001e56                __sseek
 .text.__sclose
                0x08001e7a        0x8 c:/program files (x86)/embitz/2.00/share/armgcc/bin/../lib/gcc/arm-none-eabi/9.3.1/../../../../arm-none-eabi/lib/thumb/v7-m/nofp\libg_nano.a(lib_a-stdio.o)
                0x08001e7a                __sclose
 *fill*         0x08001e82        0x2 
 .text.__swbuf_r
                0x08001e84       0xa4 c:/program files (x86)/embitz/2.00/share/armgcc/bin/../lib/gcc/arm-none-eabi/9.3.1/../../../../arm-none-eabi/lib/thumb/v7-m/nofp\libg_nano.a(lib_a-wbuf.o)
                0x08001e84                __swbuf_r
 .text._write_r
                0x08001f28       0x24 c:/program files (x86)/embitz/2.00/share/armgcc/bin/../lib/gcc/arm-none-eabi/9.3.1/../../../../arm-none-eabi/lib/thumb/v7-m/nofp\libg_nano.a(lib_a-writer.o)
                0x08001f28                _write_r
 .text.__swsetup_r
                0x08001f4c       0xdc c:/program files (x86)/embitz/2.00/share/armgcc/bin/../lib/gcc/arm-none-eabi/9.3.1/../../../../arm-none-eabi/lib/thumb/v7-m/nofp\libg_nano.a(lib_a-wsetup.o)
                0x08001f4c                __swsetup_r
 .text._close_r
                0x08002028       0x20 c:/program files (x86)/embitz/2.00/share/armgcc/bin/../lib/gcc/arm-none-eabi/9.3.1/../../../../arm-none-eabi/lib/thumb/v7-m/nofp\libg_nano.a(lib_a-closer.o)
                0x08002028                _close_r
 .text.__sflush_r
                0x08002048      0x10c c:/program files (x86)/embitz/2.00/share/armgcc/bin/../lib/gcc/arm-none-eabi/9.3.1/../../../../arm-none-eabi/lib/thumb/v7-m/nofp\libg_nano.a(lib_a-fflush.o)
                0x08002048                __sflush_r
 .text._fflush_r
                0x08002154       0x78 c:/program files (x86)/embitz/2.00/share/armgcc/bin/../lib/gcc/arm-none-eabi/9.3.1/../../../../arm-none-eabi/lib/thumb/v7-m/nofp\libg_nano.a(lib_a-fflush.o)
                0x08002154                _fflush_r
 .text._lseek_r
                0x080021cc       0x24 c:/program files (x86)/embitz/2.00/share/armgcc/bin/../lib/gcc/arm-none-eabi/9.3.1/../../../../arm-none-eabi/lib/thumb/v7-m/nofp\libg_nano.a(lib_a-lseekr.o)
                0x080021cc                _lseek_r
 .text.__swhatbuf_r
                0x080021f0       0x48 c:/program files (x86)/embitz/2.00/share/armgcc/bin/../lib/gcc/arm-none-eabi/9.3.1/../../../../arm-none-eabi/lib/thumb/v7-m/nofp\libg_nano.a(lib_a-makebuf.o)
                0x080021f0                __swhatbuf_r
 .text.__smakebuf_r
                0x08002238       0x80 c:/program files (x86)/embitz/2.00/share/armgcc/bin/../lib/gcc/arm-none-eabi/9.3.1/../../../../arm-none-eabi/lib/thumb/v7-m/nofp\libg_nano.a(lib_a-makebuf.o)
                0x08002238                __smakebuf_r
 .text.memchr   0x080022b8       0x1c c:/program files (x86)/embitz/2.00/share/armgcc/bin/../lib/gcc/arm-none-eabi/9.3.1/../../../../arm-none-eabi/lib/thumb/v7-m/nofp\libg_nano.a(lib_a-memchr-stub.o)
                0x080022b8                memchr
 .text.__malloc_lock
                0x080022d4        0xc c:/program files (x86)/embitz/2.00/share/armgcc/bin/../lib/gcc/arm-none-eabi/9.3.1/../../../../arm-none-eabi/lib/thumb/v7-m/nofp\libg_nano.a(lib_a-mlock.o)
                0x080022d4                __malloc_lock
 .text.__malloc_unlock
                0x080022e0        0xc c:/program files (x86)/embitz/2.00/share/armgcc/bin/../lib/gcc/arm-none-eabi/9.3.1/../../../../arm-none-eabi/lib/thumb/v7-m/nofp\libg_nano.a(lib_a-mlock.o)
                0x080022e0                __malloc_unlock
 .text._free_r  0x080022ec       0x98 c:/program files (x86)/embitz/2.00/share/armgcc/bin/../lib/gcc/arm-none-eabi/9.3.1/../../../../arm-none-eabi/lib/thumb/v7-m/nofp\libg_nano.a(lib_a-nano-freer.o)
                0x080022ec                _free_r
 .text._read_r  0x08002384       0x24 c:/program files (x86)/embitz/2.00/share/armgcc/bin/../lib/gcc/arm-none-eabi/9.3.1/../../../../arm-none-eabi/lib/thumb/v7-m/nofp\libg_nano.a(lib_a-readr.o)
                0x08002384                _read_r
 .text._fstat_r
                0x080023a8       0x24 c:/program files (x86)/embitz/2.00/share/armgcc/bin/../lib/gcc/arm-none-eabi/9.3.1/../../../../arm-none-eabi/lib/thumb/v7-m/nofp\libg_nano.a(lib_a-fstatr.o)
                0x080023a8                _fstat_r
 .text._isatty_r
                0x080023cc       0x20 c:/program files (x86)/embitz/2.00/share/armgcc/bin/../lib/gcc/arm-none-eabi/9.3.1/../../../../arm-none-eabi/lib/thumb/v7-m/nofp\libg_nano.a(lib_a-isattyr.o)
                0x080023cc                _isatty_r
 .text._close   0x080023ec       0x10 c:/program files (x86)/embitz/2.00/share/armgcc/bin/../lib/gcc/arm-none-eabi/9.3.1/../../../../arm-none-eabi/lib/thumb/v7-m/nofp\libnosys.a(close.o)
                0x080023ec                _close
 .text._fstat   0x080023fc       0x10 c:/program files (x86)/embitz/2.00/share/armgcc/bin/../lib/gcc/arm-none-eabi/9.3.1/../../../../arm-none-eabi/lib/thumb/v7-m/nofp\libnosys.a(fstat.o)
                0x080023fc                _fstat
 .text._isatty  0x0800240c       0x10 c:/program files (x86)/embitz/2.00/share/armgcc/bin/../lib/gcc/arm-none-eabi/9.3.1/../../../../arm-none-eabi/lib/thumb/v7-m/nofp\libnosys.a(isatty.o)
                0x0800240c                _isatty
 .text._lseek   0x0800241c       0x10 c:/program files (x86)/embitz/2.00/share/armgcc/bin/../lib/gcc/arm-none-eabi/9.3.1/../../../../arm-none-eabi/lib/thumb/v7-m/nofp\libnosys.a(lseek.o)
                0x0800241c                _lseek
 .text._read    0x0800242c       0x10 c:/program files (x86)/embitz/2.00/share/armgcc/bin/../lib/gcc/arm-none-eabi/9.3.1/../../../../arm-none-eabi/lib/thumb/v7-m/nofp\libnosys.a(read.o)
                0x0800242c                _read
 .text._sbrk    0x0800243c       0x1c c:/program files (x86)/embitz/2.00/share/armgcc/bin/../lib/gcc/arm-none-eabi/9.3.1/../../../../arm-none-eabi/lib/thumb/v7-m/nofp\libnosys.a(sbrk.o)
                0x0800243c                _sbrk
 .text._exit    0x08002458        0x4 c:/program files (x86)/embitz/2.00/share/armgcc/bin/../lib/gcc/arm-none-eabi/9.3.1/../../../../arm-none-eabi/lib/thumb/v7-m/nofp\libnosys.a(_exit.o)
                0x08002458                _exit
 *(.init)
 .init          0x0800245c        0x4 c:/program files (x86)/embitz/2.00/share/armgcc/bin/../lib/gcc/arm-none-eabi/9.3.1/thumb/v7-m/nofp/crti.o
                0x0800245c                _init
 .init          0x08002460        0x8 c:/program files (x86)/embitz/2.00/share/armgcc/bin/../lib/gcc/arm-none-eabi/9.3.1/thumb/v7-m/nofp/crtn.o
 *(.fini)
 .fini          0x08002468        0x4 c:/program files (x86)/embitz/2.00/share/armgcc/bin/../lib/gcc/arm-none-eabi/9.3.1/thumb/v7-m/nofp/crti.o
                0x08002468                _fini
 .fini          0x0800246c        0x8 c:/program files (x86)/embitz/2.00/share/armgcc/bin/../lib/gcc/arm-none-eabi/9.3.1/thumb/v7-m/nofp/crtn.o
 *crtbegin.o(.ctors)
 *crtbegin?.o(.ctors)
 *(EXCLUDE_FILE(*crtend.o *crtend?.o) .ctors)
 *(SORT_BY_NAME(.ctors.*))
 *(.ctors)
 *crtbegin.o(.dtors)
 *crtbegin?.o(.dtors)
 *(EXCLUDE_FILE(*crtend.o *crtend?.o) .dtors)
 *(SORT_BY_NAME(.dtors.*))
 *(.dtors)
 *(.rodata*)
 .rodata.Task_Pair_RF_Connect.str1.4
                0x08002474        0x3 obj\debug\src\main.o
 *fill*         0x08002477        0x1 
 .rodata.Task_Ping_Status.str1.4
                0x08002478        0xe obj\debug\src\main.o
 *fill*         0x08002486        0x2 
 .rodata.Task_Send_Sensor_Status.str1.4
                0x08002488       0x1e obj\debug\src\main.o
 *fill*         0x080024a6        0x2 
 .rodata.Task_Uart_Control_L298.str1.4
                0x080024a8        0x3 obj\debug\src\main.o
 *fill*         0x080024ab        0x1 
 .rodata._global_impure_ptr
                0x080024ac        0x4 c:/program files (x86)/embitz/2.00/share/armgcc/bin/../lib/gcc/arm-none-eabi/9.3.1/../../../../arm-none-eabi/lib/thumb/v7-m/nofp\libg_nano.a(lib_a-impure.o)
                0x080024ac                _global_impure_ptr
 .rodata.__sf_fake_stderr
                0x080024b0       0x20 c:/program files (x86)/embitz/2.00/share/armgcc/bin/../lib/gcc/arm-none-eabi/9.3.1/../../../../arm-none-eabi/lib/thumb/v7-m/nofp\libg_nano.a(lib_a-findfp.o)
                0x080024b0                __sf_fake_stderr
 .rodata.__sf_fake_stdin
                0x080024d0       0x20 c:/program files (x86)/embitz/2.00/share/armgcc/bin/../lib/gcc/arm-none-eabi/9.3.1/../../../../arm-none-eabi/lib/thumb/v7-m/nofp\libg_nano.a(lib_a-findfp.o)
                0x080024d0                __sf_fake_stdin
 .rodata.__sf_fake_stdout
                0x080024f0       0x20 c:/program files (x86)/embitz/2.00/share/armgcc/bin/../lib/gcc/arm-none-eabi/9.3.1/../../../../arm-none-eabi/lib/thumb/v7-m/nofp\libg_nano.a(lib_a-findfp.o)
                0x080024f0                __sf_fake_stdout
 .rodata._vfprintf_r.str1.1
                0x08002510       0x11 c:/program files (x86)/embitz/2.00/share/armgcc/bin/../lib/gcc/arm-none-eabi/9.3.1/../../../../arm-none-eabi/lib/thumb/v7-m/nofp\libg_nano.a(lib_a-nano-vfprintf.o)
 .rodata._printf_i.str1.1
                0x08002521       0x22 c:/program files (x86)/embitz/2.00/share/armgcc/bin/../lib/gcc/arm-none-eabi/9.3.1/../../../../arm-none-eabi/lib/thumb/v7-m/nofp\libg_nano.a(lib_a-nano-vfprintf_i.o)
 *(.eh_frame*)
 *fill*         0x08002543        0x1 
 .eh_frame      0x08002544        0x0 c:/program files (x86)/embitz/2.00/share/armgcc/bin/../lib/gcc/arm-none-eabi/9.3.1/thumb/v7-m/nofp/crtbegin.o
 .eh_frame      0x08002544        0x4 c:/program files (x86)/embitz/2.00/share/armgcc/bin/../lib/gcc/arm-none-eabi/9.3.1/thumb/v7-m/nofp/crtend.o

.glue_7         0x08002548        0x0
 .glue_7        0x08002548        0x0 linker stubs

.glue_7t        0x08002548        0x0
 .glue_7t       0x08002548        0x0 linker stubs

.vfp11_veneer   0x08002548        0x0
 .vfp11_veneer  0x08002548        0x0 linker stubs

.v4_bx          0x08002548        0x0
 .v4_bx         0x08002548        0x0 linker stubs

.iplt           0x08002548        0x0
 .iplt          0x08002548        0x0 c:/program files (x86)/embitz/2.00/share/armgcc/bin/../lib/gcc/arm-none-eabi/9.3.1/thumb/v7-m/nofp/crtbegin.o

.ARM.extab
 *(.ARM.extab* .gnu.linkonce.armextab.*)
                0x08002548                __exidx_start = .

.ARM.exidx      0x08002548        0x8
 *(.ARM.exidx* .gnu.linkonce.armexidx.*)
 .ARM.exidx     0x08002548        0x8 c:/program files (x86)/embitz/2.00/share/armgcc/bin/../lib/gcc/arm-none-eabi/9.3.1/../../../../arm-none-eabi/lib/thumb/v7-m/nofp/crt0.o
                                 0x10 (size before relaxing)
                0x08002550                __exidx_end = .
                0x08002550                __etext = .

.rel.dyn        0x08002550        0x0
 .rel.iplt      0x08002550        0x0 c:/program files (x86)/embitz/2.00/share/armgcc/bin/../lib/gcc/arm-none-eabi/9.3.1/thumb/v7-m/nofp/crtbegin.o

.data           0x20000000       0x8c load address 0x08002550
                0x20000000                __data_start__ = .
 *(vtable)
 *(.data*)
 .data.SysTickCounter
                0x20000000        0x4 obj\debug\spl\src\delay.o
                0x20000000                SysTickCounter
 .data.ADCPrescTable
                0x20000004        0x4 obj\debug\spl\src\stm32f10x_rcc.o
 .data.APBAHBPrescTable
                0x20000008       0x10 obj\debug\spl\src\stm32f10x_rcc.o
 .data.ping_status
                0x20000018        0x1 obj\debug\src\main.o
                0x20000018                ping_status
 .data.rx_status
                0x20000019        0x1 obj\debug\src\main.o
                0x20000019                rx_status
 .data.status_motor
                0x2000001a        0x1 obj\debug\src\main.o
                0x2000001a                status_motor
 .data.time_motor
                0x2000001b        0x1 obj\debug\src\main.o
                0x2000001b                time_motor
 .data.tx1_status
                0x2000001c        0x1 obj\debug\src\main.o
                0x2000001c                tx1_status
 *fill*         0x2000001d        0x3 
 .data._impure_ptr
                0x20000020        0x4 c:/program files (x86)/embitz/2.00/share/armgcc/bin/../lib/gcc/arm-none-eabi/9.3.1/../../../../arm-none-eabi/lib/thumb/v7-m/nofp\libg_nano.a(lib_a-impure.o)
                0x20000020                _impure_ptr
 .data.impure_data
                0x20000024       0x60 c:/program files (x86)/embitz/2.00/share/armgcc/bin/../lib/gcc/arm-none-eabi/9.3.1/../../../../arm-none-eabi/lib/thumb/v7-m/nofp\libg_nano.a(lib_a-impure.o)
                0x20000084                . = ALIGN (0x4)
                0x20000084                PROVIDE (__preinit_array_start = .)
 *(.preinit_array)
                0x20000084                PROVIDE (__preinit_array_end = .)
                0x20000084                . = ALIGN (0x4)
                0x20000084                PROVIDE (__init_array_start = .)
 *(SORT_BY_NAME(.init_array.*))
 *(.init_array)
 .init_array    0x20000084        0x4 c:/program files (x86)/embitz/2.00/share/armgcc/bin/../lib/gcc/arm-none-eabi/9.3.1/thumb/v7-m/nofp/crtbegin.o
                0x20000088                PROVIDE (__init_array_end = .)
                0x20000088                . = ALIGN (0x4)
                [!provide]                PROVIDE (__fini_array_start = .)
 *(SORT_BY_NAME(.fini_array.*))
 *(.fini_array)
 .fini_array    0x20000088        0x4 c:/program files (x86)/embitz/2.00/share/armgcc/bin/../lib/gcc/arm-none-eabi/9.3.1/thumb/v7-m/nofp/crtbegin.o
                [!provide]                PROVIDE (__fini_array_end = .)
                0x2000008c                . = ALIGN (0x4)
                0x2000008c                __data_end__ = .

.igot.plt       0x2000008c        0x0 load address 0x080025dc
 .igot.plt      0x2000008c        0x0 c:/program files (x86)/embitz/2.00/share/armgcc/bin/../lib/gcc/arm-none-eabi/9.3.1/thumb/v7-m/nofp/crtbegin.o

.bss            0x2000008c      0x294 load address 0x080025dc
                0x2000008c                __bss_start__ = .
 *(.bss*)
 .bss           0x2000008c       0x1c c:/program files (x86)/embitz/2.00/share/armgcc/bin/../lib/gcc/arm-none-eabi/9.3.1/thumb/v7-m/nofp/crtbegin.o
 .bss.index     0x200000a8        0x1 obj\debug\spl\src\driver_uart.o
 .bss.rx_count  0x200000a9        0x1 obj\debug\spl\src\driver_uart.o
 .bss.slot_ping_time
                0x200000aa        0x1 obj\debug\src\main.o
                0x200000aa                slot_ping_time
 .bss.slot_rx_time
                0x200000ab        0x1 obj\debug\src\main.o
                0x200000ab                slot_rx_time
 .bss.status_pair
                0x200000ac        0x1 obj\debug\src\main.o
                0x200000ac                status_pair
 *fill*         0x200000ad        0x3 
 .bss.__malloc_free_list
                0x200000b0        0x4 c:/program files (x86)/embitz/2.00/share/armgcc/bin/../lib/gcc/arm-none-eabi/9.3.1/../../../../arm-none-eabi/lib/thumb/v7-m/nofp\libg_nano.a(lib_a-nano-mallocr.o)
                0x200000b0                __malloc_free_list
 .bss.__malloc_sbrk_start
                0x200000b4        0x4 c:/program files (x86)/embitz/2.00/share/armgcc/bin/../lib/gcc/arm-none-eabi/9.3.1/../../../../arm-none-eabi/lib/thumb/v7-m/nofp\libg_nano.a(lib_a-nano-mallocr.o)
                0x200000b4                __malloc_sbrk_start
 .bss.heap_end.4144
                0x200000b8        0x4 c:/program files (x86)/embitz/2.00/share/armgcc/bin/../lib/gcc/arm-none-eabi/9.3.1/../../../../arm-none-eabi/lib/thumb/v7-m/nofp\libnosys.a(sbrk.o)
 *(COMMON)
 COMMON         0x200000bc      0x200 obj\debug\spl\src\driver_uart.o
                0x200000bc                Rx_bufArr
                0x200001bc                uart1_rx
 COMMON         0x200002bc        0x1 obj\debug\spl\src\flash.o
                0x200002bc                lengthPage
 *fill*         0x200002bd        0x3 
 COMMON         0x200002c0       0x51 obj\debug\src\main.o
                0x200002c0                status_pair_arr
                0x20000300                type
                0x20000304                ID_master
                0x2000030c                id_node
                0x20000310                mess
 COMMON         0x20000311        0x9 c:/program files (x86)/embitz/2.00/share/armgcc/bin/../lib/gcc/arm-none-eabi/9.3.1/../../../../arm-none-eabi/lib/thumb/v7-m/nofp\libg_nano.a(lib_a-lock.o)
                0x20000311                __lock___atexit_recursive_mutex
                0x20000312                __lock___arc4random_mutex
                0x20000313                __lock___env_recursive_mutex
                0x20000314                __lock___sinit_recursive_mutex
                0x20000315                __lock___malloc_recursive_mutex
                0x20000316                __lock___at_quick_exit_mutex
                0x20000317                __lock___dd_hash_mutex
                0x20000318                __lock___tz_mutex
                0x20000319                __lock___sfp_recursive_mutex
 *fill*         0x2000031a        0x2 
 COMMON         0x2000031c        0x4 c:/program files (x86)/embitz/2.00/share/armgcc/bin/../lib/gcc/arm-none-eabi/9.3.1/../../../../arm-none-eabi/lib/thumb/v7-m/nofp\libg_nano.a(lib_a-reent.o)
                0x2000031c                errno
                0x20000320                __bss_end__ = .

.heap           0x20000320        0x0
                0x20000320                __end__ = .
                0x20000320                end = __end__
 *(.heap*)
 .heap          0x20000320        0x0 obj\debug\src\startup_stm32f10x_md.o
                0x20000320                __HeapLimit = .

.stack_dummy    0x20000320      0x100
 *(.stack)
 .stack         0x20000320      0x100 obj\debug\src\startup_stm32f10x_md.o
                0x20005000                __StackTop = (ORIGIN (RAM) + LENGTH (RAM))
                0x20004f00                __StackLimit = (__StackTop - SIZEOF (.stack_dummy))
                0x20005000                PROVIDE (__stack = __StackTop)
                0x00000001                ASSERT ((__StackLimit >= __HeapLimit), region RAM overflowed with stack)
LOAD obj\debug\spl\src\delay.o
LOAD obj\debug\spl\src\driver_uart.o
LOAD obj\debug\spl\src\flash.o
LOAD obj\debug\spl\src\lowpowermcu.o
LOAD obj\debug\spl\src\misc.o
LOAD obj\debug\spl\src\stm32f10x_adc.o
LOAD obj\debug\spl\src\stm32f10x_bkp.o
LOAD obj\debug\spl\src\stm32f10x_can.o
LOAD obj\debug\spl\src\stm32f10x_cec.o
LOAD obj\debug\spl\src\stm32f10x_crc.o
LOAD obj\debug\spl\src\stm32f10x_dac.o
LOAD obj\debug\spl\src\stm32f10x_dbgmcu.o
LOAD obj\debug\spl\src\stm32f10x_dma.o
LOAD obj\debug\spl\src\stm32f10x_exti.o
LOAD obj\debug\spl\src\stm32f10x_flash.o
LOAD obj\debug\spl\src\stm32f10x_fsmc.o
LOAD obj\debug\spl\src\stm32f10x_gpio.o
LOAD obj\debug\spl\src\stm32f10x_i2c.o
LOAD obj\debug\spl\src\stm32f10x_iwdg.o
LOAD obj\debug\spl\src\stm32f10x_pwr.o
LOAD obj\debug\spl\src\stm32f10x_rcc.o
LOAD obj\debug\spl\src\stm32f10x_rtc.o
LOAD obj\debug\spl\src\stm32f10x_sdio.o
LOAD obj\debug\spl\src\stm32f10x_spi.o
LOAD obj\debug\spl\src\stm32f10x_tim.o
LOAD obj\debug\spl\src\stm32f10x_usart.o
LOAD obj\debug\spl\src\stm32f10x_wwdg.o
LOAD obj\debug\src\main.o
LOAD obj\debug\src\startup_stm32f10x_md.o
LOAD obj\debug\src\system_stm32f10x.o
START GROUP
LOAD c:/program files (x86)/embitz/2.00/share/armgcc/bin/../lib/gcc/arm-none-eabi/9.3.1/thumb/v7-m/nofp\libgcc.a
LOAD c:/program files (x86)/embitz/2.00/share/armgcc/bin/../lib/gcc/arm-none-eabi/9.3.1/../../../../arm-none-eabi/lib/thumb/v7-m/nofp\libg_nano.a
LOAD c:/program files (x86)/embitz/2.00/share/armgcc/bin/../lib/gcc/arm-none-eabi/9.3.1/../../../../arm-none-eabi/lib/thumb/v7-m/nofp\libc_nano.a
END GROUP
START GROUP
LOAD c:/program files (x86)/embitz/2.00/share/armgcc/bin/../lib/gcc/arm-none-eabi/9.3.1/thumb/v7-m/nofp\libgcc.a
LOAD c:/program files (x86)/embitz/2.00/share/armgcc/bin/../lib/gcc/arm-none-eabi/9.3.1/../../../../arm-none-eabi/lib/thumb/v7-m/nofp\libc_nano.a
LOAD c:/program files (x86)/embitz/2.00/share/armgcc/bin/../lib/gcc/arm-none-eabi/9.3.1/../../../../arm-none-eabi/lib/thumb/v7-m/nofp\libnosys.a
END GROUP
START GROUP
LOAD c:/program files (x86)/embitz/2.00/share/armgcc/bin/../lib/gcc/arm-none-eabi/9.3.1/thumb/v7-m/nofp\libgcc.a
LOAD c:/program files (x86)/embitz/2.00/share/armgcc/bin/../lib/gcc/arm-none-eabi/9.3.1/../../../../arm-none-eabi/lib/thumb/v7-m/nofp\libc_nano.a
LOAD c:/program files (x86)/embitz/2.00/share/armgcc/bin/../lib/gcc/arm-none-eabi/9.3.1/../../../../arm-none-eabi/lib/thumb/v7-m/nofp\libnosys.a
END GROUP
LOAD c:/program files (x86)/embitz/2.00/share/armgcc/bin/../lib/gcc/arm-none-eabi/9.3.1/thumb/v7-m/nofp/crtend.o
LOAD c:/program files (x86)/embitz/2.00/share/armgcc/bin/../lib/gcc/arm-none-eabi/9.3.1/thumb/v7-m/nofp/crtn.o
OUTPUT(bin\Debug\LOCK_RX.elf elf32-littlearm)
LOAD linker stubs

.ARM.attributes
                0x00000000       0x2b
 .ARM.attributes
                0x00000000       0x1d c:/program files (x86)/embitz/2.00/share/armgcc/bin/../lib/gcc/arm-none-eabi/9.3.1/thumb/v7-m/nofp/crti.o
 .ARM.attributes
                0x0000001d       0x2d c:/program files (x86)/embitz/2.00/share/armgcc/bin/../lib/gcc/arm-none-eabi/9.3.1/thumb/v7-m/nofp/crtbegin.o
 .ARM.attributes
                0x0000004a       0x1b c:/program files (x86)/embitz/2.00/share/armgcc/bin/../lib/gcc/arm-none-eabi/9.3.1/../../../../arm-none-eabi/lib/thumb/v7-m/nofp/crt0.o
 .ARM.attributes
                0x00000065       0x29 obj\debug\spl\src\delay.o
 .ARM.attributes
                0x0000008e       0x29 obj\debug\spl\src\driver_uart.o
 .ARM.attributes
                0x000000b7       0x29 obj\debug\spl\src\flash.o
 .ARM.attributes
                0x000000e0       0x29 obj\debug\spl\src\misc.o
 .ARM.attributes
                0x00000109       0x29 obj\debug\spl\src\stm32f10x_flash.o
 .ARM.attributes
                0x00000132       0x29 obj\debug\spl\src\stm32f10x_gpio.o
 .ARM.attributes
                0x0000015b       0x29 obj\debug\spl\src\stm32f10x_rcc.o
 .ARM.attributes
                0x00000184       0x29 obj\debug\spl\src\stm32f10x_tim.o
 .ARM.attributes
                0x000001ad       0x29 obj\debug\spl\src\stm32f10x_usart.o
 .ARM.attributes
                0x000001d6       0x29 obj\debug\src\main.o
 .ARM.attributes
                0x000001ff       0x1b obj\debug\src\startup_stm32f10x_md.o
 .ARM.attributes
                0x0000021a       0x29 obj\debug\src\system_stm32f10x.o
 .ARM.attributes
                0x00000243       0x2d c:/program files (x86)/embitz/2.00/share/armgcc/bin/../lib/gcc/arm-none-eabi/9.3.1/../../../../arm-none-eabi/lib/thumb/v7-m/nofp\libg_nano.a(lib_a-exit.o)
 .ARM.attributes
                0x00000270       0x2d c:/program files (x86)/embitz/2.00/share/armgcc/bin/../lib/gcc/arm-none-eabi/9.3.1/../../../../arm-none-eabi/lib/thumb/v7-m/nofp\libg_nano.a(lib_a-impure.o)
 .ARM.attributes
                0x0000029d       0x2d c:/program files (x86)/embitz/2.00/share/armgcc/bin/../lib/gcc/arm-none-eabi/9.3.1/../../../../arm-none-eabi/lib/thumb/v7-m/nofp\libg_nano.a(lib_a-init.o)
 .ARM.attributes
                0x000002ca       0x2d c:/program files (x86)/embitz/2.00/share/armgcc/bin/../lib/gcc/arm-none-eabi/9.3.1/../../../../arm-none-eabi/lib/thumb/v7-m/nofp\libg_nano.a(lib_a-memset.o)
 .ARM.attributes
                0x000002f7       0x2d c:/program files (x86)/embitz/2.00/share/armgcc/bin/../lib/gcc/arm-none-eabi/9.3.1/../../../../arm-none-eabi/lib/thumb/v7-m/nofp\libg_nano.a(lib_a-printf.o)
 .ARM.attributes
                0x00000324       0x2d c:/program files (x86)/embitz/2.00/share/armgcc/bin/../lib/gcc/arm-none-eabi/9.3.1/../../../../arm-none-eabi/lib/thumb/v7-m/nofp\libg_nano.a(lib_a-strchr.o)
 .ARM.attributes
                0x00000351       0x2d c:/program files (x86)/embitz/2.00/share/armgcc/bin/../lib/gcc/arm-none-eabi/9.3.1/../../../../arm-none-eabi/lib/thumb/v7-m/nofp\libg_nano.a(lib_a-strcpy.o)
 .ARM.attributes
                0x0000037e       0x17 c:/program files (x86)/embitz/2.00/share/armgcc/bin/../lib/gcc/arm-none-eabi/9.3.1/../../../../arm-none-eabi/lib/thumb/v7-m/nofp\libg_nano.a(lib_a-strlen.o)
 .ARM.attributes
                0x00000395       0x2d c:/program files (x86)/embitz/2.00/share/armgcc/bin/../lib/gcc/arm-none-eabi/9.3.1/../../../../arm-none-eabi/lib/thumb/v7-m/nofp\libg_nano.a(lib_a-strstr.o)
 .ARM.attributes
                0x000003c2       0x2d c:/program files (x86)/embitz/2.00/share/armgcc/bin/../lib/gcc/arm-none-eabi/9.3.1/../../../../arm-none-eabi/lib/thumb/v7-m/nofp\libg_nano.a(lib_a-findfp.o)
 .ARM.attributes
                0x000003ef       0x2d c:/program files (x86)/embitz/2.00/share/armgcc/bin/../lib/gcc/arm-none-eabi/9.3.1/../../../../arm-none-eabi/lib/thumb/v7-m/nofp\libg_nano.a(lib_a-fwalk.o)
 .ARM.attributes
                0x0000041c       0x2d c:/program files (x86)/embitz/2.00/share/armgcc/bin/../lib/gcc/arm-none-eabi/9.3.1/../../../../arm-none-eabi/lib/thumb/v7-m/nofp\libg_nano.a(lib_a-lock.o)
 .ARM.attributes
                0x00000449       0x2d c:/program files (x86)/embitz/2.00/share/armgcc/bin/../lib/gcc/arm-none-eabi/9.3.1/../../../../arm-none-eabi/lib/thumb/v7-m/nofp\libg_nano.a(lib_a-nano-mallocr.o)
 .ARM.attributes
                0x00000476       0x2d c:/program files (x86)/embitz/2.00/share/armgcc/bin/../lib/gcc/arm-none-eabi/9.3.1/../../../../arm-none-eabi/lib/thumb/v7-m/nofp\libg_nano.a(lib_a-nano-vfprintf.o)
 .ARM.attributes
                0x000004a3       0x2d c:/program files (x86)/embitz/2.00/share/armgcc/bin/../lib/gcc/arm-none-eabi/9.3.1/../../../../arm-none-eabi/lib/thumb/v7-m/nofp\libg_nano.a(lib_a-nano-vfprintf_i.o)
 .ARM.attributes
                0x000004d0       0x2d c:/program files (x86)/embitz/2.00/share/armgcc/bin/../lib/gcc/arm-none-eabi/9.3.1/../../../../arm-none-eabi/lib/thumb/v7-m/nofp\libg_nano.a(lib_a-sbrkr.o)
 .ARM.attributes
                0x000004fd       0x2d c:/program files (x86)/embitz/2.00/share/armgcc/bin/../lib/gcc/arm-none-eabi/9.3.1/../../../../arm-none-eabi/lib/thumb/v7-m/nofp\libg_nano.a(lib_a-stdio.o)
 .ARM.attributes
                0x0000052a       0x2d c:/program files (x86)/embitz/2.00/share/armgcc/bin/../lib/gcc/arm-none-eabi/9.3.1/../../../../arm-none-eabi/lib/thumb/v7-m/nofp\libg_nano.a(lib_a-wbuf.o)
 .ARM.attributes
                0x00000557       0x2d c:/program files (x86)/embitz/2.00/share/armgcc/bin/../lib/gcc/arm-none-eabi/9.3.1/../../../../arm-none-eabi/lib/thumb/v7-m/nofp\libg_nano.a(lib_a-writer.o)
 .ARM.attributes
                0x00000584       0x2d c:/program files (x86)/embitz/2.00/share/armgcc/bin/../lib/gcc/arm-none-eabi/9.3.1/../../../../arm-none-eabi/lib/thumb/v7-m/nofp\libg_nano.a(lib_a-wsetup.o)
 .ARM.attributes
                0x000005b1       0x2d c:/program files (x86)/embitz/2.00/share/armgcc/bin/../lib/gcc/arm-none-eabi/9.3.1/../../../../arm-none-eabi/lib/thumb/v7-m/nofp\libg_nano.a(lib_a-closer.o)
 .ARM.attributes
                0x000005de       0x2d c:/program files (x86)/embitz/2.00/share/armgcc/bin/../lib/gcc/arm-none-eabi/9.3.1/../../../../arm-none-eabi/lib/thumb/v7-m/nofp\libg_nano.a(lib_a-fflush.o)
 .ARM.attributes
                0x0000060b       0x2d c:/program files (x86)/embitz/2.00/share/armgcc/bin/../lib/gcc/arm-none-eabi/9.3.1/../../../../arm-none-eabi/lib/thumb/v7-m/nofp\libg_nano.a(lib_a-lseekr.o)
 .ARM.attributes
                0x00000638       0x2d c:/program files (x86)/embitz/2.00/share/armgcc/bin/../lib/gcc/arm-none-eabi/9.3.1/../../../../arm-none-eabi/lib/thumb/v7-m/nofp\libg_nano.a(lib_a-makebuf.o)
 .ARM.attributes
                0x00000665       0x2d c:/program files (x86)/embitz/2.00/share/armgcc/bin/../lib/gcc/arm-none-eabi/9.3.1/../../../../arm-none-eabi/lib/thumb/v7-m/nofp\libg_nano.a(lib_a-memchr-stub.o)
 .ARM.attributes
                0x00000692       0x2d c:/program files (x86)/embitz/2.00/share/armgcc/bin/../lib/gcc/arm-none-eabi/9.3.1/../../../../arm-none-eabi/lib/thumb/v7-m/nofp\libg_nano.a(lib_a-mlock.o)
 .ARM.attributes
                0x000006bf       0x2d c:/program files (x86)/embitz/2.00/share/armgcc/bin/../lib/gcc/arm-none-eabi/9.3.1/../../../../arm-none-eabi/lib/thumb/v7-m/nofp\libg_nano.a(lib_a-nano-freer.o)
 .ARM.attributes
                0x000006ec       0x2d c:/program files (x86)/embitz/2.00/share/armgcc/bin/../lib/gcc/arm-none-eabi/9.3.1/../../../../arm-none-eabi/lib/thumb/v7-m/nofp\libg_nano.a(lib_a-readr.o)
 .ARM.attributes
                0x00000719       0x2d c:/program files (x86)/embitz/2.00/share/armgcc/bin/../lib/gcc/arm-none-eabi/9.3.1/../../../../arm-none-eabi/lib/thumb/v7-m/nofp\libg_nano.a(lib_a-reent.o)
 .ARM.attributes
                0x00000746       0x2d c:/program files (x86)/embitz/2.00/share/armgcc/bin/../lib/gcc/arm-none-eabi/9.3.1/../../../../arm-none-eabi/lib/thumb/v7-m/nofp\libg_nano.a(lib_a-fstatr.o)
 .ARM.attributes
                0x00000773       0x2d c:/program files (x86)/embitz/2.00/share/armgcc/bin/../lib/gcc/arm-none-eabi/9.3.1/../../../../arm-none-eabi/lib/thumb/v7-m/nofp\libg_nano.a(lib_a-isattyr.o)
 .ARM.attributes
                0x000007a0       0x2d c:/program files (x86)/embitz/2.00/share/armgcc/bin/../lib/gcc/arm-none-eabi/9.3.1/../../../../arm-none-eabi/lib/thumb/v7-m/nofp\libnosys.a(close.o)
 .ARM.attributes
                0x000007cd       0x2d c:/program files (x86)/embitz/2.00/share/armgcc/bin/../lib/gcc/arm-none-eabi/9.3.1/../../../../arm-none-eabi/lib/thumb/v7-m/nofp\libnosys.a(fstat.o)
 .ARM.attributes
                0x000007fa       0x2d c:/program files (x86)/embitz/2.00/share/armgcc/bin/../lib/gcc/arm-none-eabi/9.3.1/../../../../arm-none-eabi/lib/thumb/v7-m/nofp\libnosys.a(isatty.o)
 .ARM.attributes
                0x00000827       0x2d c:/program files (x86)/embitz/2.00/share/armgcc/bin/../lib/gcc/arm-none-eabi/9.3.1/../../../../arm-none-eabi/lib/thumb/v7-m/nofp\libnosys.a(lseek.o)
 .ARM.attributes
                0x00000854       0x2d c:/program files (x86)/embitz/2.00/share/armgcc/bin/../lib/gcc/arm-none-eabi/9.3.1/../../../../arm-none-eabi/lib/thumb/v7-m/nofp\libnosys.a(read.o)
 .ARM.attributes
                0x00000881       0x2d c:/program files (x86)/embitz/2.00/share/armgcc/bin/../lib/gcc/arm-none-eabi/9.3.1/../../../../arm-none-eabi/lib/thumb/v7-m/nofp\libnosys.a(sbrk.o)
 .ARM.attributes
                0x000008ae       0x2d c:/program files (x86)/embitz/2.00/share/armgcc/bin/../lib/gcc/arm-none-eabi/9.3.1/../../../../arm-none-eabi/lib/thumb/v7-m/nofp\libnosys.a(_exit.o)
 .ARM.attributes
                0x000008db       0x2d c:/program files (x86)/embitz/2.00/share/armgcc/bin/../lib/gcc/arm-none-eabi/9.3.1/thumb/v7-m/nofp/crtend.o
 .ARM.attributes
                0x00000908       0x1d c:/program files (x86)/embitz/2.00/share/armgcc/bin/../lib/gcc/arm-none-eabi/9.3.1/thumb/v7-m/nofp/crtn.o

.comment        0x00000000       0x4c
 .comment       0x00000000       0x4c obj\debug\spl\src\delay.o
                                 0x4d (size before relaxing)
 .comment       0x0000004c       0x4d obj\debug\spl\src\driver_uart.o
 .comment       0x0000004c       0x4d obj\debug\spl\src\flash.o
 .comment       0x0000004c       0x4d obj\debug\spl\src\misc.o
 .comment       0x0000004c       0x4d obj\debug\spl\src\stm32f10x_flash.o
 .comment       0x0000004c       0x4d obj\debug\spl\src\stm32f10x_gpio.o
 .comment       0x0000004c       0x4d obj\debug\spl\src\stm32f10x_rcc.o
 .comment       0x0000004c       0x4d obj\debug\spl\src\stm32f10x_tim.o
 .comment       0x0000004c       0x4d obj\debug\spl\src\stm32f10x_usart.o
 .comment       0x0000004c       0x4d obj\debug\src\main.o
 .comment       0x0000004c       0x4d obj\debug\src\system_stm32f10x.o

.debug_info     0x00000000     0xbe35
 .debug_info    0x00000000      0x2ff obj\debug\spl\src\delay.o
 .debug_info    0x000002ff      0xb53 obj\debug\spl\src\driver_uart.o
 .debug_info    0x00000e52      0xecf obj\debug\spl\src\flash.o
 .debug_info    0x00001d21      0x5b6 obj\debug\spl\src\misc.o
 .debug_info    0x000022d7     0x1c67 obj\debug\spl\src\stm32f10x_flash.o
 .debug_info    0x00003f3e      0x952 obj\debug\spl\src\stm32f10x_gpio.o
 .debug_info    0x00004890      0xa46 obj\debug\spl\src\stm32f10x_rcc.o
 .debug_info    0x000052d6     0x29f9 obj\debug\spl\src\stm32f10x_tim.o
 .debug_info    0x00007ccf      0xc48 obj\debug\spl\src\stm32f10x_usart.o
 .debug_info    0x00008917     0x2fe0 obj\debug\src\main.o
 .debug_info    0x0000b8f7       0x26 obj\debug\src\startup_stm32f10x_md.o
 .debug_info    0x0000b91d      0x518 obj\debug\src\system_stm32f10x.o

.debug_abbrev   0x00000000     0x1e24
 .debug_abbrev  0x00000000      0x204 obj\debug\spl\src\delay.o
 .debug_abbrev  0x00000204      0x30b obj\debug\spl\src\driver_uart.o
 .debug_abbrev  0x0000050f      0x38c obj\debug\spl\src\flash.o
 .debug_abbrev  0x0000089b      0x1b0 obj\debug\spl\src\misc.o
 .debug_abbrev  0x00000a4b      0x2cc obj\debug\spl\src\stm32f10x_flash.o
 .debug_abbrev  0x00000d17      0x25c obj\debug\spl\src\stm32f10x_gpio.o
 .debug_abbrev  0x00000f73      0x2a8 obj\debug\spl\src\stm32f10x_rcc.o
 .debug_abbrev  0x0000121b      0x30f obj\debug\spl\src\stm32f10x_tim.o
 .debug_abbrev  0x0000152a      0x223 obj\debug\spl\src\stm32f10x_usart.o
 .debug_abbrev  0x0000174d      0x505 obj\debug\src\main.o
 .debug_abbrev  0x00001c52       0x14 obj\debug\src\startup_stm32f10x_md.o
 .debug_abbrev  0x00001c66      0x1be obj\debug\src\system_stm32f10x.o

.debug_loc      0x00000000     0x92ee
 .debug_loc     0x00000000       0x98 obj\debug\spl\src\delay.o
 .debug_loc     0x00000098      0x23b obj\debug\spl\src\driver_uart.o
 .debug_loc     0x000002d3      0x3f7 obj\debug\spl\src\flash.o
 .debug_loc     0x000006ca      0x18d obj\debug\spl\src\misc.o
 .debug_loc     0x00000857     0x37a1 obj\debug\spl\src\stm32f10x_flash.o
 .debug_loc     0x00003ff8      0xeff obj\debug\spl\src\stm32f10x_gpio.o
 .debug_loc     0x00004ef7      0x6fb obj\debug\spl\src\stm32f10x_rcc.o
 .debug_loc     0x000055f2     0x2199 obj\debug\spl\src\stm32f10x_tim.o
 .debug_loc     0x0000778b      0x915 obj\debug\spl\src\stm32f10x_usart.o
 .debug_loc     0x000080a0     0x1178 obj\debug\src\main.o
 .debug_loc     0x00009218       0xd6 obj\debug\src\system_stm32f10x.o

.debug_aranges  0x00000000      0x860
 .debug_aranges
                0x00000000       0x60 obj\debug\spl\src\delay.o
 .debug_aranges
                0x00000060       0x58 obj\debug\spl\src\driver_uart.o
 .debug_aranges
                0x000000b8       0x48 obj\debug\spl\src\flash.o
 .debug_aranges
                0x00000100       0x40 obj\debug\spl\src\misc.o
 .debug_aranges
                0x00000140       0xd8 obj\debug\spl\src\stm32f10x_flash.o
 .debug_aranges
                0x00000218       0xa8 obj\debug\spl\src\stm32f10x_gpio.o
 .debug_aranges
                0x000002c0      0x118 obj\debug\spl\src\stm32f10x_rcc.o
 .debug_aranges
                0x000003d8      0x2c0 obj\debug\spl\src\stm32f10x_tim.o
 .debug_aranges
                0x00000698      0x100 obj\debug\spl\src\stm32f10x_usart.o
 .debug_aranges
                0x00000798       0x80 obj\debug\src\main.o
 .debug_aranges
                0x00000818       0x20 obj\debug\src\startup_stm32f10x_md.o
 .debug_aranges
                0x00000838       0x28 obj\debug\src\system_stm32f10x.o

.debug_ranges   0x00000000     0x2040
 .debug_ranges  0x00000000       0xf8 obj\debug\spl\src\delay.o
 .debug_ranges  0x000000f8       0xc0 obj\debug\spl\src\driver_uart.o
 .debug_ranges  0x000001b8       0xc8 obj\debug\spl\src\flash.o
 .debug_ranges  0x00000280       0x30 obj\debug\spl\src\misc.o
 .debug_ranges  0x000002b0     0x11e8 obj\debug\spl\src\stm32f10x_flash.o
 .debug_ranges  0x00001498       0x98 obj\debug\spl\src\stm32f10x_gpio.o
 .debug_ranges  0x00001530      0x128 obj\debug\spl\src\stm32f10x_rcc.o
 .debug_ranges  0x00001658      0x508 obj\debug\spl\src\stm32f10x_tim.o
 .debug_ranges  0x00001b60       0xf0 obj\debug\spl\src\stm32f10x_usart.o
 .debug_ranges  0x00001c50      0x380 obj\debug\src\main.o
 .debug_ranges  0x00001fd0       0x70 obj\debug\src\system_stm32f10x.o

.debug_macro    0x00000000     0xfe2a
 .debug_macro   0x00000000      0x19e obj\debug\spl\src\delay.o
 .debug_macro   0x0000019e      0xab4 obj\debug\spl\src\delay.o
 .debug_macro   0x00000c52       0x5d obj\debug\spl\src\delay.o
 .debug_macro   0x00000caf       0x3a obj\debug\spl\src\delay.o
 .debug_macro   0x00000ce9       0x22 obj\debug\spl\src\delay.o
 .debug_macro   0x00000d0b       0x8e obj\debug\spl\src\delay.o
 .debug_macro   0x00000d99       0x51 obj\debug\spl\src\delay.o
 .debug_macro   0x00000dea      0x103 obj\debug\spl\src\delay.o
 .debug_macro   0x00000eed       0x6a obj\debug\spl\src\delay.o
 .debug_macro   0x00000f57      0x1df obj\debug\spl\src\delay.o
 .debug_macro   0x00001136       0x18 obj\debug\spl\src\delay.o
 .debug_macro   0x0000114e      0xa36 obj\debug\spl\src\delay.o
 .debug_macro   0x00001b84     0x7eb3 obj\debug\spl\src\delay.o
 .debug_macro   0x00009a37      0x2df obj\debug\spl\src\delay.o
 .debug_macro   0x00009d16      0x144 obj\debug\spl\src\delay.o
 .debug_macro   0x00009e5a      0x3cf obj\debug\spl\src\delay.o
 .debug_macro   0x0000a229       0xc8 obj\debug\spl\src\delay.o
 .debug_macro   0x0000a2f1      0x17a obj\debug\spl\src\delay.o
 .debug_macro   0x0000a46b       0xac obj\debug\spl\src\delay.o
 .debug_macro   0x0000a517      0x3ad obj\debug\spl\src\delay.o
 .debug_macro   0x0000a8c4       0x9a obj\debug\spl\src\delay.o
 .debug_macro   0x0000a95e      0x2cf obj\debug\spl\src\delay.o
 .debug_macro   0x0000ac2d      0x279 obj\debug\spl\src\delay.o
 .debug_macro   0x0000aea6      0x2ac obj\debug\spl\src\delay.o
 .debug_macro   0x0000b152      0x2b1 obj\debug\spl\src\delay.o
 .debug_macro   0x0000b403       0x64 obj\debug\spl\src\delay.o
 .debug_macro   0x0000b467       0x82 obj\debug\spl\src\delay.o
 .debug_macro   0x0000b4e9      0x3e2 obj\debug\spl\src\delay.o
 .debug_macro   0x0000b8cb       0x58 obj\debug\spl\src\delay.o
 .debug_macro   0x0000b923      0x341 obj\debug\spl\src\delay.o
 .debug_macro   0x0000bc64      0x2c4 obj\debug\spl\src\delay.o
 .debug_macro   0x0000bf28      0x711 obj\debug\spl\src\delay.o
 .debug_macro   0x0000c639      0x220 obj\debug\spl\src\delay.o
 .debug_macro   0x0000c859       0x34 obj\debug\spl\src\delay.o
 .debug_macro   0x0000c88d       0x8b obj\debug\spl\src\delay.o
 .debug_macro   0x0000c918       0x35 obj\debug\spl\src\delay.o
 .debug_macro   0x0000c94d      0x1a0 obj\debug\spl\src\driver_uart.o
 .debug_macro   0x0000caed      0x322 obj\debug\spl\src\flash.o
 .debug_macro   0x0000ce0f       0x64 obj\debug\spl\src\flash.o
 .debug_macro   0x0000ce73       0x18 obj\debug\spl\src\flash.o
 .debug_macro   0x0000ce8b       0x35 obj\debug\spl\src\flash.o
 .debug_macro   0x0000cec0       0x34 obj\debug\spl\src\flash.o
 .debug_macro   0x0000cef4      0x174 obj\debug\spl\src\flash.o
 .debug_macro   0x0000d068       0x16 obj\debug\spl\src\flash.o
 .debug_macro   0x0000d07e       0x43 obj\debug\spl\src\flash.o
 .debug_macro   0x0000d0c1       0x34 obj\debug\spl\src\flash.o
 .debug_macro   0x0000d0f5       0x10 obj\debug\spl\src\flash.o
 .debug_macro   0x0000d105       0x58 obj\debug\spl\src\flash.o
 .debug_macro   0x0000d15d      0x182 obj\debug\spl\src\flash.o
 .debug_macro   0x0000d2df      0x339 obj\debug\spl\src\flash.o
 .debug_macro   0x0000d618       0x10 obj\debug\spl\src\flash.o
 .debug_macro   0x0000d628       0x35 obj\debug\spl\src\flash.o
 .debug_macro   0x0000d65d       0x1c obj\debug\spl\src\flash.o
 .debug_macro   0x0000d679       0x10 obj\debug\spl\src\flash.o
 .debug_macro   0x0000d689       0x10 obj\debug\spl\src\flash.o
 .debug_macro   0x0000d699       0x1c obj\debug\spl\src\flash.o
 .debug_macro   0x0000d6b5       0x52 obj\debug\spl\src\flash.o
 .debug_macro   0x0000d707       0x22 obj\debug\spl\src\flash.o
 .debug_macro   0x0000d729       0x10 obj\debug\spl\src\flash.o
 .debug_macro   0x0000d739       0x40 obj\debug\spl\src\flash.o
 .debug_macro   0x0000d779       0xd5 obj\debug\spl\src\flash.o
 .debug_macro   0x0000d84e       0x1c obj\debug\spl\src\flash.o
 .debug_macro   0x0000d86a       0x3d obj\debug\spl\src\flash.o
 .debug_macro   0x0000d8a7       0x16 obj\debug\spl\src\flash.o
 .debug_macro   0x0000d8bd      0x16f obj\debug\spl\src\flash.o
 .debug_macro   0x0000da2c      0x19e obj\debug\spl\src\misc.o
 .debug_macro   0x0000dbca       0x85 obj\debug\spl\src\misc.o
 .debug_macro   0x0000dc4f      0x240 obj\debug\spl\src\stm32f10x_flash.o
 .debug_macro   0x0000de8f      0x2c9 obj\debug\spl\src\stm32f10x_flash.o
 .debug_macro   0x0000e158      0x1e6 obj\debug\spl\src\stm32f10x_gpio.o
 .debug_macro   0x0000e33e      0x2a6 obj\debug\spl\src\stm32f10x_gpio.o
 .debug_macro   0x0000e5e4      0x2b4 obj\debug\spl\src\stm32f10x_rcc.o
 .debug_macro   0x0000e898      0x3dc obj\debug\spl\src\stm32f10x_rcc.o
 .debug_macro   0x0000ec74      0x1b0 obj\debug\spl\src\stm32f10x_tim.o
 .debug_macro   0x0000ee24      0x70b obj\debug\spl\src\stm32f10x_tim.o
 .debug_macro   0x0000f52f      0x24c obj\debug\spl\src\stm32f10x_usart.o
 .debug_macro   0x0000f77b      0x21a obj\debug\spl\src\stm32f10x_usart.o
 .debug_macro   0x0000f995      0x2d8 obj\debug\src\main.o
 .debug_macro   0x0000fc6d       0x22 obj\debug\src\main.o
 .debug_macro   0x0000fc8f      0x19b obj\debug\src\system_stm32f10x.o

.debug_line     0x00000000     0xa01a
 .debug_line    0x00000000      0x64d obj\debug\spl\src\delay.o
 .debug_line    0x0000064d      0x78b obj\debug\spl\src\driver_uart.o
 .debug_line    0x00000dd8      0x9a6 obj\debug\spl\src\flash.o
 .debug_line    0x0000177e      0x561 obj\debug\spl\src\misc.o
 .debug_line    0x00001cdf     0x2474 obj\debug\spl\src\stm32f10x_flash.o
 .debug_line    0x00004153      0xdaf obj\debug\spl\src\stm32f10x_gpio.o
 .debug_line    0x00004f02      0xbcf obj\debug\spl\src\stm32f10x_rcc.o
 .debug_line    0x00005ad1     0x22c1 obj\debug\spl\src\stm32f10x_tim.o
 .debug_line    0x00007d92      0xb62 obj\debug\spl\src\stm32f10x_usart.o
 .debug_line    0x000088f4     0x1052 obj\debug\src\main.o
 .debug_line    0x00009946       0xa8 obj\debug\src\startup_stm32f10x_md.o
 .debug_line    0x000099ee      0x62c obj\debug\src\system_stm32f10x.o

.debug_str      0x00000000    0x56710
 .debug_str     0x00000000    0x4ee9b obj\debug\spl\src\delay.o
                              0x4f015 (size before relaxing)
 .debug_str     0x0004ee9b      0x724 obj\debug\spl\src\driver_uart.o
                              0x4f689 (size before relaxing)
 .debug_str     0x0004f5bf     0x3f32 obj\debug\spl\src\flash.o
                              0x52f80 (size before relaxing)
 .debug_str     0x000534f1      0x190 obj\debug\spl\src\misc.o
                              0x4f1c5 (size before relaxing)
 .debug_str     0x00053681      0x75c obj\debug\spl\src\stm32f10x_flash.o
                              0x4f74a (size before relaxing)
 .debug_str     0x00053ddd      0x484 obj\debug\spl\src\stm32f10x_gpio.o
                              0x4f54e (size before relaxing)
 .debug_str     0x00054261      0xb04 obj\debug\spl\src\stm32f10x_rcc.o
                              0x4fb1d (size before relaxing)
 .debug_str     0x00054d65      0xbf1 obj\debug\spl\src\stm32f10x_tim.o
                              0x4fc69 (size before relaxing)
 .debug_str     0x00055956      0x6fa obj\debug\spl\src\stm32f10x_usart.o
                              0x4f887 (size before relaxing)
 .debug_str     0x00056050      0x614 obj\debug\src\main.o
                              0x52b64 (size before relaxing)
 .debug_str     0x00056664       0x29 obj\debug\src\startup_stm32f10x_md.o
                                 0x3f (size before relaxing)
 .debug_str     0x0005668d       0x83 obj\debug\src\system_stm32f10x.o
                              0x4f0e8 (size before relaxing)

.debug_frame    0x00000000     0x1e54
 .debug_frame   0x00000000       0xc8 obj\debug\spl\src\delay.o
 .debug_frame   0x000000c8       0xe8 obj\debug\spl\src\driver_uart.o
 .debug_frame   0x000001b0       0xb4 obj\debug\spl\src\flash.o
 .debug_frame   0x00000264       0x6c obj\debug\spl\src\misc.o
 .debug_frame   0x000002d0      0x288 obj\debug\spl\src\stm32f10x_flash.o
 .debug_frame   0x00000558      0x1b0 obj\debug\spl\src\stm32f10x_gpio.o
 .debug_frame   0x00000708      0x228 obj\debug\spl\src\stm32f10x_rcc.o
 .debug_frame   0x00000930      0x730 obj\debug\spl\src\stm32f10x_tim.o
 .debug_frame   0x00001060      0x258 obj\debug\spl\src\stm32f10x_usart.o
 .debug_frame   0x000012b8      0x1c8 obj\debug\src\main.o
 .debug_frame   0x00001480       0x48 obj\debug\src\system_stm32f10x.o
 .debug_frame   0x000014c8       0x28 c:/program files (x86)/embitz/2.00/share/armgcc/bin/../lib/gcc/arm-none-eabi/9.3.1/../../../../arm-none-eabi/lib/thumb/v7-m/nofp\libg_nano.a(lib_a-exit.o)
 .debug_frame   0x000014f0       0x2c c:/program files (x86)/embitz/2.00/share/armgcc/bin/../lib/gcc/arm-none-eabi/9.3.1/../../../../arm-none-eabi/lib/thumb/v7-m/nofp\libg_nano.a(lib_a-init.o)
 .debug_frame   0x0000151c       0x20 c:/program files (x86)/embitz/2.00/share/armgcc/bin/../lib/gcc/arm-none-eabi/9.3.1/../../../../arm-none-eabi/lib/thumb/v7-m/nofp\libg_nano.a(lib_a-memset.o)
 .debug_frame   0x0000153c       0x74 c:/program files (x86)/embitz/2.00/share/armgcc/bin/../lib/gcc/arm-none-eabi/9.3.1/../../../../arm-none-eabi/lib/thumb/v7-m/nofp\libg_nano.a(lib_a-printf.o)
 .debug_frame   0x000015b0       0x20 c:/program files (x86)/embitz/2.00/share/armgcc/bin/../lib/gcc/arm-none-eabi/9.3.1/../../../../arm-none-eabi/lib/thumb/v7-m/nofp\libg_nano.a(lib_a-strchr.o)
 .debug_frame   0x000015d0       0x20 c:/program files (x86)/embitz/2.00/share/armgcc/bin/../lib/gcc/arm-none-eabi/9.3.1/../../../../arm-none-eabi/lib/thumb/v7-m/nofp\libg_nano.a(lib_a-strcpy.o)
 .debug_frame   0x000015f0       0x30 c:/program files (x86)/embitz/2.00/share/armgcc/bin/../lib/gcc/arm-none-eabi/9.3.1/../../../../arm-none-eabi/lib/thumb/v7-m/nofp\libg_nano.a(lib_a-strstr.o)
 .debug_frame   0x00001620      0x14c c:/program files (x86)/embitz/2.00/share/armgcc/bin/../lib/gcc/arm-none-eabi/9.3.1/../../../../arm-none-eabi/lib/thumb/v7-m/nofp\libg_nano.a(lib_a-findfp.o)
 .debug_frame   0x0000176c       0x54 c:/program files (x86)/embitz/2.00/share/armgcc/bin/../lib/gcc/arm-none-eabi/9.3.1/../../../../arm-none-eabi/lib/thumb/v7-m/nofp\libg_nano.a(lib_a-fwalk.o)
 .debug_frame   0x000017c0       0xb0 c:/program files (x86)/embitz/2.00/share/armgcc/bin/../lib/gcc/arm-none-eabi/9.3.1/../../../../arm-none-eabi/lib/thumb/v7-m/nofp\libg_nano.a(lib_a-lock.o)
 .debug_frame   0x00001870       0x30 c:/program files (x86)/embitz/2.00/share/armgcc/bin/../lib/gcc/arm-none-eabi/9.3.1/../../../../arm-none-eabi/lib/thumb/v7-m/nofp\libg_nano.a(lib_a-nano-mallocr.o)
 .debug_frame   0x000018a0       0xac c:/program files (x86)/embitz/2.00/share/armgcc/bin/../lib/gcc/arm-none-eabi/9.3.1/../../../../arm-none-eabi/lib/thumb/v7-m/nofp\libg_nano.a(lib_a-nano-vfprintf.o)
 .debug_frame   0x0000194c       0x60 c:/program files (x86)/embitz/2.00/share/armgcc/bin/../lib/gcc/arm-none-eabi/9.3.1/../../../../arm-none-eabi/lib/thumb/v7-m/nofp\libg_nano.a(lib_a-nano-vfprintf_i.o)
 .debug_frame   0x000019ac       0x2c c:/program files (x86)/embitz/2.00/share/armgcc/bin/../lib/gcc/arm-none-eabi/9.3.1/../../../../arm-none-eabi/lib/thumb/v7-m/nofp\libg_nano.a(lib_a-sbrkr.o)
 .debug_frame   0x000019d8       0x88 c:/program files (x86)/embitz/2.00/share/armgcc/bin/../lib/gcc/arm-none-eabi/9.3.1/../../../../arm-none-eabi/lib/thumb/v7-m/nofp\libg_nano.a(lib_a-stdio.o)
 .debug_frame   0x00001a60       0x40 c:/program files (x86)/embitz/2.00/share/armgcc/bin/../lib/gcc/arm-none-eabi/9.3.1/../../../../arm-none-eabi/lib/thumb/v7-m/nofp\libg_nano.a(lib_a-wbuf.o)
 .debug_frame   0x00001aa0       0x2c c:/program files (x86)/embitz/2.00/share/armgcc/bin/../lib/gcc/arm-none-eabi/9.3.1/../../../../arm-none-eabi/lib/thumb/v7-m/nofp\libg_nano.a(lib_a-writer.o)
 .debug_frame   0x00001acc       0x2c c:/program files (x86)/embitz/2.00/share/armgcc/bin/../lib/gcc/arm-none-eabi/9.3.1/../../../../arm-none-eabi/lib/thumb/v7-m/nofp\libg_nano.a(lib_a-wsetup.o)
 .debug_frame   0x00001af8       0x2c c:/program files (x86)/embitz/2.00/share/armgcc/bin/../lib/gcc/arm-none-eabi/9.3.1/../../../../arm-none-eabi/lib/thumb/v7-m/nofp\libg_nano.a(lib_a-closer.o)
 .debug_frame   0x00001b24       0x5c c:/program files (x86)/embitz/2.00/share/armgcc/bin/../lib/gcc/arm-none-eabi/9.3.1/../../../../arm-none-eabi/lib/thumb/v7-m/nofp\libg_nano.a(lib_a-fflush.o)
 .debug_frame   0x00001b80       0x2c c:/program files (x86)/embitz/2.00/share/armgcc/bin/../lib/gcc/arm-none-eabi/9.3.1/../../../../arm-none-eabi/lib/thumb/v7-m/nofp\libg_nano.a(lib_a-lseekr.o)
 .debug_frame   0x00001bac       0x58 c:/program files (x86)/embitz/2.00/share/armgcc/bin/../lib/gcc/arm-none-eabi/9.3.1/../../../../arm-none-eabi/lib/thumb/v7-m/nofp\libg_nano.a(lib_a-makebuf.o)
 .debug_frame   0x00001c04       0x28 c:/program files (x86)/embitz/2.00/share/armgcc/bin/../lib/gcc/arm-none-eabi/9.3.1/../../../../arm-none-eabi/lib/thumb/v7-m/nofp\libg_nano.a(lib_a-memchr-stub.o)
 .debug_frame   0x00001c2c       0x30 c:/program files (x86)/embitz/2.00/share/armgcc/bin/../lib/gcc/arm-none-eabi/9.3.1/../../../../arm-none-eabi/lib/thumb/v7-m/nofp\libg_nano.a(lib_a-mlock.o)
 .debug_frame   0x00001c5c       0x38 c:/program files (x86)/embitz/2.00/share/armgcc/bin/../lib/gcc/arm-none-eabi/9.3.1/../../../../arm-none-eabi/lib/thumb/v7-m/nofp\libg_nano.a(lib_a-nano-freer.o)
 .debug_frame   0x00001c94       0x2c c:/program files (x86)/embitz/2.00/share/armgcc/bin/../lib/gcc/arm-none-eabi/9.3.1/../../../../arm-none-eabi/lib/thumb/v7-m/nofp\libg_nano.a(lib_a-readr.o)
 .debug_frame   0x00001cc0       0x5c c:/program files (x86)/embitz/2.00/share/armgcc/bin/../lib/gcc/arm-none-eabi/9.3.1/../../../../arm-none-eabi/lib/thumb/v7-m/nofp\libg_nano.a(lib_a-reent.o)
 .debug_frame   0x00001d1c       0x2c c:/program files (x86)/embitz/2.00/share/armgcc/bin/../lib/gcc/arm-none-eabi/9.3.1/../../../../arm-none-eabi/lib/thumb/v7-m/nofp\libg_nano.a(lib_a-fstatr.o)
 .debug_frame   0x00001d48       0x2c c:/program files (x86)/embitz/2.00/share/armgcc/bin/../lib/gcc/arm-none-eabi/9.3.1/../../../../arm-none-eabi/lib/thumb/v7-m/nofp\libg_nano.a(lib_a-isattyr.o)
 .debug_frame   0x00001d74       0x20 c:/program files (x86)/embitz/2.00/share/armgcc/bin/../lib/gcc/arm-none-eabi/9.3.1/../../../../arm-none-eabi/lib/thumb/v7-m/nofp\libnosys.a(close.o)
 .debug_frame   0x00001d94       0x20 c:/program files (x86)/embitz/2.00/share/armgcc/bin/../lib/gcc/arm-none-eabi/9.3.1/../../../../arm-none-eabi/lib/thumb/v7-m/nofp\libnosys.a(fstat.o)
 .debug_frame   0x00001db4       0x20 c:/program files (x86)/embitz/2.00/share/armgcc/bin/../lib/gcc/arm-none-eabi/9.3.1/../../../../arm-none-eabi/lib/thumb/v7-m/nofp\libnosys.a(isatty.o)
 .debug_frame   0x00001dd4       0x20 c:/program files (x86)/embitz/2.00/share/armgcc/bin/../lib/gcc/arm-none-eabi/9.3.1/../../../../arm-none-eabi/lib/thumb/v7-m/nofp\libnosys.a(lseek.o)
 .debug_frame   0x00001df4       0x20 c:/program files (x86)/embitz/2.00/share/armgcc/bin/../lib/gcc/arm-none-eabi/9.3.1/../../../../arm-none-eabi/lib/thumb/v7-m/nofp\libnosys.a(read.o)
 .debug_frame   0x00001e14       0x20 c:/program files (x86)/embitz/2.00/share/armgcc/bin/../lib/gcc/arm-none-eabi/9.3.1/../../../../arm-none-eabi/lib/thumb/v7-m/nofp\libnosys.a(sbrk.o)
 .debug_frame   0x00001e34       0x20 c:/program files (x86)/embitz/2.00/share/armgcc/bin/../lib/gcc/arm-none-eabi/9.3.1/../../../../arm-none-eabi/lib/thumb/v7-m/nofp\libnosys.a(_exit.o)

.stab           0x00000000       0x84
 .stab          0x00000000       0x24 c:/program files (x86)/embitz/2.00/share/armgcc/bin/../lib/gcc/arm-none-eabi/9.3.1/../../../../arm-none-eabi/lib/thumb/v7-m/nofp\libnosys.a(close.o)
 .stab          0x00000024       0x18 c:/program files (x86)/embitz/2.00/share/armgcc/bin/../lib/gcc/arm-none-eabi/9.3.1/../../../../arm-none-eabi/lib/thumb/v7-m/nofp\libnosys.a(fstat.o)
                                 0x24 (size before relaxing)
 .stab          0x0000003c       0x18 c:/program files (x86)/embitz/2.00/share/armgcc/bin/../lib/gcc/arm-none-eabi/9.3.1/../../../../arm-none-eabi/lib/thumb/v7-m/nofp\libnosys.a(isatty.o)
                                 0x24 (size before relaxing)
 .stab          0x00000054       0x18 c:/program files (x86)/embitz/2.00/share/armgcc/bin/../lib/gcc/arm-none-eabi/9.3.1/../../../../arm-none-eabi/lib/thumb/v7-m/nofp\libnosys.a(lseek.o)
                                 0x24 (size before relaxing)
 .stab          0x0000006c       0x18 c:/program files (x86)/embitz/2.00/share/armgcc/bin/../lib/gcc/arm-none-eabi/9.3.1/../../../../arm-none-eabi/lib/thumb/v7-m/nofp\libnosys.a(read.o)
                                 0x24 (size before relaxing)

.stabstr        0x00000000      0x117
 .stabstr       0x00000000      0x117 c:/program files (x86)/embitz/2.00/share/armgcc/bin/../lib/gcc/arm-none-eabi/9.3.1/../../../../arm-none-eabi/lib/thumb/v7-m/nofp\libnosys.a(close.o)
